Archive member included to satisfy reference by file (symbol)

C:/Program Files (x86)/ABOV/eMStudio32/bin/13.2 Rel1/bin/../lib/gcc/arm-none-eabi/13.2.1/thumb/v7e-m/nofp\libgcc.a(_arm_muldf3.o)
                              ./Main/Libraries/LISDE12TR/lis2de12.o (__aeabi_dmul)
C:/Program Files (x86)/ABOV/eMStudio32/bin/13.2 Rel1/bin/../lib/gcc/arm-none-eabi/13.2.1/thumb/v7e-m/nofp\libgcc.a(_arm_mulsf3.o)
                              ./Main/Libraries/LISDE12TR/LIS2DE12_app.o (__aeabi_fmul)
C:/Program Files (x86)/ABOV/eMStudio32/bin/13.2 Rel1/bin/../lib/gcc/arm-none-eabi/13.2.1/thumb/v7e-m/nofp\libgcc.a(_arm_addsubdf3.o)
                              ./Main/Libraries/LISDE12TR/lis2de12.o (__aeabi_dadd)
C:/Program Files (x86)/ABOV/eMStudio32/bin/13.2 Rel1/bin/../lib/gcc/arm-none-eabi/13.2.1/thumb/v7e-m/nofp\libgcc.a(_arm_fixunsdfsi.o)
                              ./Main/Libraries/LISDE12TR/lis2de12.o (__aeabi_d2uiz)
C:/Program Files (x86)/ABOV/eMStudio32/bin/13.2 Rel1/bin/../lib/gcc/arm-none-eabi/13.2.1/thumb/v7e-m/nofp\libgcc.a(_arm_addsubsf3.o)
                              ./Main/Libraries/LISDE12TR/lis2de12.o (__aeabi_fadd)
C:/Program Files (x86)/ABOV/eMStudio32/bin/13.2 Rel1/bin/../lib/gcc/arm-none-eabi/13.2.1/thumb/v7e-m/nofp\libgcc.a(_arm_fixsfsi.o)
                              ./Main/Libraries/LISDE12TR/LIS2DE12_app.o (__aeabi_f2iz)
C:/Program Files (x86)/ABOV/eMStudio32/bin/13.2 Rel1/bin/../lib/gcc/arm-none-eabi/13.2.1/thumb/v7e-m/nofp\libgcc.a(_aeabi_uldivmod.o)
                              ./Main/Libraries/Sensor/sensor.o (__aeabi_uldivmod)
C:/Program Files (x86)/ABOV/eMStudio32/bin/13.2 Rel1/bin/../lib/gcc/arm-none-eabi/13.2.1/thumb/v7e-m/nofp\libgcc.a(_udivmoddi4.o)
                              C:/Program Files (x86)/ABOV/eMStudio32/bin/13.2 Rel1/bin/../lib/gcc/arm-none-eabi/13.2.1/thumb/v7e-m/nofp\libgcc.a(_aeabi_uldivmod.o) (__udivmoddi4)
C:/Program Files (x86)/ABOV/eMStudio32/bin/13.2 Rel1/bin/../lib/gcc/arm-none-eabi/13.2.1/thumb/v7e-m/nofp\libgcc.a(_dvmd_tls.o)
                              C:/Program Files (x86)/ABOV/eMStudio32/bin/13.2 Rel1/bin/../lib/gcc/arm-none-eabi/13.2.1/thumb/v7e-m/nofp\libgcc.a(_aeabi_uldivmod.o) (__aeabi_ldiv0)
C:/Program Files (x86)/ABOV/eMStudio32/bin/13.2 Rel1/bin/../lib/gcc/arm-none-eabi/13.2.1/thumb/v7e-m/nofp\libg_nano.a(libc_a-exit.o)
                              C:/Program Files (x86)/ABOV/eMStudio32/bin/13.2 Rel1/bin/../lib/gcc/arm-none-eabi/13.2.1/thumb/v7e-m/nofp/crt0.o (exit)
C:/Program Files (x86)/ABOV/eMStudio32/bin/13.2 Rel1/bin/../lib/gcc/arm-none-eabi/13.2.1/thumb/v7e-m/nofp\libg_nano.a(libc_a-ctype_.o)
                              ./Main/Libraries/MQTT_Library/mqtt_core.o (_ctype_)
C:/Program Files (x86)/ABOV/eMStudio32/bin/13.2 Rel1/bin/../lib/gcc/arm-none-eabi/13.2.1/thumb/v7e-m/nofp\libg_nano.a(libc_a-findfp.o)
                              C:/Program Files (x86)/ABOV/eMStudio32/bin/13.2 Rel1/bin/../lib/gcc/arm-none-eabi/13.2.1/thumb/v7e-m/nofp\libg_nano.a(libc_a-exit.o) (__stdio_exit_handler)
C:/Program Files (x86)/ABOV/eMStudio32/bin/13.2 Rel1/bin/../lib/gcc/arm-none-eabi/13.2.1/thumb/v7e-m/nofp\libg_nano.a(libc_a-fwalk.o)
                              C:/Program Files (x86)/ABOV/eMStudio32/bin/13.2 Rel1/bin/../lib/gcc/arm-none-eabi/13.2.1/thumb/v7e-m/nofp\libg_nano.a(libc_a-findfp.o) (_fwalk_sglue)
C:/Program Files (x86)/ABOV/eMStudio32/bin/13.2 Rel1/bin/../lib/gcc/arm-none-eabi/13.2.1/thumb/v7e-m/nofp\libg_nano.a(libc_a-snprintf.o)
                              ./Main/Libraries/Sensor/sensor.o (snprintf)
C:/Program Files (x86)/ABOV/eMStudio32/bin/13.2 Rel1/bin/../lib/gcc/arm-none-eabi/13.2.1/thumb/v7e-m/nofp\libg_nano.a(libc_a-sprintf.o)
                              ./Main/Libraries/MQTT_Library/mqtt_core.o (sprintf)
C:/Program Files (x86)/ABOV/eMStudio32/bin/13.2 Rel1/bin/../lib/gcc/arm-none-eabi/13.2.1/thumb/v7e-m/nofp\libg_nano.a(libc_a-stdio.o)
                              C:/Program Files (x86)/ABOV/eMStudio32/bin/13.2 Rel1/bin/../lib/gcc/arm-none-eabi/13.2.1/thumb/v7e-m/nofp\libg_nano.a(libc_a-findfp.o) (__sread)
C:/Program Files (x86)/ABOV/eMStudio32/bin/13.2 Rel1/bin/../lib/gcc/arm-none-eabi/13.2.1/thumb/v7e-m/nofp\libg_nano.a(libc_a-vsnprintf.o)
                              ./Main/Libraries/DebugLibrary/debug_framework.o (vsnprintf)
C:/Program Files (x86)/ABOV/eMStudio32/bin/13.2 Rel1/bin/../lib/gcc/arm-none-eabi/13.2.1/thumb/v7e-m/nofp\libg_nano.a(libc_a-memcmp.o)
                              ./Main/Libraries/MEIG_SLM3XX/slm320.o (memcmp)
C:/Program Files (x86)/ABOV/eMStudio32/bin/13.2 Rel1/bin/../lib/gcc/arm-none-eabi/13.2.1/thumb/v7e-m/nofp\libg_nano.a(libc_a-memset.o)
                              C:/Program Files (x86)/ABOV/eMStudio32/bin/13.2 Rel1/bin/../lib/gcc/arm-none-eabi/13.2.1/thumb/v7e-m/nofp/crt0.o (memset)
C:/Program Files (x86)/ABOV/eMStudio32/bin/13.2 Rel1/bin/../lib/gcc/arm-none-eabi/13.2.1/thumb/v7e-m/nofp\libg_nano.a(libc_a-strchr.o)
[...]
Memory Configuration

Name             Origin             Length             Attributes
FLASH            0x00000000         0x00200000         xr
RAM              0x20000000         0x00040000         xrw
*default*        0x00000000         0xffffffff

Linker script and memory map

LOAD C:/Program Files (x86)/ABOV/eMStudio32/bin/13.2 Rel1/bin/../lib/gcc/arm-none-eabi/13.2.1/thumb/v7e-m/nofp/crti.o
LOAD C:/Program Files (x86)/ABOV/eMStudio32/bin/13.2 Rel1/bin/../lib/gcc/arm-none-eabi/13.2.1/thumb/v7e-m/nofp/crtbegin.o
LOAD C:/Program Files (x86)/ABOV/eMStudio32/bin/13.2 Rel1/bin/../lib/gcc/arm-none-eabi/13.2.1/thumb/v7e-m/nofp/crt0.o
LOAD ./Main/Libraries/cert_Lib/mqtt_cert_provision.o
LOAD ./Main/Libraries/cert_Lib/mqtt_certs.o
LOAD ./Main/Libraries/UserButton/user_button.o
LOAD ./Main/Libraries/UserButton/user_button_isr.o
LOAD ./Main/Libraries/Sensor/sensor.o
LOAD ./Main/Libraries/SHT40/SHT40_app.o
LOAD ./Main/Libraries/SHT40/sensirion_common.o
LOAD ./Main/Libraries/SHT40/sensirion_i2c.o
LOAD ./Main/Libraries/SHT40/sensirion_i2c_hal.o
LOAD ./Main/Libraries/SHT40/sht4x_i2c.o
LOAD ./Main/Libraries/MQTT_Library/EMPA_MqttAws.o
LOAD ./Main/Libraries/MQTT_Library/mqtt_core.o
LOAD ./Main/Libraries/MQTT_Library/mqtt_port_abov.o
LOAD ./Main/Libraries/MP23ABS1/mp23abs1_sensor.o
LOAD ./Main/Libraries/MEIG_SLM3XX/EMPA_Slm320.o
LOAD ./Main/Libraries/MEIG_SLM3XX/slm320.o
LOAD ./Main/Libraries/LISDE12TR/LIS2DE12_app.o
LOAD ./Main/Libraries/LISDE12TR/lis2de12.o
LOAD ./Main/Libraries/ESP32_AT_Test/ESP32_AT_Test.o
LOAD ./Main/Libraries/DebugLibrary/debug_framework.o
LOAD ./Main/Libraries/BatteryReading/battery_reading.o
LOAD ./Main/main.o
LOAD ./Main/prv_scu_clk.o
LOAD ./Main/prv_user_code.o
LOAD ./Main/user_adc.o
LOAD ./Main/user_adc_isr.o
LOAD ./Main/user_i2c.o
LOAD ./Main/user_i2c_isr.o
LOAD ./Main/user_timer1.o
LOAD ./Main/user_timer1_isr.o
LOAD ./Main/user_uart.o
LOAD ./Main/user_uart_isr.o
LOAD ./HAL/WDT/hal_wdt.o
LOAD ./HAL/VREFBUF/hal_vrefbuf.o
LOAD ./HAL/USART/hal_usart.o
LOAD ./HAL/UART/hal_uart.o
LOAD ./HAL/Timer1/hal_timer1.o
LOAD ./HAL/SPI/hal_spi.o
LOAD ./HAL/SCU/hal_scu.o
LOAD ./HAL/SCU/hal_scu_clk.o
LOAD ./HAL/SCU/hal_scu_lvd.o
LOAD ./HAL/SCU/hal_scu_pwr.o
LOAD ./HAL/RTC/hal_rtc.o
LOAD ./HAL/RNG/hal_rng.o
LOAD ./HAL/QSPI/hal_qspi.o
LOAD ./HAL/QEI/hal_qei.o
LOAD ./HAL/PWM/hal_pwm.o
LOAD ./HAL/PGA/hal_pga.o
LOAD ./HAL/PCU/hal_pcu.o
LOAD ./HAL/MPWM/hal_mpwm.o
LOAD ./HAL/LPUART/hal_lpuart.o
LOAD ./HAL/LCD/hal_lcd.o
LOAD ./HAL/I2C/hal_i2c.o
LOAD ./HAL/HPL/NMI/hpl_nmi.o
LOAD ./HAL/HPL/DMA/hpl_dma.o
LOAD ./HAL/FRT/hal_frt.o
LOAD ./HAL/FMC/hal_fmc.o
LOAD ./HAL/DAC/hal_dac.o
LOAD ./HAL/CRC/hal_crc.o
LOAD ./HAL/CMP/hal_cmp.o
LOAD ./HAL/AES/hal_aes.o
LOAD ./HAL/ADC/hal_adc.o
LOAD ./Debug/Source/debug.o
LOAD ./Debug/Source/debug_cmd.o
LOAD ./Debug/Source/debug_hardfault.o
LOAD ./Debug/Source/debug_log.o
LOAD ./Debug/Source/debug_retarget.o
LOAD ./Debug/Source/debug_serial.o
LOAD ./ABOV/Source/startup_a34xxxx.o
LOAD ./ABOV/Source/system_a34xxxx.o
START GROUP
LOAD C:/Program Files (x86)/ABOV/eMStudio32/bin/13.2 Rel1/bin/../lib/gcc/arm-none-eabi/13.2.1/thumb/v7e-m/nofp\libgcc.a
LOAD C:/Program Files (x86)/ABOV/eMStudio32/bin/13.2 Rel1/bin/../lib/gcc/arm-none-eabi/13.2.1/thumb/v7e-m/nofp\libg_nano.a
LOAD C:/Program Files (x86)/ABOV/eMStudio32/bin/13.2 Rel1/bin/../lib/gcc/arm-none-eabi/13.2.1/thumb/v7e-m/nofp\libc_nano.a
END GROUP
START GROUP
LOAD C:/Program Files (x86)/ABOV/eMStudio32/bin/13.2 Rel1/bin/../lib/gcc/arm-none-eabi/13.2.1/thumb/v7e-m/nofp\libgcc.a
LOAD C:/Program Files (x86)/ABOV/eMStudio32/bin/13.2 Rel1/bin/../lib/gcc/arm-none-eabi/13.2.1/thumb/v7e-m/nofp\libc_nano.a
LOAD C:/Program Files (x86)/ABOV/eMStudio32/bin/13.2 Rel1/bin/../lib/gcc/arm-none-eabi/13.2.1/thumb/v7e-m/nofp\libnosys.a
END GROUP
START GROUP
LOAD C:/Program Files (x86)/ABOV/eMStudio32/bin/13.2 Rel1/bin/../lib/gcc/arm-none-eabi/13.2.1/thumb/v7e-m/nofp\libgcc.a
LOAD C:/Program Files (x86)/ABOV/eMStudio32/bin/13.2 Rel1/bin/../lib/gcc/arm-none-eabi/13.2.1/thumb/v7e-m/nofp\libc_nano.a
LOAD C:/Program Files (x86)/ABOV/eMStudio32/bin/13.2 Rel1/bin/../lib/gcc/arm-none-eabi/13.2.1/thumb/v7e-m/nofp\libnosys.a
END GROUP
LOAD C:/Program Files (x86)/ABOV/eMStudio32/bin/13.2 Rel1/bin/../lib/gcc/arm-none-eabi/13.2.1/thumb/v7e-m/nofp/crtend.o
LOAD C:/Program Files (x86)/ABOV/eMStudio32/bin/13.2 Rel1/bin/../lib/gcc/arm-none-eabi/13.2.1/thumb/v7e-m/nofp/crtn.o
                0x00000000                        __ROM_BASE = 0x0
                0x00200000                        __ROM_SIZE = 0x200000
                0x20000000                        __RAM_BASE = 0x20000000
                0x00040000                        __RAM_SIZE = 0x40000
                0x00000400                        __STACK_SIZE = 0x400
                0x00000400                        __HEAP_SIZE = 0x400

.text           0x00000000     0x8f8c
 *(.vectors)
 .vectors       0x00000000      0x3c0 ./ABOV/Source/startup_a34xxxx.o
                0x00000000                __Vectors
 *(.text*)
 .text.deregister_tm_clones
                0x000003c0       0x1c C:/Program Files (x86)/ABOV/eMStudio32/bin/13.2 Rel1/bin/../lib/gcc/arm-none-eabi/13.2.1/thumb/v7e-m/nofp/crtbegin.o
 .text.register_tm_clones
                0x000003dc       0x24 C:/Program Files (x86)/ABOV/eMStudio32/bin/13.2 Rel1/bin/../lib/gcc/arm-none-eabi/13.2.1/thumb/v7e-m/nofp/crtbegin.o
 .text.__do_global_dtors_aux
                0x00000400       0x28 C:/Program Files (x86)/ABOV/eMStudio32/bin/13.2 Rel1/bin/../lib/gcc/arm-none-eabi/13.2.1/thumb/v7e-m/nofp/crtbegin.o
 .text.frame_dummy
                0x00000428       0x24 C:/Program Files (x86)/ABOV/eMStudio32/bin/13.2 Rel1/bin/../lib/gcc/arm-none-eabi/13.2.1/thumb/v7e-m/nofp/crtbegin.o
 .text          0x0000044c       0x7c C:/Program Files (x86)/ABOV/eMStudio32/bin/13.2 Rel1/bin/../lib/gcc/arm-none-eabi/13.2.1/thumb/v7e-m/nofp/crt0.o
                0x0000044c                _stack_init
                0x00000454                _start
                0x00000454                _mainCRTStartup
 .text.prov_wait_long_press
                0x000004c8       0x20 ./Main/Libraries/cert_Lib/mqtt_cert_provision.o
 .text.MqttCertProv_Run
                0x000004e8       0x84 ./Main/Libraries/cert_Lib/mqtt_cert_provision.o
                0x000004e8                MqttCertProv_Run
 .text.cert_pem_valid
                0x0000056c       0x10 ./Main/Libraries/cert_Lib/mqtt_certs.o
 .text.cert_strnlen
                0x0000057c       0x14 ./Main/Libraries/cert_Lib/mqtt_certs.o
 .text.cert_flash_has_data
                0x00000590       0x12 ./Main/Libraries/cert_Lib/mqtt_certs.o
 *fill*         0x000005a2        0x2 
 .text.mqtt_certs_load
                0x000005a4       0xc0 ./Main/Libraries/cert_Lib/mqtt_certs.o
 .text.MqttCerts_GetRootCA
                0x00000664       0x20 ./Main/Libraries/cert_Lib/mqtt_certs.o
                0x00000664                MqttCerts_GetRootCA
 .text.MqttCerts_GetClientCert
                0x00000684       0x20 ./Main/Libraries/cert_Lib/mqtt_certs.o
                0x00000684                MqttCerts_GetClientCert
 .text.MqttCerts_GetPrivateKey
                0x000006a4       0x20 ./Main/Libraries/cert_Lib/mqtt_certs.o
                0x000006a4                MqttCerts_GetPrivateKey
 .text.MqttCerts_GetRootCALen
                0x000006c4       0x10 ./Main/Libraries/cert_Lib/mqtt_certs.o
                0x000006c4                MqttCerts_GetRootCALen
 .text.MqttCerts_GetClientCertLen
                0x000006d4       0x10 ./Main/Libraries/cert_Lib/mqtt_certs.o
                0x000006d4                MqttCerts_GetClientCertLen
 .text.MqttCerts_GetPrivateKeyLen
                0x000006e4       0x10 ./Main/Libraries/cert_Lib/mqtt_certs.o
                0x000006e4                MqttCerts_GetPrivateKeyLen
 .text.MqttCerts_HasEmbedded
                0x000006f4       0x2c ./Main/Libraries/cert_Lib/mqtt_certs.o
                0x000006f4                MqttCerts_HasEmbedded
 .text.MqttCerts_EraseFlash
                0x00000720       0x8c ./Main/Libraries/cert_Lib/mqtt_certs.o
                0x00000720                MqttCerts_EraseFlash
 .text.MqttCerts_LogFlashIfPresent
                0x000007ac       0xb8 ./Main/Libraries/cert_Lib/mqtt_certs.o
                0x000007ac                MqttCerts_LogFlashIfPresent
 .text.MqttCerts_LogStorage
                0x00000864       0xf0 ./Main/Libraries/cert_Lib/mqtt_certs.o
                0x00000864                MqttCerts_LogStorage
 .text.UserButton_ReadPressed
                0x00000954       0x2e ./Main/Libraries/UserButton/user_button.o
 *fill*         0x00000982        0x2 
 .text.UserButton_SetAllLeds
                0x00000984       0x3c ./Main/Libraries/UserButton/user_button.o
 .text.UserButton_UpdateLeds
                0x000009c0       0x1c ./Main/Libraries/UserButton/user_button.o
 .text.UserButton_HandleEdge
                0x000009dc       0x60 ./Main/Libraries/UserButton/user_button.o
 .text.UserButton_OnInterrupt
                0x00000a3c       0x10 ./Main/Libraries/UserButton/user_button.o
                0x00000a3c                UserButton_OnInterrupt
 .text.UserButton_Tick1ms
                0x00000a4c       0x40 ./Main/Libraries/UserButton/user_button.o
                0x00000a4c                UserButton_Tick1ms
 .text.UserButton_Init
                0x00000a8c       0x90 ./Main/Libraries/UserButton/user_button.o
                0x00000a8c                UserButton_Init
 .text.UserButton_ConsumeLongPress
                0x00000b1c       0x18 ./Main/Libraries/UserButton/user_button.o
                0x00000b1c                UserButton_ConsumeLongPress
 .text.PCU_IRQHandler_PCU_ID_C
                0x00000b34        0x8 ./Main/Libraries/UserButton/user_button_isr.o
                0x00000b34                PCU_IRQHandler_PCU_ID_C
 .text.Compute_RMS
                0x00000b3c       0x96 ./Main/Libraries/Sensor/sensor.o
 .text.s_led_on
                0x00000bd2        0xa ./Main/Libraries/Sensor/sensor.o
 .text.s_led_off
                0x00000bdc        0xa ./Main/Libraries/Sensor/sensor.o
 *fill*         0x00000be6        0x2 
 .text.MP23ABS1_BufferReady_Callback
                0x00000be8        0xc ./Main/Libraries/Sensor/sensor.o
                0x00000be8                MP23ABS1_BufferReady_Callback
 .text.Sensor_LEDTest
                0x00000bf4       0x8c ./Main/Libraries/Sensor/sensor.o
                0x00000bf4                Sensor_LEDTest
 .text.Sensor_TestAll
                0x00000c80      0x13c ./Main/Libraries/Sensor/sensor.o
                0x00000c80                Sensor_TestAll
 .text.Sensor_ReadOnly
                0x00000dbc       0xbc ./Main/Libraries/Sensor/sensor.o
                0x00000dbc                Sensor_ReadOnly
 .text.Sensor_FormatJSON
                0x00000e78       0xc4 ./Main/Libraries/Sensor/sensor.o
                0x00000e78                Sensor_FormatJSON
 .text.Sensor_PollAlarms
                0x00000f3c       0xfc ./Main/Libraries/Sensor/sensor.o
                0x00000f3c                Sensor_PollAlarms
 .text.Sensor_FormatAlarmJSON
                0x00001038      0x12c ./Main/Libraries/Sensor/sensor.o
                0x00001038                Sensor_FormatAlarmJSON
 .text.SHT40_Init
                0x00001164       0x28 ./Main/Libraries/SHT40/SHT40_app.o
                0x00001164                SHT40_Init
 .text.SHT40_ReadSensor
                0x0000118c       0x24 ./Main/Libraries/SHT40/SHT40_app.o
                0x0000118c                SHT40_ReadSensor
 .text.sensirion_common_bytes_to_uint16_t
                0x000011b0        0xa ./Main/Libraries/SHT40/sensirion_common.o
                0x000011b0                sensirion_common_bytes_to_uint16_t
 .text.sensirion_common_bytes_to_uint32_t
                0x000011ba       0x16 ./Main/Libraries/SHT40/sensirion_common.o
                0x000011ba                sensirion_common_bytes_to_uint32_t
 .text.sensirion_i2c_generate_crc
                0x000011d0       0x40 ./Main/Libraries/SHT40/sensirion_i2c.o
                0x000011d0                sensirion_i2c_generate_crc
 .text.sensirion_i2c_check_crc
                0x00001210       0x14 ./Main/Libraries/SHT40/sensirion_i2c.o
                0x00001210                sensirion_i2c_check_crc
 .text.sensirion_i2c_write_data
                0x00001224        0x8 ./Main/Libraries/SHT40/sensirion_i2c.o
                0x00001224                sensirion_i2c_write_data
 .text.sensirion_i2c_read_data_inplace
                0x0000122c       0x58 ./Main/Libraries/SHT40/sensirion_i2c.o
                0x0000122c                sensirion_i2c_read_data_inplace
 .text.sensirion_i2c_hal_read
                0x00001284       0x20 ./Main/Libraries/SHT40/sensirion_i2c_hal.o
                0x00001284                sensirion_i2c_hal_read
 .text.sensirion_i2c_hal_write
                0x000012a4       0x20 ./Main/Libraries/SHT40/sensirion_i2c_hal.o
                0x000012a4                sensirion_i2c_hal_write
 .text.sensirion_i2c_hal_sleep_usec
                0x000012c4        0x8 ./Main/Libraries/SHT40/sensirion_i2c_hal.o
                0x000012c4                sensirion_i2c_hal_sleep_usec
 .text.convert_ticks_to_celsius
                0x000012cc       0x12 ./Main/Libraries/SHT40/sht4x_i2c.o
 .text.convert_ticks_to_percent_rh
                0x000012de       0x12 ./Main/Libraries/SHT40/sht4x_i2c.o
 .text.sht4x_measure_high_precision_ticks
                0x000012f0       0x4c ./Main/Libraries/SHT40/sht4x_i2c.o
                0x000012f0                sht4x_measure_high_precision_ticks
 .text.sht4x_measure_high_precision
                0x0000133c       0x30 ./Main/Libraries/SHT40/sht4x_i2c.o
                0x0000133c                sht4x_measure_high_precision
 .text.sht4x_serial_number
                0x0000136c       0x42 ./Main/Libraries/SHT40/sht4x_i2c.o
                0x0000136c                sht4x_serial_number
 *fill*         0x000013ae        0x2 
 .text.MQTT_ConnectBroker
                0x000013b0       0x7c ./Main/Libraries/MQTT_Library/EMPA_MqttAws.o
                0x000013b0                MQTT_ConnectBroker
 .text.MQTT_PublishSensorData
                0x0000142c       0x4c ./Main/Libraries/MQTT_Library/EMPA_MqttAws.o
                0x0000142c                MQTT_PublishSensorData
 .text.MQTT_PublishAlarm
                0x00001478       0x44 ./Main/Libraries/MQTT_Library/EMPA_MqttAws.o
                0x00001478                MQTT_PublishAlarm
 .text.port_status_to_func
                0x000014bc       0x10 ./Main/Libraries/MQTT_Library/mqtt_core.o
 .text.mqtt_scheme_needs_client_cert
                0x000014cc       0x10 ./Main/Libraries/MQTT_Library/mqtt_core.o
 .text.mqtt_scheme_needs_sni
                0x000014dc       0x10 ./Main/Libraries/MQTT_Library/mqtt_core.o
 .text.wifi_wait_for_prompt
                0x000014ec       0x68 ./Main/Libraries/MQTT_Library/mqtt_core.o
 .text.MqttPort_Init
                0x00001554        0xc ./Main/Libraries/MQTT_Library/mqtt_core.o
                0x00001554                MqttPort_Init
 .text.Wifi_SendCommand
                0x00001560       0x2c ./Main/Libraries/MQTT_Library/mqtt_core.o
                0x00001560                Wifi_SendCommand
 .text.Wifi_SendCommand2
                0x0000158c       0x20 ./Main/Libraries/MQTT_Library/mqtt_core.o
                0x0000158c                Wifi_SendCommand2
 .text.Wifi_Receive
                0x000015ac       0x40 ./Main/Libraries/MQTT_Library/mqtt_core.o
                0x000015ac                Wifi_Receive
 .text.Wifi_CheckResponse
                0x000015ec       0x5c ./Main/Libraries/MQTT_Library/mqtt_core.o
                0x000015ec                Wifi_CheckResponse
 .text.wifi_sysmfg_write_binary
                0x00001648       0xa0 ./Main/Libraries/MQTT_Library/mqtt_core.o
 .text.Wifi_Reset2
                0x000016e8       0x78 ./Main/Libraries/MQTT_Library/mqtt_core.o
                0x000016e8                Wifi_Reset2
 .text.Wifi_SetWifiMode2
                0x00001760       0x80 ./Main/Libraries/MQTT_Library/mqtt_core.o
                0x00001760                Wifi_SetWifiMode2
 .text.Wifi_StartSmartConfig2
                0x000017e0       0x64 ./Main/Libraries/MQTT_Library/mqtt_core.o
                0x000017e0                Wifi_StartSmartConfig2
 .text.Wifi_StopSmartConfig2
                0x00001844       0x64 ./Main/Libraries/MQTT_Library/mqtt_core.o
                0x00001844                Wifi_StopSmartConfig2
 .text.Wifi_QAP2
                0x000018a8       0x64 ./Main/Libraries/MQTT_Library/mqtt_core.o
                0x000018a8                Wifi_QAP2
 .text.Wifi_SetAP2
                0x0000190c       0x8c ./Main/Libraries/MQTT_Library/mqtt_core.o
                0x0000190c                Wifi_SetAP2
 .text.Wifi_SetTime2
                0x00001998       0x80 ./Main/Libraries/MQTT_Library/mqtt_core.o
                0x00001998                Wifi_SetTime2
 .text.Wifi_MqttUserConfig2
                0x00001a18       0x98 ./Main/Libraries/MQTT_Library/mqtt_core.o
                0x00001a18                Wifi_MqttUserConfig2
 .text.Wifi_MqttCertsUpload2
                0x00001ab0       0xf4 ./Main/Libraries/MQTT_Library/mqtt_core.o
                0x00001ab0                Wifi_MqttCertsUpload2
 .text.Wifi_MqttSni2
                0x00001ba4       0x80 ./Main/Libraries/MQTT_Library/mqtt_core.o
                0x00001ba4                Wifi_MqttSni2
 .text.Wifi_MqttConnConfig2
                0x00001c24       0x8c ./Main/Libraries/MQTT_Library/mqtt_core.o
                0x00001c24                Wifi_MqttConnConfig2
 .text.Wifi_MqttConn2
                0x00001cb0       0x88 ./Main/Libraries/MQTT_Library/mqtt_core.o
                0x00001cb0                Wifi_MqttConn2
 .text.Wifi_GetMqttConn2
                0x00001d38       0x7c ./Main/Libraries/MQTT_Library/mqtt_core.o
                0x00001d38                Wifi_GetMqttConn2
 .text.Wifi_MqttPubRaw2
                0x00001db4      0x1ac ./Main/Libraries/MQTT_Library/mqtt_core.o
                0x00001db4                Wifi_MqttPubRaw2
 .text.parse_wifi_info
                0x00001f60       0x60 ./Main/Libraries/MQTT_Library/mqtt_core.o
                0x00001f60                parse_wifi_info
 .text.LED_MqttTXBlink
                0x00001fc0       0x28 ./Main/Libraries/MQTT_Library/mqtt_core.o
                0x00001fc0                LED_MqttTXBlink
 .text.LED_Mqttconnected
                0x00001fe8       0x18 ./Main/Libraries/MQTT_Library/mqtt_core.o
                0x00001fe8                LED_Mqttconnected
 .text.LED_WifiConnected
                0x00002000       0x18 ./Main/Libraries/MQTT_Library/mqtt_core.o
                0x00002000                LED_WifiConnected
 .text.MQTT_Init
                0x00002018      0x9ac ./Main/Libraries/MQTT_Library/mqtt_core.o
                0x00002018                MQTT_Init
 .text.abov_get_tick_ms
                0x000029c4        0xc ./Main/Libraries/MQTT_Library/mqtt_port_abov.o
 .text.abov_debug_print
                0x000029d0       0x16 ./Main/Libraries/MQTT_Library/mqtt_port_abov.o
 .text.abov_uart_transmit
                0x000029e6       0x2c ./Main/Libraries/MQTT_Library/mqtt_port_abov.o
 *fill*         0x00002a12        0x2 
 .text.abov_gpio_write
                0x00002a14       0x28 ./Main/Libraries/MQTT_Library/mqtt_port_abov.o
 .text.abov_timer_stop
                0x00002a3c       0x10 ./Main/Libraries/MQTT_Library/mqtt_port_abov.o
 .text.abov_timer_start
                0x00002a4c       0x10 ./Main/Libraries/MQTT_Library/mqtt_port_abov.o
 .text.abov_delay_ms
                0x00002a5c        0x8 ./Main/Libraries/MQTT_Library/mqtt_port_abov.o
 .text.abov_uart_is_rx_busy
                0x00002a64       0x22 ./Main/Libraries/MQTT_Library/mqtt_port_abov.o
 .text.abov_uart_is_tx_ready
                0x00002a86       0x22 ./Main/Libraries/MQTT_Library/mqtt_port_abov.o
 .text.abov_uart_abort_receive_it
                0x00002aa8       0x10 ./Main/Libraries/MQTT_Library/mqtt_port_abov.o
 .text.abov_uart_receive_it
                0x00002ab8       0x1e ./Main/Libraries/MQTT_Library/mqtt_port_abov.o
 *fill*         0x00002ad6        0x2 
 .text.abov_uart_receive
                0x00002ad8       0x48 ./Main/Libraries/MQTT_Library/mqtt_port_abov.o
 .text.MqttPort_ABOV_TickIncrement
                0x00002b20       0x10 ./Main/Libraries/MQTT_Library/mqtt_port_abov.o
                0x00002b20                MqttPort_ABOV_TickIncrement
 .text.MqttPort_ABOV_GetTickMs
                0x00002b30        0xc ./Main/Libraries/MQTT_Library/mqtt_port_abov.o
                0x00002b30                MqttPort_ABOV_GetTickMs
 .text.MqttPort_ABOV_Init
                0x00002b3c       0x10 ./Main/Libraries/MQTT_Library/mqtt_port_abov.o
                0x00002b3c                MqttPort_ABOV_Init
 .text.MP23ABS1_GPIO_Init
                0x00002b4c       0x28 ./Main/Libraries/MP23ABS1/mp23abs1_sensor.o
 .text.MP23ABS1_Init
                0x00002b74       0x9c ./Main/Libraries/MP23ABS1/mp23abs1_sensor.o
                0x00002b74                MP23ABS1_Init
 .text.MP23ABS1_StartRecording
                0x00002c10       0x38 ./Main/Libraries/MP23ABS1/mp23abs1_sensor.o
                0x00002c10                MP23ABS1_StartRecording
 .text.MP23ABS1_StopRecording
                0x00002c48       0x28 ./Main/Libraries/MP23ABS1/mp23abs1_sensor.o
                0x00002c48                MP23ABS1_StopRecording
 .text.MP23ABS1_GetSampleCount
                0x00002c70        0xc ./Main/Libraries/MP23ABS1/mp23abs1_sensor.o
                0x00002c70                MP23ABS1_GetSampleCount
 .text.MP23ABS1_ApplyHPFilter
                0x00002c7c       0x6c ./Main/Libraries/MP23ABS1/mp23abs1_sensor.o
                0x00002c7c                MP23ABS1_ApplyHPFilter
 .text.MP23ABS1_ProcessSample
                0x00002ce8       0x48 ./Main/Libraries/MP23ABS1/mp23abs1_sensor.o
 .text.MP23ABS1_TimerHandler
                0x00002d30       0x40 ./Main/Libraries/MP23ABS1/mp23abs1_sensor.o
                0x00002d30                MP23ABS1_TimerHandler
 .text.delay_ms_approx
                0x00002d70       0x24 ./Main/Libraries/LISDE12TR/LIS2DE12_app.o
 .text.LIS2DE12_Init
                0x00002d94      0x154 ./Main/Libraries/LISDE12TR/LIS2DE12_app.o
                0x00002d94                LIS2DE12_Init
 .text.LIS2DE12_ReadAcceleration
                0x00002ee8      0x12c ./Main/Libraries/LISDE12TR/LIS2DE12_app.o
                0x00002ee8                LIS2DE12_ReadAcceleration
 .text.hal_i2c_read_buffer
                0x00003014       0x34 ./Main/Libraries/LISDE12TR/lis2de12.o
                0x00003014                hal_i2c_read_buffer
 .text.lis2de12_read_reg
                0x00003048       0x20 ./Main/Libraries/LISDE12TR/lis2de12.o
                0x00003048                lis2de12_read_reg
 .text.lis2de12_device_id_get
                0x00003068        0xe ./Main/Libraries/LISDE12TR/lis2de12.o
                0x00003068                lis2de12_device_id_get
 *fill*         0x00003076        0x2 
 .text.hal_i2c_write_buffer
                0x00003078       0x60 ./Main/Libraries/LISDE12TR/lis2de12.o
                0x00003078                hal_i2c_write_buffer
 .text.lis2de12_write_reg
                0x000030d8       0x20 ./Main/Libraries/LISDE12TR/lis2de12.o
                0x000030d8                lis2de12_write_reg
 .text.lis2de12_temperature_meas_set
                0x000030f8       0x2e ./Main/Libraries/LISDE12TR/lis2de12.o
                0x000030f8                lis2de12_temperature_meas_set
 .text.lis2de12_data_rate_set
                0x00003126       0x40 ./Main/Libraries/LISDE12TR/lis2de12.o
                0x00003126                lis2de12_data_rate_set
 .text.lis2de12_full_scale_set
                0x00003166       0x2e ./Main/Libraries/LISDE12TR/lis2de12.o
                0x00003166                lis2de12_full_scale_set
 .text.lis2de12_block_data_update_set
                0x00003194       0x2e ./Main/Libraries/LISDE12TR/lis2de12.o
                0x00003194                lis2de12_block_data_update_set
 .text.lis2de12_boot_set
                0x000031c2       0x2e ./Main/Libraries/LISDE12TR/lis2de12.o
                0x000031c2                lis2de12_boot_set
 .text.esp32_try_at_once
                0x000031f0       0x40 ./Main/Libraries/ESP32_AT_Test/ESP32_AT_Test.o
 .text.ESP32_PowerOn
                0x00003230        0xe ./Main/Libraries/ESP32_AT_Test/ESP32_AT_Test.o
                0x00003230                ESP32_PowerOn
 .text.ESP32_PowerOff
                0x0000323e        0xe ./Main/Libraries/ESP32_AT_Test/ESP32_AT_Test.o
                0x0000323e                ESP32_PowerOff
 .text.ESP32_PowerCycle
                0x0000324c       0x28 ./Main/Libraries/ESP32_AT_Test/ESP32_AT_Test.o
                0x0000324c                ESP32_PowerCycle
 .text.ESP32_HW_Init
                0x00003274       0x24 ./Main/Libraries/ESP32_AT_Test/ESP32_AT_Test.o
                0x00003274                ESP32_HW_Init
 .text.ESP32_Simple_AT_Test
                0x00003298       0x50 ./Main/Libraries/ESP32_AT_Test/ESP32_AT_Test.o
                0x00003298                ESP32_Simple_AT_Test
 .text.ESP32_AT_Test_WithRecovery
                0x000032e8       0x34 ./Main/Libraries/ESP32_AT_Test/ESP32_AT_Test.o
                0x000032e8                ESP32_AT_Test_WithRecovery
 .text.PRV_SendByte
                0x0000331c       0x28 ./Main/Libraries/DebugLibrary/debug_framework.o
 .text.DebugFramework_Init
                0x00003344       0x90 ./Main/Libraries/DebugLibrary/debug_framework.o
                0x00003344                DebugFramework_Init
 .text.DebugFramework_Puts
                0x000033d4       0x28 ./Main/Libraries/DebugLibrary/debug_framework.o
                0x000033d4                DebugFramework_Puts
 .text.DebugFramework_PutsLine
                0x000033fc       0x14 ./Main/Libraries/DebugLibrary/debug_framework.o
                0x000033fc                DebugFramework_PutsLine
 .text.DebugFramework_Printf
                0x00003410       0x50 ./Main/Libraries/DebugLibrary/debug_framework.o
                0x00003410                DebugFramework_Printf
 .text.BatteryReading_Init
                0x00003460       0x2c ./Main/Libraries/BatteryReading/battery_reading.o
                0x00003460                BatteryReading_Init
 .text.BatteryReading_ReadChannel
                0x0000348c       0x98 ./Main/Libraries/BatteryReading/battery_reading.o
                0x0000348c                BatteryReading_ReadChannel
 .text.BatteryReading_ReadSupplyVoltage
                0x00003524       0x64 ./Main/Libraries/BatteryReading/battery_reading.o
                0x00003524                BatteryReading_ReadSupplyVoltage
 .text.PRV_PORT_Init
                0x00003588      0x13c ./Main/main.o
 .text.main     0x000036c4       0x22 ./Main/main.o
                0x000036c4                main
 *fill*         0x000036e6        0x2 
 .text.PRV_SCU_CLK_Init
                0x000036e8       0x90 ./Main/prv_scu_clk.o
                0x000036e8                PRV_SCU_CLK_Init
 .text.SysTick_Handler
                0x00003778       0x70 ./Main/prv_user_code.o
                0x00003778                SysTick_Handler
 .text.SYSTICK_Wait
                0x000037e8       0x14 ./Main/prv_user_code.o
                0x000037e8                SYSTICK_Wait
 .text.LED_ON   0x000037fc        0xa ./Main/prv_user_code.o
                0x000037fc                LED_ON
 .text.LED_OFF  0x00003806        0xa ./Main/prv_user_code.o
                0x00003806                LED_OFF
 .text.LED_Blink
                0x00003810       0x30 ./Main/prv_user_code.o
                0x00003810                LED_Blink
 .text.GPIO_Config_Alt
                0x00003840       0xa4 ./Main/prv_user_code.o
                0x00003840                GPIO_Config_Alt
 .text.PRV_USER_Code
                0x000038e4      0x20c ./Main/prv_user_code.o
                0x000038e4                PRV_USER_Code
 .text.Init_ADC_ID_0
                0x00003af0       0x58 ./Main/user_adc.o
 .text.Init_ADC_ID_2
                0x00003b48       0x60 ./Main/user_adc.o
 .text.PRV_ADC_Init
                0x00003ba8        0xc ./Main/user_adc.o
                0x00003ba8                PRV_ADC_Init
 .text.ADC_IRQHandler_ADC_ID_0
                0x00003bb4        0x2 ./Main/user_adc_isr.o
                0x00003bb4                ADC_IRQHandler_ADC_ID_0
 .text.ADC_IRQHandler_ADC_ID_2
                0x00003bb6        0x2 ./Main/user_adc_isr.o
                0x00003bb6                ADC_IRQHandler_ADC_ID_2
 .text.Init_I2C_ID_2
                0x00003bb8       0x54 ./Main/user_i2c.o
 .text.PRV_I2C_Init
                0x00003c0c        0x8 ./Main/user_i2c.o
                0x00003c0c                PRV_I2C_Init
 .text.I2C_IRQHandler_I2C_ID_2
                0x00003c14        0x2 ./Main/user_i2c_isr.o
                0x00003c14                I2C_IRQHandler_I2C_ID_2
 *fill*         0x00003c16        0x2 
 .text.Init_TIMER1_ID_0
                0x00003c18       0x80 ./Main/user_timer1.o
 .text.PRV_Timer1_Init
                0x00003c98        0x8 ./Main/user_timer1.o
                0x00003c98                PRV_Timer1_Init
 .text.Timer1_IRQHandler_TIMER1_ID_0
                0x00003ca0        0x2 ./Main/user_timer1_isr.o
                0x00003ca0                Timer1_IRQHandler_TIMER1_ID_0
 *fill*         0x00003ca2        0x2 
 .text.Init_UART_ID_2
                0x00003ca4       0x5c ./Main/user_uart.o
 .text.Init_UART_ID_1
                0x00003d00       0x5c ./Main/user_uart.o
 .text.PRV_UART_Init
                0x00003d5c        0xc ./Main/user_uart.o
                0x00003d5c                PRV_UART_Init
 .text.UART_IRQHandler_UART_ID_1
                0x00003d68        0x2 ./Main/user_uart_isr.o
                0x00003d68                UART_IRQHandler_UART_ID_1
 .text.UART_IRQHandler_UART_ID_2
                0x00003d6a        0x2 ./Main/user_uart_isr.o
                0x00003d6a                UART_IRQHandler_UART_ID_2
 .text.__NVIC_EnableIRQ
                0x00003d6c       0x1c ./HAL/UART/hal_uart.o
 .text.__NVIC_DisableIRQ
                0x00003d88       0x24 ./HAL/UART/hal_uart.o
 .text.__NVIC_SetPriority
                0x00003dac       0x28 ./HAL/UART/hal_uart.o
 .text.UART_SetScuEnable
                0x00003dd4       0xb0 ./HAL/UART/hal_uart.o
 .text.UART_GetIRQNum
                0x00003e84       0x50 ./HAL/UART/hal_uart.o
 .text.UART_SetClk
                0x00003ed4       0xc0 ./HAL/UART/hal_uart.o
 .text.PRV_UART_GetReg
                0x00003f94        0xa ./HAL/UART/hal_uart.o
 .text.PRV_UART_SetScuEnable
                0x00003f9e        0x8 ./HAL/UART/hal_uart.o
 *fill*         0x00003fa6        0x2 
 .text.PRV_UART_IRQHandler
                0x00003fa8      0x130 ./HAL/UART/hal_uart.o
 .text.PRV_UART_NMIHandler
                0x000040d8       0x2c ./HAL/UART/hal_uart.o
 .text.HAL_UART_Init
                0x00004104       0x58 ./HAL/UART/hal_uart.o
                0x00004104                HAL_UART_Init
 .text.HAL_UART_SetClkConfig
                0x0000415c       0x16 ./HAL/UART/hal_uart.o
                0x0000415c                HAL_UART_SetClkConfig
 *fill*         0x00004172        0x2 
 .text.HAL_UART_SetConfig
                0x00004174       0xa8 ./HAL/UART/hal_uart.o
                0x00004174                HAL_UART_SetConfig
 .text.HAL_UART_SetIRQ
                0x0000421c      0x114 ./HAL/UART/hal_uart.o
                0x0000421c                HAL_UART_SetIRQ
 .text.HAL_UART_Transmit
                0x00004330       0xc4 ./HAL/UART/hal_uart.o
                0x00004330                HAL_UART_Transmit
 .text.HAL_UART_Receive
                0x000043f4      0x10c ./HAL/UART/hal_uart.o
                0x000043f4                HAL_UART_Receive
 .text.HAL_UART_Abort
                0x00004500       0x38 ./HAL/UART/hal_uart.o
                0x00004500                HAL_UART_Abort
 .text.HAL_UART_GetBusyStatus
                0x00004538       0x28 ./HAL/UART/hal_uart.o
                0x00004538                HAL_UART_GetBusyStatus
 .text.HAL_UART_GetLineStatus
                0x00004560       0x1e ./HAL/UART/hal_uart.o
                0x00004560                HAL_UART_GetLineStatus
 .text.Interrupt63_Handler
                0x0000457e        0xa ./HAL/UART/hal_uart.o
                0x0000457e                Interrupt63_Handler
 .text.Interrupt64_Handler
                0x00004588        0xa ./HAL/UART/hal_uart.o
                0x00004588                Interrupt64_Handler
 .text.Interrupt65_Handler
                0x00004592        0xa ./HAL/UART/hal_uart.o
                0x00004592                Interrupt65_Handler
 .text.Interrupt66_Handler
                0x0000459c        0xa ./HAL/UART/hal_uart.o
                0x0000459c                Interrupt66_Handler
 .text.Interrupt67_Handler
                0x000045a6        0xa ./HAL/UART/hal_uart.o
                0x000045a6                Interrupt67_Handler
 .text.Interrupt68_Handler
                0x000045b0        0xa ./HAL/UART/hal_uart.o
                0x000045b0                Interrupt68_Handler
 .text.Interrupt108_Handler
                0x000045ba        0xa ./HAL/UART/hal_uart.o
                0x000045ba                Interrupt108_Handler
 .text.Interrupt109_Handler
                0x000045c4        0xa ./HAL/UART/hal_uart.o
                0x000045c4                Interrupt109_Handler
 .text.Interrupt110_Handler
                0x000045ce        0xa ./HAL/UART/hal_uart.o
                0x000045ce                Interrupt110_Handler
 .text.Interrupt111_Handler
                0x000045d8        0xa ./HAL/UART/hal_uart.o
                0x000045d8                Interrupt111_Handler
 .text.Interrupt112_Handler
                0x000045e2        0xa ./HAL/UART/hal_uart.o
                0x000045e2                Interrupt112_Handler
 .text.Interrupt113_Handler
                0x000045ec        0xa ./HAL/UART/hal_uart.o
                0x000045ec                Interrupt113_Handler
 .text.Interrupt114_Handler
                0x000045f6        0xa ./HAL/UART/hal_uart.o
                0x000045f6                Interrupt114_Handler
 .text.__NVIC_EnableIRQ
                0x00004600       0x1c ./HAL/Timer1/hal_timer1.o
 .text.__NVIC_DisableIRQ
                0x0000461c       0x24 ./HAL/Timer1/hal_timer1.o
 .text.__NVIC_SetPriority
                0x00004640       0x28 ./HAL/Timer1/hal_timer1.o
 .text.TIMER1_SetScuEnable
                0x00004668       0x32 ./HAL/Timer1/hal_timer1.o
 .text.TIMER1_GetIRQNum
                0x0000469a       0x40 ./HAL/Timer1/hal_timer1.o
 .text.TIMER1_ConvMode
                0x000046da       0x20 ./HAL/Timer1/hal_timer1.o
 .text.TIMER1_GetIntFlag
                0x000046fa       0x26 ./HAL/Timer1/hal_timer1.o
 .text.TIMER1_SetMccrClk
                0x00004720       0x8e ./HAL/Timer1/hal_timer1.o
 .text.TIMER1_SetPClk
                0x000047ae       0x24 ./HAL/Timer1/hal_timer1.o
 .text.PRV_TIMER1_GetReg
                0x000047d2        0xa ./HAL/Timer1/hal_timer1.o
 .text.PRV_TIMER1_SetScuEnable
                0x000047dc        0x8 ./HAL/Timer1/hal_timer1.o
 .text.PRV_TIMER1_IRQHandler
                0x000047e4       0xd4 ./HAL/Timer1/hal_timer1.o
 .text.PRV_TIMER1_NMIHandler
                0x000048b8       0x28 ./HAL/Timer1/hal_timer1.o
 .text.HAL_TIMER1_Init
                0x000048e0       0x40 ./HAL/Timer1/hal_timer1.o
                0x000048e0                HAL_TIMER1_Init
 .text.HAL_TIMER1_SetClkConfig
                0x00004920       0x64 ./HAL/Timer1/hal_timer1.o
                0x00004920                HAL_TIMER1_SetClkConfig
 .text.HAL_TIMER1_SetConfig
                0x00004984       0xec ./HAL/Timer1/hal_timer1.o
                0x00004984                HAL_TIMER1_SetConfig
 .text.HAL_TIMER1_SetIRQ
                0x00004a70       0xf0 ./HAL/Timer1/hal_timer1.o
                0x00004a70                HAL_TIMER1_SetIRQ
 .text.HAL_TIMER1_Start
                0x00004b60       0x1c ./HAL/Timer1/hal_timer1.o
                0x00004b60                HAL_TIMER1_Start
 .text.HAL_TIMER1_Stop
                0x00004b7c       0x1c ./HAL/Timer1/hal_timer1.o
                0x00004b7c                HAL_TIMER1_Stop
 .text.HAL_TIMER1_SetInOutPort
                0x00004b98       0x22 ./HAL/Timer1/hal_timer1.o
                0x00004b98                HAL_TIMER1_SetInOutPort
 .text.HAL_TIMER1_SetInversionPort
                0x00004bba       0x22 ./HAL/Timer1/hal_timer1.o
                0x00004bba                HAL_TIMER1_SetInversionPort
 .text.Interrupt15_Handler
                0x00004bdc        0xa ./HAL/Timer1/hal_timer1.o
                0x00004bdc                Interrupt15_Handler
 .text.Interrupt16_Handler
                0x00004be6        0xa ./HAL/Timer1/hal_timer1.o
                0x00004be6                Interrupt16_Handler
 .text.Interrupt17_Handler
                0x00004bf0        0xa ./HAL/Timer1/hal_timer1.o
                0x00004bf0                Interrupt17_Handler
 .text.Interrupt18_Handler
                0x00004bfa        0xa ./HAL/Timer1/hal_timer1.o
                0x00004bfa                Interrupt18_Handler
 .text.Interrupt19_Handler
                0x00004c04        0xa ./HAL/Timer1/hal_timer1.o
                0x00004c04                Interrupt19_Handler
 .text.Interrupt20_Handler
                0x00004c0e        0xa ./HAL/Timer1/hal_timer1.o
                0x00004c0e                Interrupt20_Handler
 .text.Interrupt21_Handler
                0x00004c18        0xa ./HAL/Timer1/hal_timer1.o
                0x00004c18                Interrupt21_Handler
 .text.Interrupt22_Handler
                0x00004c22        0xa ./HAL/Timer1/hal_timer1.o
                0x00004c22                Interrupt22_Handler
 .text.Interrupt23_Handler
                0x00004c2c        0xa ./HAL/Timer1/hal_timer1.o
                0x00004c2c                Interrupt23_Handler
 .text.Interrupt24_Handler
                0x00004c36        0xa ./HAL/Timer1/hal_timer1.o
                0x00004c36                Interrupt24_Handler
 .text.SCUCLK_SetFlashLatency
                0x00004c40       0x58 ./HAL/SCU/hal_scu_clk.o
 .text.SCUCLK_SetMClk
                0x00004c98       0xe4 ./HAL/SCU/hal_scu_clk.o
 .text.SCUCLK_SetClkOut
                0x00004d7c       0x68 ./HAL/SCU/hal_scu_clk.o
 .text.SCUCLK_SetPLLSrcDiv
                0x00004de4       0x78 ./HAL/SCU/hal_scu_clk.o
 .text.PRV_SCUCLK_PLLDelay
                0x00004e5c       0x40 ./HAL/SCU/hal_scu_clk.o
 .text.PRV_SCUCLK_IRQHandler
                0x00004e9c       0x78 ./HAL/SCU/hal_scu_clk.o
 .text.HAL_SCU_CLK_SetMClk
                0x00004f14       0xc0 ./HAL/SCU/hal_scu_clk.o
                0x00004f14                HAL_SCU_CLK_SetMClk
 .text.HAL_SCU_CLK_SetSrcEnable
                0x00004fd4       0x62 ./HAL/SCU/hal_scu_clk.o
                0x00004fd4                HAL_SCU_CLK_SetSrcEnable
 *fill*         0x00005036        0x2 
 .text.HAL_SCU_CLK_SetPLLConfig
                0x00005038       0xe4 ./HAL/SCU/hal_scu_clk.o
                0x00005038                HAL_SCU_CLK_SetPLLConfig
 .text.HAL_SCU_CLK_SetOutput
                0x0000511c       0x1c ./HAL/SCU/hal_scu_clk.o
                0x0000511c                HAL_SCU_CLK_SetOutput
 .text.HAL_SCU_CLK_SetPClkDiv
                0x00005138       0x30 ./HAL/SCU/hal_scu_clk.o
                0x00005138                HAL_SCU_CLK_SetPClkDiv
 .text.Interrupt1_Handler
                0x00005168        0xa ./HAL/SCU/hal_scu_clk.o
                0x00005168                Interrupt1_Handler
 .text.Interrupt2_Handler
                0x00005172        0xa ./HAL/SCU/hal_scu_clk.o
                0x00005172                Interrupt2_Handler
 .text.Interrupt3_Handler
                0x0000517c        0xa ./HAL/SCU/hal_scu_clk.o
                0x0000517c                Interrupt3_Handler
 *fill*         0x00005186        0x2 
 .text.__NVIC_EnableIRQ
                0x00005188       0x1c ./HAL/PCU/hal_pcu.o
 .text.__NVIC_DisableIRQ
                0x000051a4       0x24 ./HAL/PCU/hal_pcu.o
 .text.__NVIC_SetPriority
                0x000051c8       0x28 ./HAL/PCU/hal_pcu.o
 .text.PCU_GetIRQNum
                0x000051f0       0x32 ./HAL/PCU/hal_pcu.o
 .text.PCU_SetDebounceClk
                0x00005222       0xc0 ./HAL/PCU/hal_pcu.o
 *fill*         0x000052e2        0x2 
 .text.PCU_SetIntrPort
                0x000052e4       0x68 ./HAL/PCU/hal_pcu.o
 .text.PRV_PCU_GetVaildPort
                0x0000534c        0xe ./HAL/PCU/hal_pcu.o
 *fill*         0x0000535a        0x2 
 .text.PRV_PCU_IRQHandler
                0x0000535c       0x54 ./HAL/PCU/hal_pcu.o
 .text.PRV_PCU_NMIHandler
                0x000053b0       0x38 ./HAL/PCU/hal_pcu.o
 .text.PCU0_INT_IRQHandler
                0x000053e8       0x18 ./HAL/PCU/hal_pcu.o
 .text.PCU1_INT_IRQHandler
                0x00005400       0x18 ./HAL/PCU/hal_pcu.o
 .text.PCU2_INT_IRQHandler
                0x00005418       0x18 ./HAL/PCU/hal_pcu.o
 .text.PCU3_INT_IRQHandler
                0x00005430       0x18 ./HAL/PCU/hal_pcu.o
 .text.PCU4_INT_IRQHandler
                0x00005448       0x18 ./HAL/PCU/hal_pcu.o
 .text.PCU5_INT_IRQHandler
                0x00005460       0x18 ./HAL/PCU/hal_pcu.o
 .text.PCU6_INT_IRQHandler
                0x00005478       0x18 ./HAL/PCU/hal_pcu.o
 .text.HAL_PCU_SetAltMode
                0x00005490       0xa0 ./HAL/PCU/hal_pcu.o
                0x00005490                HAL_PCU_SetAltMode
 .text.HAL_PCU_SetInOutMode
                0x00005530       0xa0 ./HAL/PCU/hal_pcu.o
                0x00005530                HAL_PCU_SetInOutMode
 .text.HAL_PCU_GetInputValue
                0x000055d0       0x2e ./HAL/PCU/hal_pcu.o
                0x000055d0                HAL_PCU_GetInputValue
 .text.HAL_PCU_SetOutputBit
                0x000055fe       0x40 ./HAL/PCU/hal_pcu.o
                0x000055fe                HAL_PCU_SetOutputBit
 .text.HAL_PCU_SetIntrPort
                0x0000563e       0x2e ./HAL/PCU/hal_pcu.o
                0x0000563e                HAL_PCU_SetIntrPort
 .text.HAL_PCU_SetPortDebounce
                0x0000566c       0x64 ./HAL/PCU/hal_pcu.o
                0x0000566c                HAL_PCU_SetPortDebounce
 .text.HAL_PCU_SetClkDebounce
                0x000056d0       0x1e ./HAL/PCU/hal_pcu.o
                0x000056d0                HAL_PCU_SetClkDebounce
 *fill*         0x000056ee        0x2 
 .text.HAL_PCU_SetIRQ
                0x000056f0       0xe8 ./HAL/PCU/hal_pcu.o
                0x000056f0                HAL_PCU_SetIRQ
 .text.Interrupt36_Handler
                0x000057d8        0x8 ./HAL/PCU/hal_pcu.o
                0x000057d8                Interrupt36_Handler
 .text.Interrupt37_Handler
                0x000057e0        0x8 ./HAL/PCU/hal_pcu.o
                0x000057e0                Interrupt37_Handler
 .text.Interrupt38_Handler
                0x000057e8        0x8 ./HAL/PCU/hal_pcu.o
                0x000057e8                Interrupt38_Handler
 .text.Interrupt39_Handler
                0x000057f0        0x8 ./HAL/PCU/hal_pcu.o
                0x000057f0                Interrupt39_Handler
 .text.Interrupt40_Handler
                0x000057f8        0x8 ./HAL/PCU/hal_pcu.o
                0x000057f8                Interrupt40_Handler
 .text.Interrupt41_Handler
                0x00005800        0x8 ./HAL/PCU/hal_pcu.o
                0x00005800                Interrupt41_Handler
 .text.Interrupt42_Handler
                0x00005808        0x8 ./HAL/PCU/hal_pcu.o
                0x00005808                Interrupt42_Handler
 .text.__NVIC_EnableIRQ
                0x00005810       0x1c ./HAL/I2C/hal_i2c.o
 .text.__NVIC_DisableIRQ
                0x0000582c       0x24 ./HAL/I2C/hal_i2c.o
 .text.__NVIC_SetPriority
                0x00005850       0x28 ./HAL/I2C/hal_i2c.o
 .text.I2C_SetScuEnable
                0x00005878       0x32 ./HAL/I2C/hal_i2c.o
 .text.I2C_GetIRQNum
                0x000058aa       0x22 ./HAL/I2C/hal_i2c.o
 .text.PRV_I2C_GetReg
                0x000058cc        0xa ./HAL/I2C/hal_i2c.o
 .text.PRV_I2C_SetScuEnable
                0x000058d6        0x8 ./HAL/I2C/hal_i2c.o
 *fill*         0x000058de        0x2 
 .text.PRV_I2C_GetOpStatus
                0x000058e0       0x20 ./HAL/I2C/hal_i2c.o
 .text.PRV_I2C_SetOpStop
                0x00005900       0x28 ./HAL/I2C/hal_i2c.o
 .text.i2cwr_dbg_record
                0x00005928       0x30 ./HAL/I2C/hal_i2c.o
 .text.PRV_I2C_IRQHandler
                0x00005958      0x34c ./HAL/I2C/hal_i2c.o
 .text.PRV_I2C_NMIHandler
                0x00005ca4       0x2c ./HAL/I2C/hal_i2c.o
 .text.HAL_I2C_Init
                0x00005cd0       0x30 ./HAL/I2C/hal_i2c.o
                0x00005cd0                HAL_I2C_Init
 .text.HAL_I2C_SetConfig
                0x00005d00       0x98 ./HAL/I2C/hal_i2c.o
                0x00005d00                HAL_I2C_SetConfig
 .text.HAL_I2C_SetIRQ
                0x00005d98      0x114 ./HAL/I2C/hal_i2c.o
                0x00005d98                HAL_I2C_SetIRQ
 .text.HAL_I2C_Transmit
                0x00005eac      0x1a8 ./HAL/I2C/hal_i2c.o
                0x00005eac                HAL_I2C_Transmit
 .text.HAL_I2C_Receive
                0x00006054      0x24c ./HAL/I2C/hal_i2c.o
                0x00006054                HAL_I2C_Receive
 .text.HAL_I2C_WriteRead
                0x000062a0      0x23c ./HAL/I2C/hal_i2c.o
                0x000062a0                HAL_I2C_WriteRead
 .text.Interrupt60_Handler
                0x000064dc        0xa ./HAL/I2C/hal_i2c.o
                0x000064dc                Interrupt60_Handler
 .text.Interrupt61_Handler
                0x000064e6        0xa ./HAL/I2C/hal_i2c.o
                0x000064e6                Interrupt61_Handler
 .text.Interrupt62_Handler
                0x000064f0        0xa ./HAL/I2C/hal_i2c.o
                0x000064f0                Interrupt62_Handler
 .text.Interrupt100_Handler
                0x000064fa        0xa ./HAL/I2C/hal_i2c.o
                0x000064fa                Interrupt100_Handler
 .text.PRV_NMI_IRQHandler
                0x00006504       0x70 ./HAL/HPL/NMI/hpl_nmi.o
 .text.HPL_NMI_SetSource
                0x00006574       0x58 ./HAL/HPL/NMI/hpl_nmi.o
                0x00006574                HPL_NMI_SetSource
 .text.NMI_Handler
                0x000065cc        0x8 ./HAL/HPL/NMI/hpl_nmi.o
                0x000065cc                NMI_Handler
 .text.__NVIC_EnableIRQ
                0x000065d4       0x1c ./HAL/ADC/hal_adc.o
 .text.__NVIC_DisableIRQ
                0x000065f0       0x24 ./HAL/ADC/hal_adc.o
 .text.__NVIC_SetPriority
                0x00006614       0x28 ./HAL/ADC/hal_adc.o
 .text.ADC_SetScuEnable
                0x0000663c       0x32 ./HAL/ADC/hal_adc.o
 .text.ADC_SetSeqTrgIndependent
                0x0000666e       0x9a ./HAL/ADC/hal_adc.o
 .text.PRV_ADC_GetReg
                0x00006708        0xc ./HAL/ADC/hal_adc.o
 .text.PRV_ADC_SetScuEnable
                0x00006714        0x8 ./HAL/ADC/hal_adc.o
 .text.PRV_ADC_PreInit
                0x0000671c       0x58 ./HAL/ADC/hal_adc.o
 .text.PRV_ADC_IRQHandler
                0x00006774       0x54 ./HAL/ADC/hal_adc.o
 .text.PRV_ADC_NMIHandler
                0x000067c8       0x28 ./HAL/ADC/hal_adc.o
 .text.HAL_ADC_Init
                0x000067f0       0x38 ./HAL/ADC/hal_adc.o
                0x000067f0                HAL_ADC_Init
 .text.HAL_ADC_SetClkConfig
                0x00006828       0x30 ./HAL/ADC/hal_adc.o
                0x00006828                HAL_ADC_SetClkConfig
 .text.HAL_ADC_SetConfig
                0x00006858       0x88 ./HAL/ADC/hal_adc.o
                0x00006858                HAL_ADC_SetConfig
 .text.HAL_ADC_SetIRQ
                0x000068e0      0x11c ./HAL/ADC/hal_adc.o
                0x000068e0                HAL_ADC_SetIRQ
 .text.HAL_ADC_Start
                0x000069fc       0x68 ./HAL/ADC/hal_adc.o
                0x000069fc                HAL_ADC_Start
 .text.HAL_ADC_Stop
                0x00006a64       0x60 ./HAL/ADC/hal_adc.o
                0x00006a64                HAL_ADC_Stop
 .text.HAL_ADC_GetData
                0x00006ac4       0x46 ./HAL/ADC/hal_adc.o
                0x00006ac4                HAL_ADC_GetData
 *fill*         0x00006b0a        0x2 
 .text.HAL_ADC_SetSeqConfig
                0x00006b0c       0x50 ./HAL/ADC/hal_adc.o
                0x00006b0c                HAL_ADC_SetSeqConfig
 .text.Interrupt74_Handler
                0x00006b5c        0xa ./HAL/ADC/hal_adc.o
                0x00006b5c                Interrupt74_Handler
 .text.Interrupt75_Handler
                0x00006b66        0xa ./HAL/ADC/hal_adc.o
                0x00006b66                Interrupt75_Handler
 .text.Interrupt76_Handler
                0x00006b70        0xa ./HAL/ADC/hal_adc.o
                0x00006b70                Interrupt76_Handler
 .text.HardFault_Handler
                0x00006b7a        0x2 ./ABOV/Source/startup_a34xxxx.o
                0x00006b7a                HardFault_Handler
 .text.Default_Handler
                0x00006b7c        0x2 ./ABOV/Source/startup_a34xxxx.o
                0x00006b7c                DebugMon_Handler
                0x00006b7c                Interrupt31_Handler
                0x00006b7c                Interrupt71_Handler
                0x00006b7c                Interrupt93_Handler
                0x00006b7c                Interrupt107_Handler
                0x00006b7c                PendSV_Handler
                0x00006b7c                Interrupt11_Handler
                0x00006b7c                Interrupt56_Handler
                0x00006b7c                Interrupt117_Handler
                0x00006b7c                Interrupt29_Handler
                0x00006b7c                Interrupt103_Handler
                0x00006b7c                Interrupt106_Handler
                0x00006b7c                Interrupt72_Handler
                0x00006b7c                Interrupt89_Handler
                0x00006b7c                Interrupt81_Handler
                0x00006b7c                Interrupt28_Handler
                0x00006b7c                Interrupt33_Handler
                0x00006b7c                Interrupt8_Handler
                0x00006b7c                Interrupt73_Handler
                0x00006b7c                Interrupt5_Handler
                0x00006b7c                UsageFault_Handler
                0x00006b7c                Interrupt35_Handler
                0x00006b7c                Interrupt27_Handler
                0x00006b7c                Interrupt26_Handler
                0x00006b7c                Interrupt87_Handler
                0x00006b7c                Interrupt123_Handler
                0x00006b7c                Interrupt124_Handler
                0x00006b7c                Interrupt90_Handler
                0x00006b7c                Interrupt83_Handler
                0x00006b7c                Interrupt122_Handler
                0x00006b7c                Interrupt44_Handler
                0x00006b7c                Interrupt34_Handler
                0x00006b7c                Interrupt121_Handler
                0x00006b7c                Interrupt7_Handler
                0x00006b7c                Interrupt0_Handler
                0x00006b7c                Interrupt54_Handler
                0x00006b7c                Interrupt120_Handler
                0x00006b7c                Interrupt52_Handler
                0x00006b7c                Interrupt105_Handler
                0x00006b7c                Interrupt69_Handler
                0x00006b7c                Interrupt4_Handler
                0x00006b7c                Interrupt115_Handler
                0x00006b7c                Default_Handler
                0x00006b7c                Interrupt92_Handler
                0x00006b7c                Interrupt9_Handler
                0x00006b7c                Interrupt118_Handler
                0x00006b7c                Interrupt97_Handler
                0x00006b7c                Interrupt32_Handler
                0x00006b7c                Interrupt6_Handler
                0x00006b7c                Interrupt53_Handler
                0x00006b7c                Interrupt79_Handler
                0x00006b7c                Interrupt85_Handler
                0x00006b7c                Interrupt98_Handler
                0x00006b7c                Interrupt96_Handler
                0x00006b7c                Interrupt45_Handler
                0x00006b7c                MemManage_Handler
                0x00006b7c                SVC_Handler
                0x00006b7c                Interrupt10_Handler
                0x00006b7c                Interrupt25_Handler
                0x00006b7c                Interrupt88_Handler
                0x00006b7c                Interrupt101_Handler
                0x00006b7c                Interrupt43_Handler
                0x00006b7c                Interrupt116_Handler
                0x00006b7c                Interrupt91_Handler
                0x00006b7c                Interrupt99_Handler
                0x00006b7c                Interrupt102_Handler
                0x00006b7c                Interrupt14_Handler
                0x00006b7c                Interrupt82_Handler
                0x00006b7c                Interrupt13_Handler
                0x00006b7c                Interrupt58_Handler
                0x00006b7c                Interrupt59_Handler
                0x00006b7c                Interrupt46_Handler
                0x00006b7c                Interrupt51_Handler
                0x00006b7c                Interrupt119_Handler
                0x00006b7c                Interrupt70_Handler
                0x00006b7c                Interrupt86_Handler
                0x00006b7c                Interrupt48_Handler
                0x00006b7c                BusFault_Handler
                0x00006b7c                Interrupt94_Handler
                0x00006b7c                Interrupt77_Handler
                0x00006b7c                Interrupt55_Handler
                0x00006b7c                Interrupt95_Handler
                0x00006b7c                Interrupt50_Handler
                0x00006b7c                Interrupt78_Handler
                0x00006b7c                Interrupt30_Handler
                0x00006b7c                Interrupt47_Handler
                0x00006b7c                Interrupt57_Handler
                0x00006b7c                Interrupt12_Handler
                0x00006b7c                Interrupt84_Handler
                0x00006b7c                Interrupt104_Handler
                0x00006b7c                Interrupt49_Handler
                0x00006b7c                Interrupt80_Handler
 *fill*         0x00006b7e        0x2 
 .text.Reset_Handler
                0x00006b80       0x60 ./ABOV/Source/startup_a34xxxx.o
                0x00006b80                Reset_Handler
 .text.SystemInit
                0x00006be0       0x48 ./ABOV/Source/system_a34xxxx.o
                0x00006be0                SystemInit
 .text.SystemDelayMS
                0x00006c28       0x1c ./ABOV/Source/system_a34xxxx.o
                0x00006c28                SystemDelayMS
 .text.SystemDelayUS
                0x00006c44       0x1c ./ABOV/Source/system_a34xxxx.o
                0x00006c44                SystemDelayUS
 .text          0x00006c60       0x30 C:/Program Files (x86)/ABOV/eMStudio32/bin/13.2 Rel1/bin/../lib/gcc/arm-none-eabi/13.2.1/thumb/v7e-m/nofp\libgcc.a(_aeabi_uldivmod.o)
                0x00006c60                __aeabi_uldivmod
 .text.__udivmoddi4
                0x00006c90      0x2bc C:/Program Files (x86)/ABOV/eMStudio32/bin/13.2 Rel1/bin/../lib/gcc/arm-none-eabi/13.2.1/thumb/v7e-m/nofp\libgcc.a(_udivmoddi4.o)
                0x00006c90                __udivmoddi4
 .text          0x00006f4c        0x4 C:/Program Files (x86)/ABOV/eMStudio32/bin/13.2 Rel1/bin/../lib/gcc/arm-none-eabi/13.2.1/thumb/v7e-m/nofp\libgcc.a(_dvmd_tls.o)
                0x00006f4c                __aeabi_idiv0
                0x00006f4c                __aeabi_ldiv0
 .text.exit     0x00006f50       0x24 C:/Program Files (x86)/ABOV/eMStudio32/bin/13.2 Rel1/bin/../lib/gcc/arm-none-eabi/13.2.1/thumb/v7e-m/nofp\libg_nano.a(libc_a-exit.o)
                0x00006f50                exit
 .text.snprintf
                0x00006f74       0x68 C:/Program Files (x86)/ABOV/eMStudio32/bin/13.2 Rel1/bin/../lib/gcc/arm-none-eabi/13.2.1/thumb/v7e-m/nofp\libg_nano.a(libc_a-snprintf.o)
                0x00006f74                sniprintf
                0x00006f74                snprintf
 .text.sprintf  0x00006fdc       0x40 C:/Program Files (x86)/ABOV/eMStudio32/bin/13.2 Rel1/bin/../lib/gcc/arm-none-eabi/13.2.1/thumb/v7e-m/nofp\libg_nano.a(libc_a-sprintf.o)
                0x00006fdc                siprintf
                0x00006fdc                sprintf
 .text._vsnprintf_r
                0x0000701c       0x56 C:/Program Files (x86)/ABOV/eMStudio32/bin/13.2 Rel1/bin/../lib/gcc/arm-none-eabi/13.2.1/thumb/v7e-m/nofp\libg_nano.a(libc_a-vsnprintf.o)
                0x0000701c                _vsniprintf_r
                0x0000701c                _vsnprintf_r
 *fill*         0x00007072        0x2 
 .text.vsnprintf
                0x00007074       0x1c C:/Program Files (x86)/ABOV/eMStudio32/bin/13.2 Rel1/bin/../lib/gcc/arm-none-eabi/13.2.1/thumb/v7e-m/nofp\libg_nano.a(libc_a-vsnprintf.o)
                0x00007074                vsniprintf
                0x00007074                vsnprintf
 .text.memset   0x00007090       0x10 C:/Program Files (x86)/ABOV/eMStudio32/bin/13.2 Rel1/bin/../lib/gcc/arm-none-eabi/13.2.1/thumb/v7e-m/nofp\libg_nano.a(libc_a-memset.o)
                0x00007090                memset
 .text.strchr   0x000070a0       0x1a C:/Program Files (x86)/ABOV/eMStudio32/bin/13.2 Rel1/bin/../lib/gcc/arm-none-eabi/13.2.1/thumb/v7e-m/nofp\libg_nano.a(libc_a-strchr.o)
                0x000070a0                strchr
 .text.strncpy  0x000070ba       0x26 C:/Program Files (x86)/ABOV/eMStudio32/bin/13.2 Rel1/bin/../lib/gcc/arm-none-eabi/13.2.1/thumb/v7e-m/nofp\libg_nano.a(libc_a-strncpy.o)
                0x000070ba                strncpy
 .text.strstr   0x000070e0       0x2c C:/Program Files (x86)/ABOV/eMStudio32/bin/13.2 Rel1/bin/../lib/gcc/arm-none-eabi/13.2.1/thumb/v7e-m/nofp\libg_nano.a(libc_a-strstr.o)
                0x000070e0                strstr
 .text.__libc_init_array
                0x0000710c       0x48 C:/Program Files (x86)/ABOV/eMStudio32/bin/13.2 Rel1/bin/../lib/gcc/arm-none-eabi/13.2.1/thumb/v7e-m/nofp\libg_nano.a(libc_a-init.o)
                0x0000710c                __libc_init_array
 .text.__retarget_lock_acquire_recursive
                0x00007154        0x2 C:/Program Files (x86)/ABOV/eMStudio32/bin/13.2 Rel1/bin/../lib/gcc/arm-none-eabi/13.2.1/thumb/v7e-m/nofp\libg_nano.a(libc_a-lock.o)
                0x00007154                __retarget_lock_acquire_recursive
 .text.__retarget_lock_release_recursive
                0x00007156        0x2 C:/Program Files (x86)/ABOV/eMStudio32/bin/13.2 Rel1/bin/../lib/gcc/arm-none-eabi/13.2.1/thumb/v7e-m/nofp\libg_nano.a(libc_a-lock.o)
                0x00007156                __retarget_lock_release_recursive
 .text.memcpy   0x00007158       0x1c C:/Program Files (x86)/ABOV/eMStudio32/bin/13.2 Rel1/bin/../lib/gcc/arm-none-eabi/13.2.1/thumb/v7e-m/nofp\libg_nano.a(libc_a-memcpy-stub.o)
                0x00007158                memcpy
 .text          0x00007174       0x10 C:/Program Files (x86)/ABOV/eMStudio32/bin/13.2 Rel1/bin/../lib/gcc/arm-none-eabi/13.2.1/thumb/v7e-m/nofp\libg_nano.a(libc_a-strlen.o)
                0x00007174                strlen
 .text._free_r  0x00007184       0x94 C:/Program Files (x86)/ABOV/eMStudio32/bin/13.2 Rel1/bin/../lib/gcc/arm-none-eabi/13.2.1/thumb/v7e-m/nofp\libg_nano.a(libc_a-freer.o)
                0x00007184                _free_r
 .text.sbrk_aligned
                0x00007218       0x44 C:/Program Files (x86)/ABOV/eMStudio32/bin/13.2 Rel1/bin/../lib/gcc/arm-none-eabi/13.2.1/thumb/v7e-m/nofp\libg_nano.a(libc_a-mallocr.o)
 .text._malloc_r
                0x0000725c      0x100 C:/Program Files (x86)/ABOV/eMStudio32/bin/13.2 Rel1/bin/../lib/gcc/arm-none-eabi/13.2.1/thumb/v7e-m/nofp\libg_nano.a(libc_a-mallocr.o)
                0x0000725c                _malloc_r
 .text.__malloc_lock
                0x0000735c        0xc C:/Program Files (x86)/ABOV/eMStudio32/bin/13.2 Rel1/bin/../lib/gcc/arm-none-eabi/13.2.1/thumb/v7e-m/nofp\libg_nano.a(libc_a-mlock.o)
                0x0000735c                __malloc_lock
 .text.__malloc_unlock
                0x00007368        0xc C:/Program Files (x86)/ABOV/eMStudio32/bin/13.2 Rel1/bin/../lib/gcc/arm-none-eabi/13.2.1/thumb/v7e-m/nofp\libg_nano.a(libc_a-mlock.o)
                0x00007368                __malloc_unlock
 .text.__ssputs_r
                0x00007374       0xb6 C:/Program Files (x86)/ABOV/eMStudio32/bin/13.2 Rel1/bin/../lib/gcc/arm-none-eabi/13.2.1/thumb/v7e-m/nofp\libg_nano.a(libc_a-nano-svfprintf.o)
                0x00007374                __ssputs_r
 *fill*         0x0000742a        0x2 
 .text._svfprintf_r
                0x0000742c      0x1f8 C:/Program Files (x86)/ABOV/eMStudio32/bin/13.2 Rel1/bin/../lib/gcc/arm-none-eabi/13.2.1/thumb/v7e-m/nofp\libg_nano.a(libc_a-nano-svfprintf.o)
                0x0000742c                _svfiprintf_r
                0x0000742c                _svfprintf_r
 .text._printf_common
                0x00007624       0xda C:/Program Files (x86)/ABOV/eMStudio32/bin/13.2 Rel1/bin/../lib/gcc/arm-none-eabi/13.2.1/thumb/v7e-m/nofp\libg_nano.a(libc_a-nano-vfprintf_i.o)
                0x00007624                _printf_common
 *fill*         0x000076fe        0x2 
 .text._printf_i
                0x00007700      0x23c C:/Program Files (x86)/ABOV/eMStudio32/bin/13.2 Rel1/bin/../lib/gcc/arm-none-eabi/13.2.1/thumb/v7e-m/nofp\libg_nano.a(libc_a-nano-vfprintf_i.o)
                0x00007700                _printf_i
 .text.memmove  0x0000793c       0x34 C:/Program Files (x86)/ABOV/eMStudio32/bin/13.2 Rel1/bin/../lib/gcc/arm-none-eabi/13.2.1/thumb/v7e-m/nofp\libg_nano.a(libc_a-memmove.o)
                0x0000793c                memmove
 .text._sbrk_r  0x00007970       0x20 C:/Program Files (x86)/ABOV/eMStudio32/bin/13.2 Rel1/bin/../lib/gcc/arm-none-eabi/13.2.1/thumb/v7e-m/nofp\libg_nano.a(libc_a-sbrkr.o)
                0x00007970                _sbrk_r
 .text          0x00007990       0xa0 C:/Program Files (x86)/ABOV/eMStudio32/bin/13.2 Rel1/bin/../lib/gcc/arm-none-eabi/13.2.1/thumb/v7e-m/nofp\libg_nano.a(libc_a-memchr.o)
                0x00007990                memchr
 .text._realloc_r
                0x00007a30       0x5c C:/Program Files (x86)/ABOV/eMStudio32/bin/13.2 Rel1/bin/../lib/gcc/arm-none-eabi/13.2.1/thumb/v7e-m/nofp\libg_nano.a(libc_a-reallocr.o)
                0x00007a30                _realloc_r
 .text._malloc_usable_size_r
                0x00007a8c       0x10 C:/Program Files (x86)/ABOV/eMStudio32/bin/13.2 Rel1/bin/../lib/gcc/arm-none-eabi/13.2.1/thumb/v7e-m/nofp\libg_nano.a(libc_a-msizer.o)
                0x00007a8c                _malloc_usable_size_r
 .text._sbrk    0x00007a9c       0x1c C:/Program Files (x86)/ABOV/eMStudio32/bin/13.2 Rel1/bin/../lib/gcc/arm-none-eabi/13.2.1/thumb/v7e-m/nofp\libnosys.a(sbrk.o)
                0x00007a9c                _sbrk
 .text._exit    0x00007ab8        0x4 C:/Program Files (x86)/ABOV/eMStudio32/bin/13.2 Rel1/bin/../lib/gcc/arm-none-eabi/13.2.1/thumb/v7e-m/nofp\libnosys.a(_exit.o)
                0x00007ab8                _exit
 *(.init)
 .init          0x00007abc        0x4 C:/Program Files (x86)/ABOV/eMStudio32/bin/13.2 Rel1/bin/../lib/gcc/arm-none-eabi/13.2.1/thumb/v7e-m/nofp/crti.o
                0x00007abc                _init
 .init          0x00007ac0        0x8 C:/Program Files (x86)/ABOV/eMStudio32/bin/13.2 Rel1/bin/../lib/gcc/arm-none-eabi/13.2.1/thumb/v7e-m/nofp/crtn.o
 *(.fini)
 .fini          0x00007ac8        0x4 C:/Program Files (x86)/ABOV/eMStudio32/bin/13.2 Rel1/bin/../lib/gcc/arm-none-eabi/13.2.1/thumb/v7e-m/nofp/crti.o
                0x00007ac8                _fini
 .fini          0x00007acc        0x8 C:/Program Files (x86)/ABOV/eMStudio32/bin/13.2 Rel1/bin/../lib/gcc/arm-none-eabi/13.2.1/thumb/v7e-m/nofp/crtn.o
 *crtbegin.o(.ctors)
 *crtbegin?.o(.ctors)
 *(EXCLUDE_FILE(*crtend.o *crtend?.o) .ctors)
 *(SORT_BY_NAME(.ctors.*))
 *(.ctors)
 *crtbegin.o(.dtors)
 *crtbegin?.o(.dtors)
 *(EXCLUDE_FILE(*crtend.o *crtend?.o) .dtors)
 *(SORT_BY_NAME(.dtors.*))
 *(.dtors)
 *(.rodata*)
 .rodata.prov_wait_long_press.str1.4
                0x00007ad4     0x1388 ./Main/Libraries/cert_Lib/mqtt_cert_provision.o
                                 0x3e (size before relaxing)
 .rodata.MqttCertProv_Run.str1.4
                0x00008e5c       0xc6 ./Main/Libraries/cert_Lib/mqtt_cert_provision.o
 .rodata.MqttCerts_GetRootCA.str1.4
                0x00008e5c        0x1 ./Main/Libraries/cert_Lib/mqtt_certs.o
 .rodata.MqttCerts_EraseFlash.str1.4
                0x00008e5c       0x79 ./Main/Libraries/cert_Lib/mqtt_certs.o
 .rodata.MqttCerts_LogFlashIfPresent.str1.4
                0x00008e5c       0x31 ./Main/Libraries/cert_Lib/mqtt_certs.o
 .rodata.MqttCerts_LogStorage.str1.4
                0x00008e5c       0x6f ./Main/Libraries/cert_Lib/mqtt_certs.o
 .rodata.str1.4
                0x00008e5c       0x31 ./Main/Libraries/cert_Lib/mqtt_certs.o
 .rodata.s_allLeds
                0x00008e5c       0x14 ./Main/Libraries/UserButton/user_button.o
 .rodata.Sensor_LEDTest.str1.4
                0x00008e70       0x8d ./Main/Libraries/Sensor/sensor.o
 .rodata.Sensor_TestAll.str1.4
                0x00008e70      0x1f2 ./Main/Libraries/Sensor/sensor.o
 .rodata.Sensor_FormatJSON.str1.4
                0x00008e70       0x59 ./Main/Libraries/Sensor/sensor.o
 .rodata.Sensor_FormatAlarmJSON.str1.4
                0x00008e70      0x248 ./Main/Libraries/Sensor/sensor.o
 .rodata        0x00008e70       0x14 ./Main/Libraries/Sensor/sensor.o
 .rodata.MQTT_ConnectBroker.str1.4
                0x00008e84       0x13 ./Main/Libraries/MQTT_Library/EMPA_MqttAws.o
 .rodata.MQTT_PublishAlarm.str1.4
                0x00008e84       0x1d ./Main/Libraries/MQTT_Library/EMPA_MqttAws.o
 .rodata.str1.4
                0x00008e84       0x42 ./Main/Libraries/MQTT_Library/EMPA_MqttAws.o
 .rodata.wifi_sysmfg_write_binary.str1.4
                0x00008e84       0x1d ./Main/Libraries/MQTT_Library/mqtt_core.o
 .rodata.Wifi_Reset2.str1.4
                0x00008e84       0x16 ./Main/Libraries/MQTT_Library/mqtt_core.o
 .rodata.Wifi_SetWifiMode2.str1.4
                0x00008e84        0xf ./Main/Libraries/MQTT_Library/mqtt_core.o
 .rodata.Wifi_StartSmartConfig2.str1.4
                0x00008e84       0x12 ./Main/Libraries/MQTT_Library/mqtt_core.o
 .rodata.Wifi_StopSmartConfig2.str1.4
                0x00008e84       0x11 ./Main/Libraries/MQTT_Library/mqtt_core.o
 .rodata.Wifi_QAP2.str1.4
                0x00008e84        0xb ./Main/Libraries/MQTT_Library/mqtt_core.o
 .rodata.Wifi_SetAP2.str1.4
                0x00008e84       0x24 ./Main/Libraries/MQTT_Library/mqtt_core.o
 .rodata.Wifi_SetTime2.str1.4
                0x00008e84       0x24 ./Main/Libraries/MQTT_Library/mqtt_core.o
 .rodata.Wifi_MqttUserConfig2.str1.4
                0x00008e84       0x2e ./Main/Libraries/MQTT_Library/mqtt_core.o
 .rodata.Wifi_MqttCertsUpload2.str1.4
                0x00008e84       0xef ./Main/Libraries/MQTT_Library/mqtt_core.o
 .rodata.Wifi_MqttSni2.str1.4
                0x00008e84       0x14 ./Main/Libraries/MQTT_Library/mqtt_core.o
 .rodata.Wifi_MqttConnConfig2.str1.4
                0x00008e84       0x2d ./Main/Libraries/MQTT_Library/mqtt_core.o
 .rodata.Wifi_MqttConn2.str1.4
                0x00008e84       0x1b ./Main/Libraries/MQTT_Library/mqtt_core.o
 .rodata.Wifi_GetMqttConn2.str1.4
                0x00008e84        0xf ./Main/Libraries/MQTT_Library/mqtt_core.o
 .rodata.Wifi_MqttPubRaw2.str1.4
                0x00008e84       0x20 ./Main/Libraries/MQTT_Library/mqtt_core.o
 .rodata.parse_wifi_info.str1.4
                0x00008e84       0x12 ./Main/Libraries/MQTT_Library/mqtt_core.o
 .rodata.MQTT_Init.str1.4
                0x00008e84      0x3db ./Main/Libraries/MQTT_Library/mqtt_core.o
 .rodata.str1.4
                0x00008e84      0x134 ./Main/Libraries/MQTT_Library/mqtt_core.o
 .rodata.abov_port
                0x00008e84       0x30 ./Main/Libraries/MQTT_Library/mqtt_port_abov.o
 .rodata.gpio_map
                0x00008eb4        0x8 ./Main/Libraries/MQTT_Library/mqtt_port_abov.o
 .rodata.LIS2DE12_Init.str1.4
                0x00008ebc       0xe6 ./Main/Libraries/LISDE12TR/LIS2DE12_app.o
 .rodata.LIS2DE12_ReadAcceleration.str1.4
                0x00008ebc       0x26 ./Main/Libraries/LISDE12TR/LIS2DE12_app.o
 .rodata.esp32_try_at_once.str1.4
                0x00008ebc        0xb ./Main/Libraries/ESP32_AT_Test/ESP32_AT_Test.o
 .rodata.ESP32_PowerCycle.str1.4
                0x00008ebc       0x20 ./Main/Libraries/ESP32_AT_Test/ESP32_AT_Test.o
 .rodata.ESP32_Simple_AT_Test.str1.4
                0x00008ebc       0x6f ./Main/Libraries/ESP32_AT_Test/ESP32_AT_Test.o
 .rodata.ESP32_AT_Test_WithRecovery.str1.4
                0x00008ebc       0x19 ./Main/Libraries/ESP32_AT_Test/ESP32_AT_Test.o
 .rodata.DebugFramework_PutsLine.str1.4
                0x00008ebc        0x3 ./Main/Libraries/DebugLibrary/debug_framework.o
 .rodata        0x00008ebc        0x9 ./Main/prv_scu_clk.o
 .rodata.PRV_USER_Code.str1.4
                0x00008ec5      0x2a8 ./Main/prv_user_code.o
 *fill*         0x00008ec5        0x3 
 .rodata        0x00008ec8        0x6 ./Main/user_timer1.o
 *fill*         0x00008ece        0x2 
 .rodata        0x00008ed0        0xc ./Main/user_uart.o
 .rodata._svfprintf_r.str1.1
                0x00008edc       0x33 C:/Program Files (x86)/ABOV/eMStudio32/bin/13.2 Rel1/bin/../lib/gcc/arm-none-eabi/13.2.1/thumb/v7e-m/nofp\libg_nano.a(libc_a-nano-svfprintf.o)
                                 0x11 (size before relaxing)
 .rodata._printf_i.str1.1
                0x00008f0f       0x22 C:/Program Files (x86)/ABOV/eMStudio32/bin/13.2 Rel1/bin/../lib/gcc/arm-none-eabi/13.2.1/thumb/v7e-m/nofp\libg_nano.a(libc_a-nano-vfprintf_i.o)
 *(.eh_frame*)
 *fill*         0x00008f0f        0x1 
 .eh_frame      0x00008f10        0x0 C:/Program Files (x86)/ABOV/eMStudio32/bin/13.2 Rel1/bin/../lib/gcc/arm-none-eabi/13.2.1/thumb/v7e-m/nofp/crtbegin.o
 .eh_frame      0x00008f10       0x28 C:/Program Files (x86)/ABOV/eMStudio32/bin/13.2 Rel1/bin/../lib/gcc/arm-none-eabi/13.2.1/thumb/v7e-m/nofp\libg_nano.a(libc_a-strlen.o)
 .eh_frame      0x00008f38       0x50 C:/Program Files (x86)/ABOV/eMStudio32/bin/13.2 Rel1/bin/../lib/gcc/arm-none-eabi/13.2.1/thumb/v7e-m/nofp\libg_nano.a(libc_a-memchr.o)
 .eh_frame      0x00008f88        0x4 C:/Program Files (x86)/ABOV/eMStudio32/bin/13.2 Rel1/bin/../lib/gcc/arm-none-eabi/13.2.1/thumb/v7e-m/nofp/crtend.o

.glue_7         0x00008f8c        0x0
 .glue_7        0x00008f8c        0x0 linker stubs

.glue_7t        0x00008f8c        0x0
 .glue_7t       0x00008f8c        0x0 linker stubs

.vfp11_veneer   0x00008f8c        0x0
 .vfp11_veneer  0x00008f8c        0x0 linker stubs

.v4_bx          0x00008f8c        0x0
 .v4_bx         0x00008f8c        0x0 linker stubs

.iplt           0x00008f8c        0x0
 .iplt          0x00008f8c        0x0 C:/Program Files (x86)/ABOV/eMStudio32/bin/13.2 Rel1/bin/../lib/gcc/arm-none-eabi/13.2.1/thumb/v7e-m/nofp/crtbegin.o

.cert_flash     0x00009000     0x1000
                0x00009000                        __cert_flash_start__ = .
 *(.cert_flash)
 .cert_flash    0x00009000      0xffd ./Main/Libraries/cert_Lib/mqtt_certs.o
                0x0000a000                        . = ALIGN (0x200)
 *fill*         0x00009ffd        0x3 
                0x0000a000                        __cert_flash_end__ = .

.ARM.extab
 *(.ARM.extab* .gnu.linkonce.armextab.*)
                0x0000a000                        __exidx_start = .

.ARM.exidx      0x0000a000        0x8
 *(.ARM.exidx* .gnu.linkonce.armexidx.*)
 .ARM.exidx     0x0000a000        0x8 C:/Program Files (x86)/ABOV/eMStudio32/bin/13.2 Rel1/bin/../lib/gcc/arm-none-eabi/13.2.1/thumb/v7e-m/nofp/crt0.o
                                 0x10 (size before relaxing)
 .ARM.exidx.text.__udivmoddi4
                0x0000a008        0x0 C:/Program Files (x86)/ABOV/eMStudio32/bin/13.2 Rel1/bin/../lib/gcc/arm-none-eabi/13.2.1/thumb/v7e-m/nofp\libgcc.a(_udivmoddi4.o)
                                  0x8 (size before relaxing)
 .ARM.exidx     0x0000a008        0x0 C:/Program Files (x86)/ABOV/eMStudio32/bin/13.2 Rel1/bin/../lib/gcc/arm-none-eabi/13.2.1/thumb/v7e-m/nofp\libg_nano.a(libc_a-strlen.o)
                                  0x8 (size before relaxing)
 .ARM.exidx     0x0000a008        0x0 C:/Program Files (x86)/ABOV/eMStudio32/bin/13.2 Rel1/bin/../lib/gcc/arm-none-eabi/13.2.1/thumb/v7e-m/nofp\libg_nano.a(libc_a-memchr.o)
                                  0x8 (size before relaxing)
                0x0000a008                        __exidx_end = .
                0x0000a008                        __ram_func = .

.code_section_on_ram
                0x20000000       0x8c load address 0x0000a008
                0x20000000                        __code_section_on_ram_start__ = .
 *(.code_section_on_ram*)
 .code_section_on_ram
                0x20000000       0x8c ./Main/Libraries/cert_Lib/mqtt_certs.o
                0x2000008c                        __code_section_on_ram_end__ = .
                0x2000008c                        . = ALIGN (0x4)

.rel.dyn        0x2000008c        0x0 load address 0x0000a094
 .rel.iplt      0x2000008c        0x0 C:/Program Files (x86)/ABOV/eMStudio32/bin/13.2 Rel1/bin/../lib/gcc/arm-none-eabi/13.2.1/thumb/v7e-m/nofp/crtbegin.o

.copy.table     0x0000a094       0x18
                0x0000a094                        . = ALIGN (0x4)
                0x0000a094                        __copy_table_start__ = .
                0x0000a094        0x4 LONG 0xa0ac __etext
                0x0000a098        0x4 LONG 0x2000008c __data_start__
                0x0000a09c        0x4 LONG 0x58 ((__data_end__ - __data_start__) / 0x4)
                0x0000a0a0        0x4 LONG 0xa008 __ram_func
                0x0000a0a4        0x4 LONG 0x20000000 __code_section_on_ram_start__
                0x0000a0a8        0x4 LONG 0x23 ((__code_section_on_ram_end__ - __code_section_on_ram_start__) / 0x4)
                0x0000a0ac                        __copy_table_end__ = .

.zero.table     0x0000a0ac        0x0
                0x0000a0ac                        . = ALIGN (0x4)
                0x0000a0ac                        __zero_table_start__ = .
                0x0000a0ac                        __zero_table_end__ = .
                0x0000a0ac                        __etext = ALIGN (0x4)

.data           0x2000008c      0x160 load address 0x0000a0ac
                0x2000008c                        __data_start__ = .
 *(vtable)
 *(.data)
 *(.data.*)
 .data.s_slots  0x2000008c       0x3c ./Main/Libraries/cert_Lib/mqtt_certs.o
 .data.s_btnLedApplied
                0x200000c8        0x1 ./Main/Libraries/UserButton/user_button.o
 *fill*         0x200000c9        0x3 
 .data.mqttConfig
                0x200000cc       0xa0 ./Main/Libraries/MQTT_Library/EMPA_MqttAws.o
                0x200000cc                mqttConfig
 .data.RESP_FAIL
                0x2000016c        0x4 ./Main/Libraries/MQTT_Library/mqtt_core.o
                0x2000016c                RESP_FAIL
 .data.RESP_PUB_RAW_OK
                0x20000170        0x4 ./Main/Libraries/MQTT_Library/mqtt_core.o
                0x20000170                RESP_PUB_RAW_OK
 .data.RESP_BUSY
                0x20000174        0x4 ./Main/Libraries/MQTT_Library/mqtt_core.o
                0x20000174                RESP_BUSY
 .data.RESP_ERROR
                0x20000178        0x4 ./Main/Libraries/MQTT_Library/mqtt_core.o
                0x20000178                RESP_ERROR
 .data.RESP_OK  0x2000017c        0x4 ./Main/Libraries/MQTT_Library/mqtt_core.o
                0x2000017c                RESP_OK
 .data.MQTTSubInitCase
                0x20000180        0x1 ./Main/Libraries/MQTT_Library/mqtt_core.o
 .data.s_eLis2de12I2cId
                0x20000181        0x1 ./Main/Libraries/LISDE12TR/lis2de12.o
 *fill*         0x20000182        0x2 
 .data.SystemDelayUSCount
                0x20000184        0x4 ./HAL/SCU/hal_scu_clk.o
                0x20000184                SystemDelayUSCount
 .data.SystemDelayMSCount
                0x20000188        0x4 ./HAL/SCU/hal_scu_clk.o
                0x20000188                SystemDelayMSCount
 .data.SystemPeriClock
                0x2000018c        0x4 ./HAL/SCU/hal_scu_clk.o
                0x2000018c                SystemPeriClock
 .data.SystemCoreClock
                0x20000190        0x4 ./HAL/SCU/hal_scu_clk.o
                0x20000190                SystemCoreClock
 .data._impure_ptr
                0x20000194        0x4 C:/Program Files (x86)/ABOV/eMStudio32/bin/13.2 Rel1/bin/../lib/gcc/arm-none-eabi/13.2.1/thumb/v7e-m/nofp\libg_nano.a(libc_a-impure.o)
                0x20000194                _impure_ptr
 .data._impure_data
                0x20000198       0x4c C:/Program Files (x86)/ABOV/eMStudio32/bin/13.2 Rel1/bin/../lib/gcc/arm-none-eabi/13.2.1/thumb/v7e-m/nofp\libg_nano.a(libc_a-impure.o)
                0x20000198                _impure_data
                0x200001e4                        . = ALIGN (0x4)
                0x200001e4                        PROVIDE (__preinit_array_start = .)
 *(.preinit_array)
                0x200001e4                        PROVIDE (__preinit_array_end = .)
                0x200001e4                        . = ALIGN (0x4)
                0x200001e4                        PROVIDE (__init_array_start = .)
 *(SORT_BY_NAME(.init_array.*))
 *(.init_array)
 .init_array    0x200001e4        0x4 C:/Program Files (x86)/ABOV/eMStudio32/bin/13.2 Rel1/bin/../lib/gcc/arm-none-eabi/13.2.1/thumb/v7e-m/nofp/crtbegin.o
                0x200001e8                        PROVIDE (__init_array_end = .)
                0x200001e8                        . = ALIGN (0x4)
                [!provide]                        PROVIDE (__fini_array_start = .)
 *(SORT_BY_NAME(.fini_array.*))
 *(.fini_array)
 .fini_array    0x200001e8        0x4 C:/Program Files (x86)/ABOV/eMStudio32/bin/13.2 Rel1/bin/../lib/gcc/arm-none-eabi/13.2.1/thumb/v7e-m/nofp/crtbegin.o
                [!provide]                        PROVIDE (__fini_array_end = .)
 *(.jcr*)
                0x200001ec                        . = ALIGN (0x4)
                0x200001ec                        __data_end__ = .

.tm_clone_table
                0x200001ec        0x0 load address 0x0000a20c
 .tm_clone_table
                0x200001ec        0x0 C:/Program Files (x86)/ABOV/eMStudio32/bin/13.2 Rel1/bin/../lib/gcc/arm-none-eabi/13.2.1/thumb/v7e-m/nofp/crtbegin.o
 .tm_clone_table
                0x200001ec        0x0 C:/Program Files (x86)/ABOV/eMStudio32/bin/13.2 Rel1/bin/../lib/gcc/arm-none-eabi/13.2.1/thumb/v7e-m/nofp/crtend.o

.igot.plt       0x200001ec        0x0 load address 0x0000a20c
 .igot.plt      0x200001ec        0x0 C:/Program Files (x86)/ABOV/eMStudio32/bin/13.2 Rel1/bin/../lib/gcc/arm-none-eabi/13.2.1/thumb/v7e-m/nofp/crtbegin.o

.bss            0x200001ec     0x24ac
                0x200001ec                        . = ALIGN (0x4)
                0x200001ec                        __bss_start__ = .
 *(.bss)
 *(.bss.*)
 .bss.completed.1
                0x200001ec        0x1 C:/Program Files (x86)/ABOV/eMStudio32/bin/13.2 Rel1/bin/../lib/gcc/arm-none-eabi/13.2.1/thumb/v7e-m/nofp/crtbegin.o
 *fill*         0x200001ed        0x3 
 .bss.object.0  0x200001f0       0x18 C:/Program Files (x86)/ABOV/eMStudio32/bin/13.2 Rel1/bin/../lib/gcc/arm-none-eabi/13.2.1/thumb/v7e-m/nofp/crtbegin.o
 .bss.s_loaded  0x20000208        0x1 ./Main/Libraries/cert_Lib/mqtt_certs.o
 *fill*         0x20000209        0x3 
 .bss.s_buf_key
                0x2000020c      0x700 ./Main/Libraries/cert_Lib/mqtt_certs.o
 .bss.s_buf_client
                0x2000090c      0x580 ./Main/Libraries/cert_Lib/mqtt_certs.o
 .bss.s_buf_root
                0x20000e8c      0x580 ./Main/Libraries/cert_Lib/mqtt_certs.o
 .bss.s_pressStartMs
                0x2000140c        0x4 ./Main/Libraries/UserButton/user_button.o
 .bss.s_longPending
                0x20001410        0x1 ./Main/Libraries/UserButton/user_button.o
 .bss.s_shortPending
                0x20001411        0x1 ./Main/Libraries/UserButton/user_button.o
 .bss.s_longFired
                0x20001412        0x1 ./Main/Libraries/UserButton/user_button.o
 .bss.s_btnPressed
                0x20001413        0x1 ./Main/Libraries/UserButton/user_button.o
 .bss.s_soundAbove
                0x20001414        0x1 ./Main/Libraries/Sensor/sensor.o
 .bss.s_fallActive
                0x20001415        0x1 ./Main/Libraries/Sensor/sensor.o
 .bss.s_tempAbove
                0x20001416        0x1 ./Main/Libraries/Sensor/sensor.o
 .bss.s_bufferReady
                0x20001417        0x1 ./Main/Libraries/Sensor/sensor.o
 .bss.s_AudioBuffer
                0x20001418      0x800 ./Main/Libraries/Sensor/sensor.o
 .bss.s_data    0x20001c18       0x24 ./Main/Libraries/Sensor/sensor.o
 .bss.sensor_initialized
                0x20001c3c        0x1 ./Main/Libraries/SHT40/SHT40_app.o
 *fill*         0x20001c3d        0x3 
 .bss.sht40_humidity
                0x20001c40        0x4 ./Main/Libraries/SHT40/SHT40_app.o
                0x20001c40                sht40_humidity
 .bss.sht40_temperature
                0x20001c44        0x4 ./Main/Libraries/SHT40/SHT40_app.o
                0x20001c44                sht40_temperature
 .bss.sht40_serialnumber
                0x20001c48        0x4 ./Main/Libraries/SHT40/SHT40_app.o
                0x20001c48                sht40_serialnumber
 .bss.jsonBuf.0
                0x20001c4c      0x100 ./Main/Libraries/MQTT_Library/EMPA_MqttAws.o
 .bss.MQTTInitCase
                0x20001d4c        0x1 ./Main/Libraries/MQTT_Library/mqtt_core.o
                0x20001d4c                MQTTInitCase
 *fill*         0x20001d4d        0x3 
 .bss.mqttErrorData
                0x20001d50        0x1 ./Main/Libraries/MQTT_Library/mqtt_core.o
                0x20001d50                mqttErrorData
 .bss.mqtt_timer_en
                0x20001d51        0x1 ./Main/Libraries/MQTT_Library/mqtt_core.o
                0x20001d51                mqtt_timer_en
 .bss.mqtt_timer
                0x20001d52        0x2 ./Main/Libraries/MQTT_Library/mqtt_core.o
                0x20001d52                mqtt_timer
 .bss.flag_mqtt_connect
                0x20001d54        0x1 ./Main/Libraries/MQTT_Library/mqtt_core.o
                0x20001d54                flag_mqtt_connect
 .bss.flag_mqtt_init_done
                0x20001d55        0x1 ./Main/Libraries/MQTT_Library/mqtt_core.o
                0x20001d55                flag_mqtt_init_done
 .bss.flag_mqtt_error
                0x20001d56        0x1 ./Main/Libraries/MQTT_Library/mqtt_core.o
                0x20001d56                flag_mqtt_error
 *fill*         0x20001d57        0x1 
 .bss.mqtt_osc_password
                0x20001d58       0x20 ./Main/Libraries/MQTT_Library/mqtt_core.o
                0x20001d58                mqtt_osc_password
 .bss.mqtt_osc_ssid
                0x20001d78       0x20 ./Main/Libraries/MQTT_Library/mqtt_core.o
                0x20001d78                mqtt_osc_ssid
 .bss.s_broker_address
                0x20001d98        0x4 ./Main/Libraries/MQTT_Library/mqtt_core.o
 .bss.mqttPacketBuffer
                0x20001d9c      0x258 ./Main/Libraries/MQTT_Library/mqtt_core.o
                0x20001d9c                mqttPacketBuffer
 .bss.g_port    0x20001ff4        0x4 ./Main/Libraries/MQTT_Library/mqtt_core.o
 .bss.s_tick_ms
                0x20001ff8        0x4 ./Main/Libraries/MQTT_Library/mqtt_port_abov.o
 .bss.s_debugFirstSample
                0x20001ffc        0x1 ./Main/Libraries/MP23ABS1/mp23abs1_sensor.o
 *fill*         0x20001ffd        0x3 
 .bss.MP23ABS1_Context
                0x20002000       0x2c ./Main/Libraries/MP23ABS1/mp23abs1_sensor.o
 .bss.sensor_initialized
                0x2000202c        0x1 ./Main/Libraries/LISDE12TR/LIS2DE12_app.o
 *fill*         0x2000202d        0x1 
 .bss.lis2de12_accel_z
                0x2000202e        0x2 ./Main/Libraries/LISDE12TR/LIS2DE12_app.o
                0x2000202e                lis2de12_accel_z
 .bss.lis2de12_accel_y
                0x20002030        0x2 ./Main/Libraries/LISDE12TR/LIS2DE12_app.o
                0x20002030                lis2de12_accel_y
 .bss.lis2de12_accel_x
                0x20002032        0x2 ./Main/Libraries/LISDE12TR/LIS2DE12_app.o
                0x20002032                lis2de12_accel_x
 .bss.lis2de12_device_id
                0x20002034        0x1 ./Main/Libraries/LISDE12TR/LIS2DE12_app.o
                0x20002034                lis2de12_device_id
 .bss.s_bInitialized
                0x20002035        0x1 ./Main/Libraries/DebugLibrary/debug_framework.o
 *fill*         0x20002036        0x2 
 .bss.s_un32AvddMv
                0x20002038        0x4 ./Main/Libraries/BatteryReading/battery_reading.o
 .bss.s_un16VcoreRaw
                0x2000203c        0x2 ./Main/Libraries/BatteryReading/battery_reading.o
 .bss.s_bInitialized
                0x2000203e        0x1 ./Main/Libraries/BatteryReading/battery_reading.o
 *fill*         0x2000203f        0x1 
 .bss.s_un32TickCounter.0
                0x20002040        0x4 ./Main/prv_user_code.o
 .bss.s_mqttTimerMs.1
                0x20002044        0x2 ./Main/prv_user_code.o
 *fill*         0x20002046        0x2 
 .bss.s_un32SysTimerVal
                0x20002048        0x4 ./Main/prv_user_code.o
 .bss.s_tUcb    0x2000204c      0x23c ./HAL/UART/hal_uart.o
 .bss.un32UartBdrClock
                0x20002288        0x4 ./HAL/UART/hal_uart.o
 .bss.s_tTcb    0x2000228c       0xa0 ./HAL/Timer1/hal_timer1.o
 .bss.s_tCcb    0x2000232c       0x24 ./HAL/SCU/hal_scu_clk.o
 .bss.s_un32PLLClock
                0x20002350        0x4 ./HAL/SCU/hal_scu_clk.o
 .bss.s_tPcb    0x20002354       0x70 ./HAL/PCU/hal_pcu.o
 .bss.g_i2cwr_dbg_cnt
                0x200023c4        0x4 ./HAL/I2C/hal_i2c.o
                0x200023c4                g_i2cwr_dbg_cnt
 .bss.g_i2cwr_dbg
                0x200023c8       0x40 ./HAL/I2C/hal_i2c.o
                0x200023c8                g_i2cwr_dbg
 .bss.s_tIcb    0x20002408       0xb0 ./HAL/I2C/hal_i2c.o
 .bss.s_tNrb    0x200024b8       0x60 ./HAL/HPL/NMI/hpl_nmi.o
 .bss.s_tAcb    0x20002518       0x30 ./HAL/ADC/hal_adc.o
 .bss.__sf      0x20002548      0x138 C:/Program Files (x86)/ABOV/eMStudio32/bin/13.2 Rel1/bin/../lib/gcc/arm-none-eabi/13.2.1/thumb/v7e-m/nofp\libg_nano.a(libc_a-findfp.o)
                0x20002548                __sf
 .bss.__stdio_exit_handler
                0x20002680        0x4 C:/Program Files (x86)/ABOV/eMStudio32/bin/13.2 Rel1/bin/../lib/gcc/arm-none-eabi/13.2.1/thumb/v7e-m/nofp\libg_nano.a(libc_a-findfp.o)
                0x20002680                __stdio_exit_handler
 .bss.errno     0x20002684        0x4 C:/Program Files (x86)/ABOV/eMStudio32/bin/13.2 Rel1/bin/../lib/gcc/arm-none-eabi/13.2.1/thumb/v7e-m/nofp\libg_nano.a(libc_a-reent.o)
                0x20002684                errno
 .bss.__lock___malloc_recursive_mutex
                0x20002688        0x1 C:/Program Files (x86)/ABOV/eMStudio32/bin/13.2 Rel1/bin/../lib/gcc/arm-none-eabi/13.2.1/thumb/v7e-m/nofp\libg_nano.a(libc_a-lock.o)
                0x20002688                __lock___malloc_recursive_mutex
 *fill*         0x20002689        0x3 
 .bss.__malloc_sbrk_start
                0x2000268c        0x4 C:/Program Files (x86)/ABOV/eMStudio32/bin/13.2 Rel1/bin/../lib/gcc/arm-none-eabi/13.2.1/thumb/v7e-m/nofp\libg_nano.a(libc_a-mallocr.o)
                0x2000268c                __malloc_sbrk_start
 .bss.__malloc_free_list
                0x20002690        0x4 C:/Program Files (x86)/ABOV/eMStudio32/bin/13.2 Rel1/bin/../lib/gcc/arm-none-eabi/13.2.1/thumb/v7e-m/nofp\libg_nano.a(libc_a-mallocr.o)
                0x20002690                __malloc_free_list
 .bss.heap_end.0
                0x20002694        0x4 C:/Program Files (x86)/ABOV/eMStudio32/bin/13.2 Rel1/bin/../lib/gcc/arm-none-eabi/13.2.1/thumb/v7e-m/nofp\libnosys.a(sbrk.o)
 *(COMMON)
                0x20002698                        . = ALIGN (0x4)
                0x20002698                        __bss_end__ = .

.heap           0x20002698      0x400
                0x20002698                        . = ALIGN (0x8)
                0x20002698                        __end__ = .
                0x20002698                        PROVIDE (end = .)
                0x20002a98                        . = (. + __HEAP_SIZE)
 *fill*         0x20002698      0x400 
                0x20002a98                        . = ALIGN (0x8)
                0x20002a98                        __HeapLimit = .

.stack          0x2003fc00      0x400
                0x2003fc00                        . = ALIGN (0x8)
                0x2003fc00                        __StackLimit = .
                0x20040000                        . = (. + __STACK_SIZE)
 *fill*         0x2003fc00      0x400 
                0x20040000                        . = ALIGN (0x8)
                0x20040000                        __StackTop = .
                0x20040000                        PROVIDE (__stack = __StackTop)
                0x00000001                        ASSERT ((__StackLimit >= __HeapLimit), region RAM overflowed with stack)
OUTPUT(Tiremo.elf elf32-littlearm)
LOAD linker stubs

.ARM.attributes
                0x00000000       0x2a
 .ARM.attributes
                0x00000000       0x1e C:/Program Files (x86)/ABOV/eMStudio32/bin/13.2 Rel1/bin/../lib/gcc/arm-none-eabi/13.2.1/thumb/v7e-m/nofp/crti.o
 .ARM.attributes
                0x0000001e       0x2e C:/Program Files (x86)/ABOV/eMStudio32/bin/13.2 Rel1/bin/../lib/gcc/arm-none-eabi/13.2.1/thumb/v7e-m/nofp/crtbegin.o
 .ARM.attributes
                0x0000004c       0x1c C:/Program Files (x86)/ABOV/eMStudio32/bin/13.2 Rel1/bin/../lib/gcc/arm-none-eabi/13.2.1/thumb/v7e-m/nofp/crt0.o
 .ARM.attributes
                0x00000068       0x2e ./Main/Libraries/cert_Lib/mqtt_cert_provision.o
 .ARM.attributes
                0x00000096       0x2e ./Main/Libraries/cert_Lib/mqtt_certs.o
 .ARM.attributes
                0x000000c4       0x2e ./Main/Libraries/UserButton/user_button.o
 .ARM.attributes
                0x000000f2       0x2e ./Main/Libraries/UserButton/user_button_isr.o
 .ARM.attributes
                0x00000120       0x2e ./Main/Libraries/Sensor/sensor.o
 .ARM.attributes
                0x0000014e       0x2e ./Main/Libraries/SHT40/SHT40_app.o
 .ARM.attributes
                0x0000017c       0x2e ./Main/Libraries/SHT40/sensirion_common.o
 .ARM.attributes
                0x000001aa       0x2e ./Main/Libraries/SHT40/sensirion_i2c.o
 .ARM.attributes
                0x000001d8       0x2e ./Main/Libraries/SHT40/sensirion_i2c_hal.o
 .ARM.attributes
                0x00000206       0x2e ./Main/Libraries/SHT40/sht4x_i2c.o
 .ARM.attributes
                0x00000234       0x2e ./Main/Libraries/MQTT_Library/EMPA_MqttAws.o
 .ARM.attributes
                0x00000262       0x2e ./Main/Libraries/MQTT_Library/mqtt_core.o
 .ARM.attributes
                0x00000290       0x2e ./Main/Libraries/MQTT_Library/mqtt_port_abov.o
 .ARM.attributes
                0x000002be       0x2e ./Main/Libraries/MP23ABS1/mp23abs1_sensor.o
 .ARM.attributes
                0x000002ec       0x2e ./Main/Libraries/LISDE12TR/LIS2DE12_app.o
 .ARM.attributes
                0x0000031a       0x2e ./Main/Libraries/LISDE12TR/lis2de12.o
 .ARM.attributes
                0x00000348       0x2e ./Main/Libraries/ESP32_AT_Test/ESP32_AT_Test.o
 .ARM.attributes
                0x00000376       0x2e ./Main/Libraries/DebugLibrary/debug_framework.o
 .ARM.attributes
                0x000003a4       0x2e ./Main/Libraries/BatteryReading/battery_reading.o
 .ARM.attributes
                0x000003d2       0x2e ./Main/main.o
 .ARM.attributes
                0x00000400       0x2e ./Main/prv_scu_clk.o
 .ARM.attributes
                0x0000042e       0x2e ./Main/prv_user_code.o
 .ARM.attributes
                0x0000045c       0x2e ./Main/user_adc.o
 .ARM.attributes
                0x0000048a       0x2e ./Main/user_adc_isr.o
 .ARM.attributes
                0x000004b8       0x2e ./Main/user_i2c.o
 .ARM.attributes
                0x000004e6       0x2e ./Main/user_i2c_isr.o
 .ARM.attributes
                0x00000514       0x2e ./Main/user_timer1.o
 .ARM.attributes
                0x00000542       0x2e ./Main/user_timer1_isr.o
 .ARM.attributes
                0x00000570       0x2e ./Main/user_uart.o
 .ARM.attributes
                0x0000059e       0x2e ./Main/user_uart_isr.o
 .ARM.attributes
                0x000005cc       0x2e ./HAL/UART/hal_uart.o
 .ARM.attributes
                0x000005fa       0x2e ./HAL/Timer1/hal_timer1.o
 .ARM.attributes
                0x00000628       0x2e ./HAL/SCU/hal_scu_clk.o
 .ARM.attributes
                0x00000656       0x2e ./HAL/PCU/hal_pcu.o
 .ARM.attributes
                0x00000684       0x2e ./HAL/I2C/hal_i2c.o
 .ARM.attributes
                0x000006b2       0x2e ./HAL/HPL/NMI/hpl_nmi.o
 .ARM.attributes
                0x000006e0       0x2e ./HAL/ADC/hal_adc.o
 .ARM.attributes
                0x0000070e       0x2e ./ABOV/Source/startup_a34xxxx.o
 .ARM.attributes
                0x0000073c       0x2e ./ABOV/Source/system_a34xxxx.o
 .ARM.attributes
                0x0000076a       0x1e C:/Program Files (x86)/ABOV/eMStudio32/bin/13.2 Rel1/bin/../lib/gcc/arm-none-eabi/13.2.1/thumb/v7e-m/nofp\libgcc.a(_aeabi_uldivmod.o)
 .ARM.attributes
                0x00000788       0x2e C:/Program Files (x86)/ABOV/eMStudio32/bin/13.2 Rel1/bin/../lib/gcc/arm-none-eabi/13.2.1/thumb/v7e-m/nofp\libgcc.a(_udivmoddi4.o)
 .ARM.attributes
                0x000007b6       0x1e C:/Program Files (x86)/ABOV/eMStudio32/bin/13.2 Rel1/bin/../lib/gcc/arm-none-eabi/13.2.1/thumb/v7e-m/nofp\libgcc.a(_dvmd_tls.o)
 .ARM.attributes
                0x000007d4       0x2e C:/Program Files (x86)/ABOV/eMStudio32/bin/13.2 Rel1/bin/../lib/gcc/arm-none-eabi/13.2.1/thumb/v7e-m/nofp\libg_nano.a(libc_a-exit.o)
 .ARM.attributes
                0x00000802       0x2e C:/Program Files (x86)/ABOV/eMStudio32/bin/13.2 Rel1/bin/../lib/gcc/arm-none-eabi/13.2.1/thumb/v7e-m/nofp\libg_nano.a(libc_a-findfp.o)
 .ARM.attributes