Archive member included to satisfy reference by file (symbol)

C:/Program Files (x86)/ABOV/eMStudio32/bin/13.2 Rel1/bin/../lib/gcc/arm-none-eabi/13.2.1/thumb/v7e-m/nofp\libgcc.a(_arm_muldf3.o)
                              ./Main/Tiremo/lis2de12tr/bsp/lib/tiremo_lis2de12tr_driver.o (__aeabi_dmul)
C:/Program Files (x86)/ABOV/eMStudio32/bin/13.2 Rel1/bin/../lib/gcc/arm-none-eabi/13.2.1/thumb/v7e-m/nofp\libgcc.a(_arm_mulsf3.o)
                              ./Main/Tiremo/lis2de12tr/bsp/lib/tiremo_lis2de12tr_driver.o (__aeabi_fmul)
C:/Program Files (x86)/ABOV/eMStudio32/bin/13.2 Rel1/bin/../lib/gcc/arm-none-eabi/13.2.1/thumb/v7e-m/nofp\libgcc.a(_arm_addsubdf3.o)
                              ./Main/Tiremo/lis2de12tr/bsp/lib/tiremo_lis2de12tr_driver.o (__aeabi_dadd)
C:/Program Files (x86)/ABOV/eMStudio32/bin/13.2 Rel1/bin/../lib/gcc/arm-none-eabi/13.2.1/thumb/v7e-m/nofp\libgcc.a(_arm_fixunsdfsi.o)
                              ./Main/Tiremo/lis2de12tr/bsp/lib/tiremo_lis2de12tr_driver.o (__aeabi_d2uiz)
C:/Program Files (x86)/ABOV/eMStudio32/bin/13.2 Rel1/bin/../lib/gcc/arm-none-eabi/13.2.1/thumb/v7e-m/nofp\libgcc.a(_arm_addsubsf3.o)
                              ./Main/Tiremo/lis2de12tr/bsp/lib/tiremo_lis2de12tr_driver.o (__aeabi_fadd)
C:/Program Files (x86)/ABOV/eMStudio32/bin/13.2 Rel1/bin/../lib/gcc/arm-none-eabi/13.2.1/thumb/v7e-m/nofp\libgcc.a(_arm_fixsfsi.o)
                              ./Main/Tiremo/lis2de12tr/bsp/lib/tiremo_lis2de12tr_driver.o (__aeabi_f2iz)
C:/Program Files (x86)/ABOV/eMStudio32/bin/13.2 Rel1/bin/../lib/gcc/arm-none-eabi/13.2.1/thumb/v7e-m/nofp\libgcc.a(_aeabi_uldivmod.o)
                              ./Main/Tiremo/microphone/app/tiremo_mic_app.o (__aeabi_uldivmod)
C:/Program Files (x86)/ABOV/eMStudio32/bin/13.2 Rel1/bin/../lib/gcc/arm-none-eabi/13.2.1/thumb/v7e-m/nofp\libgcc.a(_udivmoddi4.o)
                              C:/Program Files (x86)/ABOV/eMStudio32/bin/13.2 Rel1/bin/../lib/gcc/arm-none-eabi/13.2.1/thumb/v7e-m/nofp\libgcc.a(_aeabi_uldivmod.o) (__udivmoddi4)
C:/Program Files (x86)/ABOV/eMStudio32/bin/13.2 Rel1/bin/../lib/gcc/arm-none-eabi/13.2.1/thumb/v7e-m/nofp\libgcc.a(_dvmd_tls.o)
                              C:/Program Files (x86)/ABOV/eMStudio32/bin/13.2 Rel1/bin/../lib/gcc/arm-none-eabi/13.2.1/thumb/v7e-m/nofp\libgcc.a(_aeabi_uldivmod.o) (__aeabi_ldiv0)
C:/Program Files (x86)/ABOV/eMStudio32/bin/13.2 Rel1/bin/../lib/gcc/arm-none-eabi/13.2.1/thumb/v7e-m/nofp\libg_nano.a(libc_a-exit.o)
                              C:/Program Files (x86)/ABOV/eMStudio32/bin/13.2 Rel1/bin/../lib/gcc/arm-none-eabi/13.2.1/thumb/v7e-m/nofp/crt0.o (exit)
C:/Program Files (x86)/ABOV/eMStudio32/bin/13.2 Rel1/bin/../lib/gcc/arm-none-eabi/13.2.1/thumb/v7e-m/nofp\libg_nano.a(libc_a-ctype_.o)
                              ./Main/Mqtt_Library/mqtt_core.o (_ctype_)
C:/Program Files (x86)/ABOV/eMStudio32/bin/13.2 Rel1/bin/../lib/gcc/arm-none-eabi/13.2.1/thumb/v7e-m/nofp\libg_nano.a(libc_a-findfp.o)
                              C:/Program Files (x86)/ABOV/eMStudio32/bin/13.2 Rel1/bin/../lib/gcc/arm-none-eabi/13.2.1/thumb/v7e-m/nofp\libg_nano.a(libc_a-exit.o) (__stdio_exit_handler)
C:/Program Files (x86)/ABOV/eMStudio32/bin/13.2 Rel1/bin/../lib/gcc/arm-none-eabi/13.2.1/thumb/v7e-m/nofp\libg_nano.a(libc_a-fwalk.o)
                              C:/Program Files (x86)/ABOV/eMStudio32/bin/13.2 Rel1/bin/../lib/gcc/arm-none-eabi/13.2.1/thumb/v7e-m/nofp\libg_nano.a(libc_a-findfp.o) (_fwalk_sglue)
C:/Program Files (x86)/ABOV/eMStudio32/bin/13.2 Rel1/bin/../lib/gcc/arm-none-eabi/13.2.1/thumb/v7e-m/nofp\libg_nano.a(libc_a-snprintf.o)
                              ./Main/Tiremo_Process/sensor.o (snprintf)
C:/Program Files (x86)/ABOV/eMStudio32/bin/13.2 Rel1/bin/../lib/gcc/arm-none-eabi/13.2.1/thumb/v7e-m/nofp\libg_nano.a(libc_a-sprintf.o)
                              ./Main/Mqtt_Library/mqtt_core.o (sprintf)
C:/Program Files (x86)/ABOV/eMStudio32/bin/13.2 Rel1/bin/../lib/gcc/arm-none-eabi/13.2.1/thumb/v7e-m/nofp\libg_nano.a(libc_a-stdio.o)
                              C:/Program Files (x86)/ABOV/eMStudio32/bin/13.2 Rel1/bin/../lib/gcc/arm-none-eabi/13.2.1/thumb/v7e-m/nofp\libg_nano.a(libc_a-findfp.o) (__sread)
C:/Program Files (x86)/ABOV/eMStudio32/bin/13.2 Rel1/bin/../lib/gcc/arm-none-eabi/13.2.1/thumb/v7e-m/nofp\libg_nano.a(libc_a-vsnprintf.o)
                              ./Main/Tiremo/DebugLibrary/debug_framework.o (vsnprintf)
C:/Program Files (x86)/ABOV/eMStudio32/bin/13.2 Rel1/bin/../lib/gcc/arm-none-eabi/13.2.1/thumb/v7e-m/nofp\libg_nano.a(libc_a-memset.o)
                              C:/Program Files (x86)/ABOV/eMStudio32/bin/13.2 Rel1/bin/../lib/gcc/arm-none-eabi/13.2.1/thumb/v7e-m/nofp/crt0.o (memset)
C:/Program Files (x86)/ABOV/eMStudio32/bin/13.2 Rel1/bin/../lib/gcc/arm-none-eabi/13.2.1/thumb/v7e-m/nofp\libg_nano.a(libc_a-strchr.o)
                              ./Main/Mqtt_Library/cert_Lib/mqtt_cert_provision.o (strchr)
[...]
Memory Configuration

Name             Origin             Length             Attributes
FLASH            0x00000000         0x00200000         xr
RAM              0x20000000         0x00040000         xrw
*default*        0x00000000         0xffffffff

Linker script and memory map

LOAD C:/Program Files (x86)/ABOV/eMStudio32/bin/13.2 Rel1/bin/../lib/gcc/arm-none-eabi/13.2.1/thumb/v7e-m/nofp/crti.o
LOAD C:/Program Files (x86)/ABOV/eMStudio32/bin/13.2 Rel1/bin/../lib/gcc/arm-none-eabi/13.2.1/thumb/v7e-m/nofp/crtbegin.o
LOAD C:/Program Files (x86)/ABOV/eMStudio32/bin/13.2 Rel1/bin/../lib/gcc/arm-none-eabi/13.2.1/thumb/v7e-m/nofp/crt0.o
LOAD ./Main/Tiremo_Process/sensor.o
LOAD ./Main/Tiremo_Process/tiremo_app.o
LOAD ./Main/Tiremo_Process/tiremo_app_net.o
LOAD ./Main/Tiremo/sht40/bsp/lib/tiremo_sht40_common.o
LOAD ./Main/Tiremo/sht40/bsp/lib/tiremo_sht40_driver.o
LOAD ./Main/Tiremo/sht40/bsp/lib/tiremo_sht40_i2c.o
LOAD ./Main/Tiremo/sht40/bsp/lib/tiremo_sht40_i2c_hal.o
LOAD ./Main/Tiremo/sht40/bsp/tiremo_sht40_bsp.o
LOAD ./Main/Tiremo/sht40/app/tiremo_sht40_app.o
LOAD ./Main/Tiremo/microphone/bsp/tiremo_mic_bsp.o
LOAD ./Main/Tiremo/microphone/app/tiremo_mic_app.o
LOAD ./Main/Tiremo/lis2de12tr/bsp/lib/tiremo_lis2de12tr_driver.o
LOAD ./Main/Tiremo/lis2de12tr/bsp/lib/tiremo_lis2de12tr_i2c_hal.o
LOAD ./Main/Tiremo/lis2de12tr/bsp/tiremo_lis2de12tr_bsp.o
LOAD ./Main/Tiremo/lis2de12tr/app/tiremo_lis2de12tr_app.o
LOAD ./Main/Tiremo/led/bsp/tiremo_led_bsp.o
LOAD ./Main/Tiremo/led/app/tiremo_led_app.o
LOAD ./Main/Tiremo/esp32/bsp/tiremo_esp32_bsp.o
LOAD ./Main/Tiremo/esp32/app/tiremo_esp32_app.o
LOAD ./Main/Tiremo/common/tiremo_systick.o
LOAD ./Main/Tiremo/button/bsp/tiremo_button_bsp.o
LOAD ./Main/Tiremo/button/app/tiremo_button_app.o
LOAD ./Main/Tiremo/battery/bsp/tiremo_battery_bsp.o
LOAD ./Main/Tiremo/battery/app/tiremo_battery_app.o
LOAD ./Main/Tiremo/DebugLibrary/debug_framework.o
LOAD ./Main/Mqtt_Library/cert_Lib/mqtt_cert_provision.o
LOAD ./Main/Mqtt_Library/cert_Lib/mqtt_certs.o
LOAD ./Main/Mqtt_Library/EMPA_MqttAws.o
LOAD ./Main/Mqtt_Library/mqtt_core.o
LOAD ./Main/Mqtt_Library/mqtt_port_abov.o
LOAD ./Main/main.o
LOAD ./Main/prv_scu_clk.o
LOAD ./Main/prv_user_code.o
LOAD ./Main/user_adc.o
LOAD ./Main/user_adc_isr.o
LOAD ./Main/user_i2c.o
LOAD ./Main/user_i2c_isr.o
LOAD ./Main/user_timer1.o
LOAD ./Main/user_timer1_isr.o
LOAD ./Main/user_uart.o
LOAD ./Main/user_uart_isr.o
LOAD ./HAL/WDT/hal_wdt.o
LOAD ./HAL/VREFBUF/hal_vrefbuf.o
LOAD ./HAL/USART/hal_usart.o
LOAD ./HAL/UART/hal_uart.o
LOAD ./HAL/Timer1/hal_timer1.o
LOAD ./HAL/SPI/hal_spi.o
LOAD ./HAL/SCU/hal_scu.o
LOAD ./HAL/SCU/hal_scu_clk.o
LOAD ./HAL/SCU/hal_scu_lvd.o
LOAD ./HAL/SCU/hal_scu_pwr.o
LOAD ./HAL/RTC/hal_rtc.o
LOAD ./HAL/RNG/hal_rng.o
LOAD ./HAL/QSPI/hal_qspi.o
LOAD ./HAL/QEI/hal_qei.o
LOAD ./HAL/PWM/hal_pwm.o
LOAD ./HAL/PGA/hal_pga.o
LOAD ./HAL/PCU/hal_pcu.o
LOAD ./HAL/MPWM/hal_mpwm.o
LOAD ./HAL/LPUART/hal_lpuart.o
LOAD ./HAL/LCD/hal_lcd.o
LOAD ./HAL/I2C/hal_i2c.o
LOAD ./HAL/HPL/NMI/hpl_nmi.o
LOAD ./HAL/HPL/DMA/hpl_dma.o
LOAD ./HAL/FRT/hal_frt.o
LOAD ./HAL/FMC/hal_fmc.o
LOAD ./HAL/DAC/hal_dac.o
LOAD ./HAL/CRC/hal_crc.o
LOAD ./HAL/CMP/hal_cmp.o
LOAD ./HAL/AES/hal_aes.o
LOAD ./HAL/ADC/hal_adc.o
LOAD ./Debug/Source/debug.o
LOAD ./Debug/Source/debug_cmd.o
LOAD ./Debug/Source/debug_hardfault.o
LOAD ./Debug/Source/debug_log.o
LOAD ./Debug/Source/debug_retarget.o
LOAD ./Debug/Source/debug_serial.o
LOAD ./ABOV/Source/startup_a34xxxx.o
LOAD ./ABOV/Source/system_a34xxxx.o
START GROUP
LOAD C:/Program Files (x86)/ABOV/eMStudio32/bin/13.2 Rel1/bin/../lib/gcc/arm-none-eabi/13.2.1/thumb/v7e-m/nofp\libgcc.a
LOAD C:/Program Files (x86)/ABOV/eMStudio32/bin/13.2 Rel1/bin/../lib/gcc/arm-none-eabi/13.2.1/thumb/v7e-m/nofp\libg_nano.a
LOAD C:/Program Files (x86)/ABOV/eMStudio32/bin/13.2 Rel1/bin/../lib/gcc/arm-none-eabi/13.2.1/thumb/v7e-m/nofp\libc_nano.a
END GROUP
START GROUP
LOAD C:/Program Files (x86)/ABOV/eMStudio32/bin/13.2 Rel1/bin/../lib/gcc/arm-none-eabi/13.2.1/thumb/v7e-m/nofp\libgcc.a
LOAD C:/Program Files (x86)/ABOV/eMStudio32/bin/13.2 Rel1/bin/../lib/gcc/arm-none-eabi/13.2.1/thumb/v7e-m/nofp\libc_nano.a
LOAD C:/Program Files (x86)/ABOV/eMStudio32/bin/13.2 Rel1/bin/../lib/gcc/arm-none-eabi/13.2.1/thumb/v7e-m/nofp\libnosys.a
END GROUP
START GROUP
LOAD C:/Program Files (x86)/ABOV/eMStudio32/bin/13.2 Rel1/bin/../lib/gcc/arm-none-eabi/13.2.1/thumb/v7e-m/nofp\libgcc.a
LOAD C:/Program Files (x86)/ABOV/eMStudio32/bin/13.2 Rel1/bin/../lib/gcc/arm-none-eabi/13.2.1/thumb/v7e-m/nofp\libc_nano.a
LOAD C:/Program Files (x86)/ABOV/eMStudio32/bin/13.2 Rel1/bin/../lib/gcc/arm-none-eabi/13.2.1/thumb/v7e-m/nofp\libnosys.a
END GROUP
LOAD C:/Program Files (x86)/ABOV/eMStudio32/bin/13.2 Rel1/bin/../lib/gcc/arm-none-eabi/13.2.1/thumb/v7e-m/nofp/crtend.o
LOAD C:/Program Files (x86)/ABOV/eMStudio32/bin/13.2 Rel1/bin/../lib/gcc/arm-none-eabi/13.2.1/thumb/v7e-m/nofp/crtn.o
                0x00000000                        __ROM_BASE = 0x0
                0x00200000                        __ROM_SIZE = 0x200000
                0x20000000                        __RAM_BASE = 0x20000000
                0x00040000                        __RAM_SIZE = 0x40000
                0x00000400                        __STACK_SIZE = 0x400
                0x00000400                        __HEAP_SIZE = 0x400

.text           0x00000000     0xa5c4
 *(.vectors)
 .vectors       0x00000000      0x3c0 ./ABOV/Source/startup_a34xxxx.o
                0x00000000                __Vectors
 *(.text*)
 .text.deregister_tm_clones
                0x000003c0       0x1c C:/Program Files (x86)/ABOV/eMStudio32/bin/13.2 Rel1/bin/../lib/gcc/arm-none-eabi/13.2.1/thumb/v7e-m/nofp/crtbegin.o
 .text.register_tm_clones
                0x000003dc       0x24 C:/Program Files (x86)/ABOV/eMStudio32/bin/13.2 Rel1/bin/../lib/gcc/arm-none-eabi/13.2.1/thumb/v7e-m/nofp/crtbegin.o
 .text.__do_global_dtors_aux
                0x00000400       0x28 C:/Program Files (x86)/ABOV/eMStudio32/bin/13.2 Rel1/bin/../lib/gcc/arm-none-eabi/13.2.1/thumb/v7e-m/nofp/crtbegin.o
 .text.frame_dummy
                0x00000428       0x24 C:/Program Files (x86)/ABOV/eMStudio32/bin/13.2 Rel1/bin/../lib/gcc/arm-none-eabi/13.2.1/thumb/v7e-m/nofp/crtbegin.o
 .text          0x0000044c       0x7c C:/Program Files (x86)/ABOV/eMStudio32/bin/13.2 Rel1/bin/../lib/gcc/arm-none-eabi/13.2.1/thumb/v7e-m/nofp/crt0.o
                0x0000044c                _stack_init
                0x00000454                _start
                0x00000454                _mainCRTStartup
 .text.Sensor_CaptureMicRms
                0x000004c8       0x3c ./Main/Tiremo_Process/sensor.o
 .text.Sensor_FillFromDrivers
                0x00000504       0xc4 ./Main/Tiremo_Process/sensor.o
 .text.Sensor_LEDTest
                0x000005c8       0x3c ./Main/Tiremo_Process/sensor.o
                0x000005c8                Sensor_LEDTest
 .text.Sensor_TestAll
                0x00000604      0x11c ./Main/Tiremo_Process/sensor.o
                0x00000604                Sensor_TestAll
 .text.Sensor_ReadOnly
                0x00000720       0x14 ./Main/Tiremo_Process/sensor.o
                0x00000720                Sensor_ReadOnly
 .text.Sensor_FormatJSON
                0x00000734       0xd4 ./Main/Tiremo_Process/sensor.o
                0x00000734                Sensor_FormatJSON
 .text.Sensor_PollAlarms
                0x00000808       0xfc ./Main/Tiremo_Process/sensor.o
                0x00000808                Sensor_PollAlarms
 .text.Sensor_FormatAlarmJSON
                0x00000904      0x12c ./Main/Tiremo_Process/sensor.o
                0x00000904                Sensor_FormatAlarmJSON
 .text.TiremoApp_PrintBanner
                0x00000a30       0x48 ./Main/Tiremo_Process/tiremo_app.o
 .text.TIREMO_SysTick_OnTick1ms
                0x00000a78       0x3c ./Main/Tiremo_Process/tiremo_app.o
                0x00000a78                TIREMO_SysTick_OnTick1ms
 .text.TiremoApp_Init
                0x00000ab4       0x5c ./Main/Tiremo_Process/tiremo_app.o
                0x00000ab4                TiremoApp_Init
 .text.TiremoApp_Run
                0x00000b10       0x44 ./Main/Tiremo_Process/tiremo_app.o
                0x00000b10                TiremoApp_Run
 .text.TiremoAppNet_InitAndConnect
                0x00000b54      0x144 ./Main/Tiremo_Process/tiremo_app_net.o
                0x00000b54                TiremoAppNet_InitAndConnect
 .text.TiremoAppNet_PublishCycle
                0x00000c98       0x58 ./Main/Tiremo_Process/tiremo_app_net.o
                0x00000c98                TiremoAppNet_PublishCycle
 .text.TiremoAppNet_PublishAlarms
                0x00000cf0       0x3c ./Main/Tiremo_Process/tiremo_app_net.o
                0x00000cf0                TiremoAppNet_PublishAlarms
 .text.tiremo_sht40_common_bytes_to_uint16
                0x00000d2c        0xa ./Main/Tiremo/sht40/bsp/lib/tiremo_sht40_common.o
                0x00000d2c                tiremo_sht40_common_bytes_to_uint16
 .text.tiremo_sht40_bytes_to_uint16
                0x00000d36        0x8 ./Main/Tiremo/sht40/bsp/lib/tiremo_sht40_common.o
                0x00000d36                tiremo_sht40_bytes_to_uint16
 .text.tiremo_sht40_convert_ticks_to_celsius
                0x00000d3e       0x12 ./Main/Tiremo/sht40/bsp/lib/tiremo_sht40_driver.o
 .text.tiremo_sht40_convert_ticks_to_percent_rh
                0x00000d50       0x12 ./Main/Tiremo/sht40/bsp/lib/tiremo_sht40_driver.o
 .text.tiremo_sht40_read_measurement
                0x00000d62       0x4c ./Main/Tiremo/sht40/bsp/lib/tiremo_sht40_driver.o
 .text.tiremo_sht40_measure_high_precision_ticks
                0x00000dae       0x12 ./Main/Tiremo/sht40/bsp/lib/tiremo_sht40_driver.o
                0x00000dae                tiremo_sht40_measure_high_precision_ticks
 .text.tiremo_sht40_measure_high_precision
                0x00000dc0       0x30 ./Main/Tiremo/sht40/bsp/lib/tiremo_sht40_driver.o
                0x00000dc0                tiremo_sht40_measure_high_precision
 .text.tiremo_sht40_soft_reset
                0x00000df0       0x2a ./Main/Tiremo/sht40/bsp/lib/tiremo_sht40_driver.o
                0x00000df0                tiremo_sht40_soft_reset
 .text.tiremo_sht40_i2c_generate_crc
                0x00000e1a       0x36 ./Main/Tiremo/sht40/bsp/lib/tiremo_sht40_i2c.o
                0x00000e1a                tiremo_sht40_i2c_generate_crc
 .text.tiremo_sht40_i2c_check_crc
                0x00000e50       0x10 ./Main/Tiremo/sht40/bsp/lib/tiremo_sht40_i2c.o
                0x00000e50                tiremo_sht40_i2c_check_crc
 .text.tiremo_sht40_i2c_write_data
                0x00000e60        0x8 ./Main/Tiremo/sht40/bsp/lib/tiremo_sht40_i2c.o
                0x00000e60                tiremo_sht40_i2c_write_data
 .text.tiremo_sht40_i2c_read_data_inplace
                0x00000e68       0x58 ./Main/Tiremo/sht40/bsp/lib/tiremo_sht40_i2c.o
                0x00000e68                tiremo_sht40_i2c_read_data_inplace
 .text.tiremo_sht40_i2c_hal_init
                0x00000ec0        0x2 ./Main/Tiremo/sht40/bsp/lib/tiremo_sht40_i2c_hal.o
                0x00000ec0                tiremo_sht40_i2c_hal_init
 .text.tiremo_sht40_i2c_hal_read
                0x00000ec2       0x20 ./Main/Tiremo/sht40/bsp/lib/tiremo_sht40_i2c_hal.o
                0x00000ec2                tiremo_sht40_i2c_hal_read
 .text.tiremo_sht40_i2c_hal_write
                0x00000ee2       0x20 ./Main/Tiremo/sht40/bsp/lib/tiremo_sht40_i2c_hal.o
                0x00000ee2                tiremo_sht40_i2c_hal_write
 *fill*         0x00000f02        0x2 
 .text.tiremo_sht40_i2c_hal_sleep_usec
                0x00000f04       0x20 ./Main/Tiremo/sht40/bsp/lib/tiremo_sht40_i2c_hal.o
                0x00000f04                tiremo_sht40_i2c_hal_sleep_usec
 .text.TIREMO_SHT40_BSP_Init
                0x00000f24       0x24 ./Main/Tiremo/sht40/bsp/tiremo_sht40_bsp.o
                0x00000f24                TIREMO_SHT40_BSP_Init
 .text.TIREMO_SHT40_BSP_ReadHighPrecision
                0x00000f48       0x28 ./Main/Tiremo/sht40/bsp/tiremo_sht40_bsp.o
                0x00000f48                TIREMO_SHT40_BSP_ReadHighPrecision
 .text.TIREMO_SHT40_App_Init
                0x00000f70       0x14 ./Main/Tiremo/sht40/app/tiremo_sht40_app.o
                0x00000f70                TIREMO_SHT40_App_Init
 .text.TIREMO_SHT40_App_Read
                0x00000f84       0x24 ./Main/Tiremo/sht40/app/tiremo_sht40_app.o
                0x00000f84                TIREMO_SHT40_App_Read
 .text.__NVIC_EnableIRQ
                0x00000fa8       0x1c ./Main/Tiremo/microphone/bsp/tiremo_mic_bsp.o
 .text.__NVIC_DisableIRQ
                0x00000fc4       0x24 ./Main/Tiremo/microphone/bsp/tiremo_mic_bsp.o
 .text.TIREMO_MIC_BSP_CalcGra
                0x00000fe8       0x24 ./Main/Tiremo/microphone/bsp/tiremo_mic_bsp.o
 .text.TIREMO_MIC_BSP_ApplyCaptureRuntime
                0x0000100c       0x18 ./Main/Tiremo/microphone/bsp/tiremo_mic_bsp.o
 .text.TIREMO_MIC_BSP_ArmDma
                0x00001024        0x4 ./Main/Tiremo/microphone/bsp/tiremo_mic_bsp.o
 .text.TIREMO_MIC_BSP_AdcIrqMask
                0x00001028       0x2c ./Main/Tiremo/microphone/bsp/tiremo_mic_bsp.o
 .text.TIREMO_MIC_BSP_ReadPendingEvents
                0x00001054       0x6c ./Main/Tiremo/microphone/bsp/tiremo_mic_bsp.o
 .text.TIREMO_MIC_BSP_SetCaptureIrqPoll
                0x000010c0       0x24 ./Main/Tiremo/microphone/bsp/tiremo_mic_bsp.o
 .text.TIREMO_MIC_BSP_SetDataHandlers
                0x000010e4       0x24 ./Main/Tiremo/microphone/bsp/tiremo_mic_bsp.o
                0x000010e4                TIREMO_MIC_BSP_SetDataHandlers
 .text.TIREMO_MIC_BSP_DbgStep
                0x00001108        0x2 ./Main/Tiremo/microphone/bsp/tiremo_mic_bsp.o
                0x00001108                TIREMO_MIC_BSP_DbgStep
 *fill*         0x0000110a        0x2 
 .text.TIREMO_MIC_BSP_Dbg
                0x0000110c       0x10 ./Main/Tiremo/microphone/bsp/tiremo_mic_bsp.o
 .text.TIREMO_MIC_BSP_SetSampleRate
                0x0000111c       0x34 ./Main/Tiremo/microphone/bsp/tiremo_mic_bsp.o
                0x0000111c                TIREMO_MIC_BSP_SetSampleRate
 .text.TIREMO_MIC_Init
                0x00001150       0x1c ./Main/Tiremo/microphone/bsp/tiremo_mic_bsp.o
                0x00001150                TIREMO_MIC_Init
 .text.TIREMO_MIC_BSP_Start
                0x0000116c       0xc4 ./Main/Tiremo/microphone/bsp/tiremo_mic_bsp.o
                0x0000116c                TIREMO_MIC_BSP_Start
 .text.TIREMO_MIC_BSP_Stop
                0x00001230       0x30 ./Main/Tiremo/microphone/bsp/tiremo_mic_bsp.o
                0x00001230                TIREMO_MIC_BSP_Stop
 .text.TIREMO_MIC_BSP_IrqHandler
                0x00001260       0x84 ./Main/Tiremo/microphone/bsp/tiremo_mic_bsp.o
                0x00001260                TIREMO_MIC_BSP_IrqHandler
 .text.TIREMO_MIC_BSP_Service
                0x000012e4       0x20 ./Main/Tiremo/microphone/bsp/tiremo_mic_bsp.o
                0x000012e4                TIREMO_MIC_BSP_Service
 .text.TIREMO_MIC_App_ValidateConfig
                0x00001304       0x34 ./Main/Tiremo/microphone/app/tiremo_mic_app.o
 .text.TIREMO_MIC_App_ResetVoiceState
                0x00001338       0x24 ./Main/Tiremo/microphone/app/tiremo_mic_app.o
 .text.TIREMO_MIC_App_Isqrt64
                0x0000135c       0x6c ./Main/Tiremo/microphone/app/tiremo_mic_app.o
 .text.TIREMO_MIC_App_BufferRms
                0x000013c8       0x4a ./Main/Tiremo/microphone/app/tiremo_mic_app.o
 *fill*         0x00001412        0x2 
 .text.TIREMO_MIC_App_UpdateVoiceLevel
                0x00001414       0x4c ./Main/Tiremo/microphone/app/tiremo_mic_app.o
 .text.TIREMO_MIC_App_StateToAlert
                0x00001460       0x14 ./Main/Tiremo/microphone/app/tiremo_mic_app.o
 .text.TIREMO_MIC_App_UpdateVoiceState
                0x00001474      0x104 ./Main/Tiremo/microphone/app/tiremo_mic_app.o
 .text.TIREMO_MIC_App_RegisterBspHandlers
                0x00001578       0x10 ./Main/Tiremo/microphone/app/tiremo_mic_app.o
 .text.TIREMO_MIC_App_ProcessVoice
                0x00001588       0x28 ./Main/Tiremo/microphone/app/tiremo_mic_app.o
                0x00001588                TIREMO_MIC_App_ProcessVoice
 .text.TIREMO_MIC_App_GetVoiceLevel
                0x000015b0        0xc ./Main/Tiremo/microphone/app/tiremo_mic_app.o
                0x000015b0                TIREMO_MIC_App_GetVoiceLevel
 .text.TIREMO_MIC_App_GetDefaultConfig
                0x000015bc       0x1c ./Main/Tiremo/microphone/app/tiremo_mic_app.o
                0x000015bc                TIREMO_MIC_App_GetDefaultConfig
 .text.TIREMO_MIC_App_Init
                0x000015d8       0x98 ./Main/Tiremo/microphone/app/tiremo_mic_app.o
                0x000015d8                TIREMO_MIC_App_Init
 .text.TIREMO_MIC_App_InitDefault
                0x00001670       0x16 ./Main/Tiremo/microphone/app/tiremo_mic_app.o
                0x00001670                TIREMO_MIC_App_InitDefault
 *fill*         0x00001686        0x2 
 .text.TIREMO_MIC_App_Start
                0x00001688       0x5c ./Main/Tiremo/microphone/app/tiremo_mic_app.o
                0x00001688                TIREMO_MIC_App_Start
 .text.TIREMO_MIC_App_Stop
                0x000016e4       0x1c ./Main/Tiremo/microphone/app/tiremo_mic_app.o
                0x000016e4                TIREMO_MIC_App_Stop
 .text.TIREMO_MIC_App_GetState
                0x00001700        0xc ./Main/Tiremo/microphone/app/tiremo_mic_app.o
                0x00001700                TIREMO_MIC_App_GetState
 .text.TIREMO_MIC_App_GetSampleCount
                0x0000170c        0xc ./Main/Tiremo/microphone/app/tiremo_mic_app.o
                0x0000170c                TIREMO_MIC_App_GetSampleCount
 .text.TIREMO_MIC_App_ApplyHpFilter
                0x00001718       0x6c ./Main/Tiremo/microphone/app/tiremo_mic_app.o
                0x00001718                TIREMO_MIC_App_ApplyHpFilter
 .text.TIREMO_MIC_App_OnVoiceAlert
                0x00001784        0xc ./Main/Tiremo/microphone/app/tiremo_mic_app.o
                0x00001784                TIREMO_MIC_App_OnVoiceAlert
 .text.TIREMO_MIC_App_HandleBufferReady
                0x00001790       0x34 ./Main/Tiremo/microphone/app/tiremo_mic_app.o
 .text.TIREMO_MIC_App_StoreSample
                0x000017c4       0x60 ./Main/Tiremo/microphone/app/tiremo_mic_app.o
 .text.TIREMO_MIC_App_HandleSample
                0x00001824       0x18 ./Main/Tiremo/microphone/app/tiremo_mic_app.o
 .text.TIREMO_MIC_App_HandleDmaBlock
                0x0000183c       0x2c ./Main/Tiremo/microphone/app/tiremo_mic_app.o
 .text.hal_i2c_read_buffer
                0x00001868       0x34 ./Main/Tiremo/lis2de12tr/bsp/lib/tiremo_lis2de12tr_driver.o
                0x00001868                hal_i2c_read_buffer
 .text.lis2de12_read_reg
                0x0000189c       0x20 ./Main/Tiremo/lis2de12tr/bsp/lib/tiremo_lis2de12tr_driver.o
                0x0000189c                lis2de12_read_reg
 .text.lis2de12_device_id_get
                0x000018bc        0xe ./Main/Tiremo/lis2de12tr/bsp/lib/tiremo_lis2de12tr_driver.o
                0x000018bc                lis2de12_device_id_get
 *fill*         0x000018ca        0x2 
 .text.hal_i2c_write_buffer
                0x000018cc       0x60 ./Main/Tiremo/lis2de12tr/bsp/lib/tiremo_lis2de12tr_driver.o
                0x000018cc                hal_i2c_write_buffer
 .text.lis2de12_write_reg
                0x0000192c       0x20 ./Main/Tiremo/lis2de12tr/bsp/lib/tiremo_lis2de12tr_driver.o
                0x0000192c                lis2de12_write_reg
 .text.lis2de12_temperature_meas_set
                0x0000194c       0x2e ./Main/Tiremo/lis2de12tr/bsp/lib/tiremo_lis2de12tr_driver.o
                0x0000194c                lis2de12_temperature_meas_set
 .text.lis2de12_data_rate_set
                0x0000197a       0x40 ./Main/Tiremo/lis2de12tr/bsp/lib/tiremo_lis2de12tr_driver.o
                0x0000197a                lis2de12_data_rate_set
 .text.lis2de12_full_scale_set
                0x000019ba       0x2e ./Main/Tiremo/lis2de12tr/bsp/lib/tiremo_lis2de12tr_driver.o
                0x000019ba                lis2de12_full_scale_set
 .text.lis2de12_block_data_update_set
                0x000019e8       0x2e ./Main/Tiremo/lis2de12tr/bsp/lib/tiremo_lis2de12tr_driver.o
                0x000019e8                lis2de12_block_data_update_set
 .text.lis2de12_boot_set
                0x00001a16       0x2e ./Main/Tiremo/lis2de12tr/bsp/lib/tiremo_lis2de12tr_driver.o
                0x00001a16                lis2de12_boot_set
 .text.__NVIC_DisableIRQ
                0x00001a44       0x24 ./Main/Tiremo/lis2de12tr/bsp/lib/tiremo_lis2de12tr_i2c_hal.o
 .text.I2C_GetIRQNum
                0x00001a68       0x22 ./Main/Tiremo/lis2de12tr/bsp/lib/tiremo_lis2de12tr_i2c_hal.o
 *fill*         0x00001a8a        0x2 
 .text.tiremo_lis2de12tr_i2c_get_op_status
                0x00001a8c       0x20 ./Main/Tiremo/lis2de12tr/bsp/lib/tiremo_lis2de12tr_i2c_hal.o
 .text.tiremo_lis2de12tr_i2c_set_op_stop
                0x00001aac       0x28 ./Main/Tiremo/lis2de12tr/bsp/lib/tiremo_lis2de12tr_i2c_hal.o
 .text.tiremo_lis2de12tr_i2c_flush_flags
                0x00001ad4       0x18 ./Main/Tiremo/lis2de12tr/bsp/lib/tiremo_lis2de12tr_i2c_hal.o
 .text.tiremo_lis2de12tr_i2c_bus_begin
                0x00001aec       0x1c ./Main/Tiremo/lis2de12tr/bsp/lib/tiremo_lis2de12tr_i2c_hal.o
 .text.tiremo_lis2de12tr_i2c_bus_end
                0x00001b08       0x3c ./Main/Tiremo/lis2de12tr/bsp/lib/tiremo_lis2de12tr_i2c_hal.o
 .text.tiremo_lis2de12tr_i2c_apply_config
                0x00001b44       0x40 ./Main/Tiremo/lis2de12tr/bsp/lib/tiremo_lis2de12tr_i2c_hal.o
 .text.tiremo_lis2de12tr_i2c_prepare_bus
                0x00001b84       0x36 ./Main/Tiremo/lis2de12tr/bsp/lib/tiremo_lis2de12tr_i2c_hal.o
                0x00001b84                tiremo_lis2de12tr_i2c_prepare_bus
 *fill*         0x00001bba        0x2 
 .text.tiremo_lis2de12tr_i2c_full_recover
                0x00001bbc       0x2c ./Main/Tiremo/lis2de12tr/bsp/lib/tiremo_lis2de12tr_i2c_hal.o
                0x00001bbc                tiremo_lis2de12tr_i2c_full_recover
 .text.tiremo_lis2de12tr_i2c_on_error
                0x00001be8       0x20 ./Main/Tiremo/lis2de12tr/bsp/lib/tiremo_lis2de12tr_i2c_hal.o
 .text.tiremo_lis2de12tr_i2c_write_read
                0x00001c08      0x1e8 ./Main/Tiremo/lis2de12tr/bsp/lib/tiremo_lis2de12tr_i2c_hal.o
                0x00001c08                tiremo_lis2de12tr_i2c_write_read
 .text.TIREMO_LIS2DE12TR_BSP_ProbeWhoAmI
                0x00001df0       0x44 ./Main/Tiremo/lis2de12tr/bsp/tiremo_lis2de12tr_bsp.o
 .text.TIREMO_LIS2DE12TR_BSP_VerifyCtrl1
                0x00001e34       0x64 ./Main/Tiremo/lis2de12tr/bsp/tiremo_lis2de12tr_bsp.o
 .text.TIREMO_LIS2DE12TR_BSP_Init
                0x00001e98       0xa0 ./Main/Tiremo/lis2de12tr/bsp/tiremo_lis2de12tr_bsp.o
                0x00001e98                TIREMO_LIS2DE12TR_BSP_Init
 .text.TIREMO_LIS2DE12TR_BSP_ReadAccel
                0x00001f38      0x108 ./Main/Tiremo/lis2de12tr/bsp/tiremo_lis2de12tr_bsp.o
                0x00001f38                TIREMO_LIS2DE12TR_BSP_ReadAccel
 .text.TIREMO_LIS2DE12TR_App_Init
                0x00002040       0x14 ./Main/Tiremo/lis2de12tr/app/tiremo_lis2de12tr_app.o
                0x00002040                TIREMO_LIS2DE12TR_App_Init
 .text.TIREMO_LIS2DE12TR_App_ReadAccel
                0x00002054       0x28 ./Main/Tiremo/lis2de12tr/app/tiremo_lis2de12tr_app.o
                0x00002054                TIREMO_LIS2DE12TR_App_ReadAccel
 .text.TIREMO_LED_IsValidId
                0x0000207c        0xa ./Main/Tiremo/led/bsp/tiremo_led_bsp.o
 *fill*         0x00002086        0x2 
 .text.TIREMO_LED_WritePin
                0x00002088       0x3c ./Main/Tiremo/led/bsp/tiremo_led_bsp.o
 .text.TIREMO_LED_Init
                0x000020c4       0x16 ./Main/Tiremo/led/bsp/tiremo_led_bsp.o
                0x000020c4                TIREMO_LED_Init
 .text.TIREMO_LED_On
                0x000020da       0x16 ./Main/Tiremo/led/bsp/tiremo_led_bsp.o
                0x000020da                TIREMO_LED_On
 .text.TIREMO_LED_Off
                0x000020f0       0x16 ./Main/Tiremo/led/bsp/tiremo_led_bsp.o
                0x000020f0                TIREMO_LED_Off
 .text.TIREMO_LED_AllOff
                0x00002106       0x16 ./Main/Tiremo/led/bsp/tiremo_led_bsp.o
                0x00002106                TIREMO_LED_AllOff
 .text.TIREMO_LED_App_Blink
                0x0000211c       0x20 ./Main/Tiremo/led/app/tiremo_led_app.o
                0x0000211c                TIREMO_LED_App_Blink
 .text.TIREMO_LED_App_Wave
                0x0000213c       0x32 ./Main/Tiremo/led/app/tiremo_led_app.o
                0x0000213c                TIREMO_LED_App_Wave
 .text.TIREMO_ESP32_BSP_PowerOn
                0x0000216e        0xe ./Main/Tiremo/esp32/bsp/tiremo_esp32_bsp.o
                0x0000216e                TIREMO_ESP32_BSP_PowerOn
 .text.TIREMO_ESP32_BSP_Init
                0x0000217c       0x24 ./Main/Tiremo/esp32/bsp/tiremo_esp32_bsp.o
                0x0000217c                TIREMO_ESP32_BSP_Init
 .text.TIREMO_ESP32_BSP_PowerOff
                0x000021a0        0xe ./Main/Tiremo/esp32/bsp/tiremo_esp32_bsp.o
                0x000021a0                TIREMO_ESP32_BSP_PowerOff
 .text.TIREMO_ESP32_BSP_PowerCycle
                0x000021ae       0x1c ./Main/Tiremo/esp32/bsp/tiremo_esp32_bsp.o
                0x000021ae                TIREMO_ESP32_BSP_PowerCycle
 *fill*         0x000021ca        0x2 
 .text.TIREMO_ESP32_BSP_SendAtCommand
                0x000021cc       0xa0 ./Main/Tiremo/esp32/bsp/tiremo_esp32_bsp.o
                0x000021cc                TIREMO_ESP32_BSP_SendAtCommand
 .text.TIREMO_ESP32_App_TryAtOnce
                0x0000226c       0x20 ./Main/Tiremo/esp32/app/tiremo_esp32_app.o
 .text.TIREMO_ESP32_App_Init
                0x0000228c       0x14 ./Main/Tiremo/esp32/app/tiremo_esp32_app.o
                0x0000228c                TIREMO_ESP32_App_Init
 .text.TIREMO_ESP32_App_RunAtTest
                0x000022a0       0x58 ./Main/Tiremo/esp32/app/tiremo_esp32_app.o
                0x000022a0                TIREMO_ESP32_App_RunAtTest
 .text.TIREMO_ESP32_App_RunAtTestWithRecovery
                0x000022f8       0x44 ./Main/Tiremo/esp32/app/tiremo_esp32_app.o
                0x000022f8                TIREMO_ESP32_App_RunAtTestWithRecovery
 .text.SysTick_Handler
                0x0000233c       0x28 ./Main/Tiremo/common/tiremo_systick.o
                0x0000233c                SysTick_Handler
 .text.TIREMO_SysTick_Init
                0x00002364       0x44 ./Main/Tiremo/common/tiremo_systick.o
                0x00002364                TIREMO_SysTick_Init
 .text.TIREMO_SysTick_DelayMs
                0x000023a8       0x14 ./Main/Tiremo/common/tiremo_systick.o
                0x000023a8                TIREMO_SysTick_DelayMs
 .text.TIREMO_SysTick_GetMs
                0x000023bc        0xc ./Main/Tiremo/common/tiremo_systick.o
                0x000023bc                TIREMO_SysTick_GetMs
 .text.TIREMO_BTN_IsValidId
                0x000023c8        0x8 ./Main/Tiremo/button/bsp/tiremo_button_bsp.o
 .text.TIREMO_BTN_Init
                0x000023d0       0x1c ./Main/Tiremo/button/bsp/tiremo_button_bsp.o
                0x000023d0                TIREMO_BTN_Init
 .text.TIREMO_BTN_ReadRaw
                0x000023ec       0x30 ./Main/Tiremo/button/bsp/tiremo_button_bsp.o
                0x000023ec                TIREMO_BTN_ReadRaw
 .text.TIREMO_BTN_IsPressed
                0x0000241c        0xe ./Main/Tiremo/button/bsp/tiremo_button_bsp.o
                0x0000241c                TIREMO_BTN_IsPressed
 .text.TIREMO_BTN_GetState
                0x0000242a        0xe ./Main/Tiremo/button/bsp/tiremo_button_bsp.o
                0x0000242a                TIREMO_BTN_GetState
 .text.TIREMO_BTN_App_Init
                0x00002438       0x1c ./Main/Tiremo/button/app/tiremo_button_app.o
                0x00002438                TIREMO_BTN_App_Init
 .text.TIREMO_BAT_BSP_Init
                0x00002454       0x28 ./Main/Tiremo/battery/bsp/tiremo_battery_bsp.o
                0x00002454                TIREMO_BAT_BSP_Init
 .text.TIREMO_BAT_BSP_ReadChannel
                0x0000247c       0x94 ./Main/Tiremo/battery/bsp/tiremo_battery_bsp.o
                0x0000247c                TIREMO_BAT_BSP_ReadChannel
 .text.TIREMO_BAT_BSP_ReadVcore
                0x00002510        0xc ./Main/Tiremo/battery/bsp/tiremo_battery_bsp.o
                0x00002510                TIREMO_BAT_BSP_ReadVcore
 .text.TIREMO_BAT_App_CalcAvdd
                0x0000251c       0x1a ./Main/Tiremo/battery/app/tiremo_battery_app.o
 *fill*         0x00002536        0x2 
 .text.TIREMO_BAT_App_Init
                0x00002538       0x24 ./Main/Tiremo/battery/app/tiremo_battery_app.o
                0x00002538                TIREMO_BAT_App_Init
 .text.TIREMO_BAT_App_Read
                0x0000255c       0x6c ./Main/Tiremo/battery/app/tiremo_battery_app.o
                0x0000255c                TIREMO_BAT_App_Read
 .text.PRV_StartUart
                0x000025c8       0x20 ./Main/Tiremo/DebugLibrary/debug_framework.o
 .text.PRV_TransmitBlocking
                0x000025e8       0x20 ./Main/Tiremo/DebugLibrary/debug_framework.o
 .text.DebugFramework_Init
                0x00002608       0x14 ./Main/Tiremo/DebugLibrary/debug_framework.o
                0x00002608                DebugFramework_Init
 .text.DebugFramework_Puts
                0x0000261c       0x24 ./Main/Tiremo/DebugLibrary/debug_framework.o
                0x0000261c                DebugFramework_Puts
 .text.DebugFramework_PutsLine
                0x00002640       0x14 ./Main/Tiremo/DebugLibrary/debug_framework.o
                0x00002640                DebugFramework_PutsLine
 .text.DebugFramework_Printf
                0x00002654       0x3c ./Main/Tiremo/DebugLibrary/debug_framework.o
                0x00002654                DebugFramework_Printf
 .text.fleet_uart_drain
                0x00002690       0x30 ./Main/Mqtt_Library/cert_Lib/mqtt_cert_provision.o
 .text.fleet_at_sync
                0x000026c0       0x34 ./Main/Mqtt_Library/cert_Lib/mqtt_cert_provision.o
 .text.fleet_slurp_uart
                0x000026f4       0xe0 ./Main/Mqtt_Library/cert_Lib/mqtt_cert_provision.o
 .text.fleet_extract_json_string
                0x000027d4       0xc8 ./Main/Mqtt_Library/cert_Lib/mqtt_cert_provision.o
 .text.fleet_extract_payloads
                0x0000289c      0x16c ./Main/Mqtt_Library/cert_Lib/mqtt_cert_provision.o
 .text.fleet_wait_subrecv
                0x00002a08       0xe0 ./Main/Mqtt_Library/cert_Lib/mqtt_cert_provision.o
 .text.fleet_pub_and_collect
                0x00002ae8       0x7c ./Main/Mqtt_Library/cert_Lib/mqtt_cert_provision.o
 .text.MqttFleet_IsProvisioned
                0x00002b64       0xb0 ./Main/Mqtt_Library/cert_Lib/mqtt_cert_provision.o
                0x00002b64                MqttFleet_IsProvisioned
 .text.fleet_set_provisioned_marker
                0x00002c14      0x11c ./Main/Mqtt_Library/cert_Lib/mqtt_cert_provision.o
 .text.MqttFleet_UploadBootstrap
                0x00002d30       0x4c ./Main/Mqtt_Library/cert_Lib/mqtt_cert_provision.o
                0x00002d30                MqttFleet_UploadBootstrap
 .text.MqttFleet_Run
                0x00002d7c      0x400 ./Main/Mqtt_Library/cert_Lib/mqtt_cert_provision.o
                0x00002d7c                MqttFleet_Run
 .text.MqttFleet_MarkProvisioned
                0x0000317c       0x1a ./Main/Mqtt_Library/cert_Lib/mqtt_cert_provision.o
                0x0000317c                MqttFleet_MarkProvisioned
 .text.cert_pem_valid
                0x00003196       0x10 ./Main/Mqtt_Library/cert_Lib/mqtt_certs.o
 .text.cert_strnlen
                0x000031a6       0x14 ./Main/Mqtt_Library/cert_Lib/mqtt_certs.o
 *fill*         0x000031ba        0x2 
 .text.mqtt_certs_load
                0x000031bc       0xc0 ./Main/Mqtt_Library/cert_Lib/mqtt_certs.o
 .text.MqttCerts_GetRootCA
                0x0000327c       0x20 ./Main/Mqtt_Library/cert_Lib/mqtt_certs.o
                0x0000327c                MqttCerts_GetRootCA
 .text.MqttCerts_GetClientCert
                0x0000329c       0x20 ./Main/Mqtt_Library/cert_Lib/mqtt_certs.o
                0x0000329c                MqttCerts_GetClientCert
 .text.MqttCerts_GetPrivateKey
                0x000032bc       0x20 ./Main/Mqtt_Library/cert_Lib/mqtt_certs.o
                0x000032bc                MqttCerts_GetPrivateKey
 .text.MqttCerts_GetRootCALen
                0x000032dc       0x10 ./Main/Mqtt_Library/cert_Lib/mqtt_certs.o
                0x000032dc                MqttCerts_GetRootCALen
 .text.MqttCerts_GetClientCertLen
                0x000032ec       0x10 ./Main/Mqtt_Library/cert_Lib/mqtt_certs.o
                0x000032ec                MqttCerts_GetClientCertLen
 .text.MqttCerts_GetPrivateKeyLen
                0x000032fc       0x10 ./Main/Mqtt_Library/cert_Lib/mqtt_certs.o
                0x000032fc                MqttCerts_GetPrivateKeyLen
 .text.MqttCerts_HasEmbedded
                0x0000330c       0x2c ./Main/Mqtt_Library/cert_Lib/mqtt_certs.o
                0x0000330c                MqttCerts_HasEmbedded
 .text.MqttCerts_SetPermanent
                0x00003338       0x7c ./Main/Mqtt_Library/cert_Lib/mqtt_certs.o
                0x00003338                MqttCerts_SetPermanent
 .text.mqtt_connect_broker_internal
                0x000033b4       0x80 ./Main/Mqtt_Library/EMPA_MqttAws.o
 .text.MQTT_ConnectBroker
                0x00003434        0xa ./Main/Mqtt_Library/EMPA_MqttAws.o
                0x00003434                MQTT_ConnectBroker
 .text.MQTT_ConnectBrokerQuiet
                0x0000343e        0xa ./Main/Mqtt_Library/EMPA_MqttAws.o
                0x0000343e                MQTT_ConnectBrokerQuiet
 .text.MQTT_PublishSensorData
                0x00003448       0x4c ./Main/Mqtt_Library/EMPA_MqttAws.o
                0x00003448                MQTT_PublishSensorData
 .text.MQTT_PublishAlarm
                0x00003494       0x44 ./Main/Mqtt_Library/EMPA_MqttAws.o
                0x00003494                MQTT_PublishAlarm
 .text.port_status_to_func
                0x000034d8       0x10 ./Main/Mqtt_Library/mqtt_core.o
 .text.mqtt_scheme_needs_client_cert
                0x000034e8       0x10 ./Main/Mqtt_Library/mqtt_core.o
 .text.mqtt_scheme_needs_sni
                0x000034f8       0x10 ./Main/Mqtt_Library/mqtt_core.o
 .text.wifi_wait_for_prompt
                0x00003508       0x68 ./Main/Mqtt_Library/mqtt_core.o
 .text.MqttPort_Init
                0x00003570        0xc ./Main/Mqtt_Library/mqtt_core.o
                0x00003570                MqttPort_Init
 .text.MqttPort_Get
                0x0000357c        0xc ./Main/Mqtt_Library/mqtt_core.o
                0x0000357c                MqttPort_Get
 .text.Wifi_SendCommand
                0x00003588       0x2c ./Main/Mqtt_Library/mqtt_core.o
                0x00003588                Wifi_SendCommand
 .text.Wifi_SendCommand2
                0x000035b4       0x20 ./Main/Mqtt_Library/mqtt_core.o
                0x000035b4                Wifi_SendCommand2
 .text.Wifi_Receive
                0x000035d4       0x40 ./Main/Mqtt_Library/mqtt_core.o
                0x000035d4                Wifi_Receive
 .text.Wifi_CheckResponse
                0x00003614       0x5c ./Main/Mqtt_Library/mqtt_core.o
                0x00003614                Wifi_CheckResponse
 .text.wifi_sysmfg_write_binary
                0x00003670       0xa0 ./Main/Mqtt_Library/mqtt_core.o
 .text.Wifi_Reset2
                0x00003710       0x78 ./Main/Mqtt_Library/mqtt_core.o
                0x00003710                Wifi_Reset2
 .text.Wifi_SetWifiMode2
                0x00003788       0x80 ./Main/Mqtt_Library/mqtt_core.o
                0x00003788                Wifi_SetWifiMode2
 .text.Wifi_StartSmartConfig2
                0x00003808       0x64 ./Main/Mqtt_Library/mqtt_core.o
                0x00003808                Wifi_StartSmartConfig2
 .text.Wifi_StopSmartConfig2
                0x0000386c       0x64 ./Main/Mqtt_Library/mqtt_core.o
                0x0000386c                Wifi_StopSmartConfig2
 .text.Wifi_QAP2
                0x000038d0       0x64 ./Main/Mqtt_Library/mqtt_core.o
                0x000038d0                Wifi_QAP2
 .text.Wifi_SetAP2
                0x00003934       0x8c ./Main/Mqtt_Library/mqtt_core.o
                0x00003934                Wifi_SetAP2
 .text.Wifi_SetTime2
                0x000039c0       0x80 ./Main/Mqtt_Library/mqtt_core.o
                0x000039c0                Wifi_SetTime2
 .text.Wifi_MqttUserConfig2
                0x00003a40       0x98 ./Main/Mqtt_Library/mqtt_core.o
                0x00003a40                Wifi_MqttUserConfig2
 .text.Wifi_MqttCertsUpload2
                0x00003ad8       0xf4 ./Main/Mqtt_Library/mqtt_core.o
                0x00003ad8                Wifi_MqttCertsUpload2
 .text.Wifi_MqttSni2
                0x00003bcc       0x80 ./Main/Mqtt_Library/mqtt_core.o
                0x00003bcc                Wifi_MqttSni2
 .text.Wifi_MqttConnConfig2
                0x00003c4c       0x8c ./Main/Mqtt_Library/mqtt_core.o
                0x00003c4c                Wifi_MqttConnConfig2
 .text.Wifi_MqttConn2
                0x00003cd8       0x88 ./Main/Mqtt_Library/mqtt_core.o
                0x00003cd8                Wifi_MqttConn2
 .text.Wifi_GetMqttConn2
                0x00003d60       0x7c ./Main/Mqtt_Library/mqtt_core.o
                0x00003d60                Wifi_GetMqttConn2
 .text.Wifi_MqttClean2
                0x00003ddc       0x64 ./Main/Mqtt_Library/mqtt_core.o
                0x00003ddc                Wifi_MqttClean2
 .text.Wifi_MqttSub2
                0x00003e40       0xb0 ./Main/Mqtt_Library/mqtt_core.o
                0x00003e40                Wifi_MqttSub2
 .text.Wifi_MqttPubRaw2
                0x00003ef0      0x1ac ./Main/Mqtt_Library/mqtt_core.o
                0x00003ef0                Wifi_MqttPubRaw2
 .text.parse_wifi_info
                0x0000409c       0x60 ./Main/Mqtt_Library/mqtt_core.o
                0x0000409c                parse_wifi_info
 .text.LED_MqttTXBlink
                0x000040fc       0x28 ./Main/Mqtt_Library/mqtt_core.o
                0x000040fc                LED_MqttTXBlink
 .text.LED_Mqttconnected
                0x00004124       0x18 ./Main/Mqtt_Library/mqtt_core.o
                0x00004124                LED_Mqttconnected
 .text.LED_WifiConnected
                0x0000413c       0x18 ./Main/Mqtt_Library/mqtt_core.o
                0x0000413c                LED_WifiConnected
 .text.MQTT_Init
                0x00004154      0x9ac ./Main/Mqtt_Library/mqtt_core.o
                0x00004154                MQTT_Init
 .text.abov_get_tick_ms
                0x00004b00        0xc ./Main/Mqtt_Library/mqtt_port_abov.o
 .text.abov_debug_print
                0x00004b0c       0x16 ./Main/Mqtt_Library/mqtt_port_abov.o
 .text.abov_uart_transmit
                0x00004b22       0x2c ./Main/Mqtt_Library/mqtt_port_abov.o
 *fill*         0x00004b4e        0x2 
 .text.abov_gpio_write
                0x00004b50       0x28 ./Main/Mqtt_Library/mqtt_port_abov.o
 .text.abov_timer_stop
                0x00004b78       0x10 ./Main/Mqtt_Library/mqtt_port_abov.o
 .text.abov_timer_start
                0x00004b88       0x10 ./Main/Mqtt_Library/mqtt_port_abov.o
 .text.abov_delay_ms
                0x00004b98        0x8 ./Main/Mqtt_Library/mqtt_port_abov.o
 .text.abov_uart_is_rx_busy
                0x00004ba0       0x22 ./Main/Mqtt_Library/mqtt_port_abov.o
 .text.abov_uart_is_tx_ready
                0x00004bc2       0x22 ./Main/Mqtt_Library/mqtt_port_abov.o
 .text.abov_uart_abort_receive_it
                0x00004be4       0x10 ./Main/Mqtt_Library/mqtt_port_abov.o
 .text.abov_uart_receive_it
                0x00004bf4       0x1e ./Main/Mqtt_Library/mqtt_port_abov.o
 *fill*         0x00004c12        0x2 
 .text.abov_uart_receive
                0x00004c14       0x48 ./Main/Mqtt_Library/mqtt_port_abov.o
 .text.MqttPort_ABOV_TickIncrement
                0x00004c5c       0x10 ./Main/Mqtt_Library/mqtt_port_abov.o
                0x00004c5c                MqttPort_ABOV_TickIncrement
 .text.MqttPort_ABOV_Init
                0x00004c6c       0x10 ./Main/Mqtt_Library/mqtt_port_abov.o
                0x00004c6c                MqttPort_ABOV_Init
 .text.PRV_PORT_Init
                0x00004c7c      0x130 ./Main/main.o
 .text.main     0x00004dac       0x22 ./Main/main.o
                0x00004dac                main
 *fill*         0x00004dce        0x2 
 .text.PRV_SCU_CLK_Init
                0x00004dd0       0x88 ./Main/prv_scu_clk.o
                0x00004dd0                PRV_SCU_CLK_Init
 .text.PRV_USER_Code
                0x00004e58        0xc ./Main/prv_user_code.o
                0x00004e58                PRV_USER_Code
 .text.Init_ADC_ID_1
                0x00004e64       0x5c ./Main/user_adc.o
 .text.Init_ADC_ID_0
                0x00004ec0       0x88 ./Main/user_adc.o
 .text.PRV_ADC_Init
                0x00004f48        0xc ./Main/user_adc.o
                0x00004f48                PRV_ADC_Init
 .text.ADC_IRQHandler_ADC_ID_0
                0x00004f54        0x2 ./Main/user_adc_isr.o
                0x00004f54                ADC_IRQHandler_ADC_ID_0
 .text.ADC_IRQHandler_ADC_ID_1
                0x00004f56        0x2 ./Main/user_adc_isr.o
                0x00004f56                ADC_IRQHandler_ADC_ID_1
 .text.Init_I2C_ID_2
                0x00004f58       0x54 ./Main/user_i2c.o
 .text.PRV_I2C_Init
                0x00004fac        0x8 ./Main/user_i2c.o
                0x00004fac                PRV_I2C_Init
 .text.I2C_IRQHandler_I2C_ID_2
                0x00004fb4        0x2 ./Main/user_i2c_isr.o
                0x00004fb4                I2C_IRQHandler_I2C_ID_2
 *fill*         0x00004fb6        0x2 
 .text.Init_TIMER1_ID_0
                0x00004fb8       0x88 ./Main/user_timer1.o
 .text.PRV_Timer1_Init
                0x00005040        0x8 ./Main/user_timer1.o
                0x00005040                PRV_Timer1_Init
 .text.Timer1_IRQHandler_TIMER1_ID_0
                0x00005048        0x2 ./Main/user_timer1_isr.o
                0x00005048                Timer1_IRQHandler_TIMER1_ID_0
 *fill*         0x0000504a        0x2 
 .text.Init_UART_ID_0
                0x0000504c       0x5c ./Main/user_uart.o
 .text.Init_UART_ID_2
                0x000050a8       0x5c ./Main/user_uart.o
 .text.PRV_UART_Init
                0x00005104        0xc ./Main/user_uart.o
                0x00005104                PRV_UART_Init
 .text.UART_IRQHandler_UART_ID_0
                0x00005110        0x2 ./Main/user_uart_isr.o
                0x00005110                UART_IRQHandler_UART_ID_0
 .text.UART_IRQHandler_UART_ID_2
                0x00005112        0x2 ./Main/user_uart_isr.o
                0x00005112                UART_IRQHandler_UART_ID_2
 .text.__NVIC_EnableIRQ
                0x00005114       0x1c ./HAL/UART/hal_uart.o
 .text.__NVIC_DisableIRQ
                0x00005130       0x24 ./HAL/UART/hal_uart.o
 .text.__NVIC_SetPriority
                0x00005154       0x28 ./HAL/UART/hal_uart.o
 .text.UART_SetScuEnable
                0x0000517c       0xb0 ./HAL/UART/hal_uart.o
 .text.UART_GetIRQNum
                0x0000522c       0x50 ./HAL/UART/hal_uart.o
 .text.UART_SetClk
                0x0000527c       0xc0 ./HAL/UART/hal_uart.o
 .text.PRV_UART_GetReg
                0x0000533c        0xa ./HAL/UART/hal_uart.o
 .text.PRV_UART_SetScuEnable
                0x00005346        0x8 ./HAL/UART/hal_uart.o
 *fill*         0x0000534e        0x2 
 .text.PRV_UART_IRQHandler
                0x00005350      0x130 ./HAL/UART/hal_uart.o
 .text.PRV_UART_NMIHandler
                0x00005480       0x2c ./HAL/UART/hal_uart.o
 .text.HAL_UART_Init
                0x000054ac       0x58 ./HAL/UART/hal_uart.o
                0x000054ac                HAL_UART_Init
 .text.HAL_UART_SetClkConfig
                0x00005504       0x16 ./HAL/UART/hal_uart.o
                0x00005504                HAL_UART_SetClkConfig
 *fill*         0x0000551a        0x2 
 .text.HAL_UART_SetConfig
                0x0000551c       0xa8 ./HAL/UART/hal_uart.o
                0x0000551c                HAL_UART_SetConfig
 .text.HAL_UART_SetIRQ
                0x000055c4      0x114 ./HAL/UART/hal_uart.o
                0x000055c4                HAL_UART_SetIRQ
 .text.HAL_UART_Transmit
                0x000056d8       0xc4 ./HAL/UART/hal_uart.o
                0x000056d8                HAL_UART_Transmit
 .text.HAL_UART_Receive
                0x0000579c      0x10c ./HAL/UART/hal_uart.o
                0x0000579c                HAL_UART_Receive
 .text.HAL_UART_Abort
                0x000058a8       0x38 ./HAL/UART/hal_uart.o
                0x000058a8                HAL_UART_Abort
 .text.HAL_UART_GetBusyStatus
                0x000058e0       0x28 ./HAL/UART/hal_uart.o
                0x000058e0                HAL_UART_GetBusyStatus
 .text.HAL_UART_GetLineStatus
                0x00005908       0x1e ./HAL/UART/hal_uart.o
                0x00005908                HAL_UART_GetLineStatus
 .text.Interrupt63_Handler
                0x00005926        0xa ./HAL/UART/hal_uart.o
                0x00005926                Interrupt63_Handler
 .text.Interrupt64_Handler
                0x00005930        0xa ./HAL/UART/hal_uart.o
                0x00005930                Interrupt64_Handler
 .text.Interrupt65_Handler
                0x0000593a        0xa ./HAL/UART/hal_uart.o
                0x0000593a                Interrupt65_Handler
 .text.Interrupt66_Handler
                0x00005944        0xa ./HAL/UART/hal_uart.o
                0x00005944                Interrupt66_Handler
 .text.Interrupt67_Handler
                0x0000594e        0xa ./HAL/UART/hal_uart.o
                0x0000594e                Interrupt67_Handler
 .text.Interrupt68_Handler
                0x00005958        0xa ./HAL/UART/hal_uart.o
                0x00005958                Interrupt68_Handler
 .text.Interrupt108_Handler
                0x00005962        0xa ./HAL/UART/hal_uart.o
                0x00005962                Interrupt108_Handler
 .text.Interrupt109_Handler
                0x0000596c        0xa ./HAL/UART/hal_uart.o
                0x0000596c                Interrupt109_Handler
 .text.Interrupt110_Handler
                0x00005976        0xa ./HAL/UART/hal_uart.o
                0x00005976                Interrupt110_Handler
 .text.Interrupt111_Handler
                0x00005980        0xa ./HAL/UART/hal_uart.o
                0x00005980                Interrupt111_Handler
 .text.Interrupt112_Handler
                0x0000598a        0xa ./HAL/UART/hal_uart.o
                0x0000598a                Interrupt112_Handler
 .text.Interrupt113_Handler
                0x00005994        0xa ./HAL/UART/hal_uart.o
                0x00005994                Interrupt113_Handler
 .text.Interrupt114_Handler
                0x0000599e        0xa ./HAL/UART/hal_uart.o
                0x0000599e                Interrupt114_Handler
 .text.__NVIC_EnableIRQ
                0x000059a8       0x1c ./HAL/Timer1/hal_timer1.o
 .text.__NVIC_DisableIRQ
                0x000059c4       0x24 ./HAL/Timer1/hal_timer1.o
 .text.__NVIC_SetPriority
                0x000059e8       0x28 ./HAL/Timer1/hal_timer1.o
 .text.TIMER1_SetScuEnable
                0x00005a10       0x32 ./HAL/Timer1/hal_timer1.o
 .text.TIMER1_GetIRQNum
                0x00005a42       0x40 ./HAL/Timer1/hal_timer1.o
 .text.TIMER1_ConvMode
                0x00005a82       0x20 ./HAL/Timer1/hal_timer1.o
 .text.TIMER1_GetIntFlag
                0x00005aa2       0x26 ./HAL/Timer1/hal_timer1.o
 .text.TIMER1_SetMccrClk
                0x00005ac8       0x8e ./HAL/Timer1/hal_timer1.o
 .text.TIMER1_SetPClk
                0x00005b56       0x24 ./HAL/Timer1/hal_timer1.o
 .text.PRV_TIMER1_GetReg
                0x00005b7a        0xa ./HAL/Timer1/hal_timer1.o
 .text.PRV_TIMER1_SetScuEnable
                0x00005b84        0x8 ./HAL/Timer1/hal_timer1.o
 .text.PRV_TIMER1_IRQHandler
                0x00005b8c       0xd4 ./HAL/Timer1/hal_timer1.o
 .text.PRV_TIMER1_NMIHandler
                0x00005c60       0x28 ./HAL/Timer1/hal_timer1.o
 .text.HAL_TIMER1_Init
                0x00005c88       0x40 ./HAL/Timer1/hal_timer1.o
                0x00005c88                HAL_TIMER1_Init
 .text.HAL_TIMER1_SetClkConfig
                0x00005cc8       0x64 ./HAL/Timer1/hal_timer1.o
                0x00005cc8                HAL_TIMER1_SetClkConfig
 .text.HAL_TIMER1_SetConfig
                0x00005d2c       0xec ./HAL/Timer1/hal_timer1.o
                0x00005d2c                HAL_TIMER1_SetConfig
 .text.HAL_TIMER1_SetAdcTrgConfig
                0x00005e18       0x4e ./HAL/Timer1/hal_timer1.o
                0x00005e18                HAL_TIMER1_SetAdcTrgConfig
 *fill*         0x00005e66        0x2 
 .text.HAL_TIMER1_SetIRQ
                0x00005e68       0xf0 ./HAL/Timer1/hal_timer1.o
                0x00005e68                HAL_TIMER1_SetIRQ
 .text.HAL_TIMER1_SetData
                0x00005f58       0x2a ./HAL/Timer1/hal_timer1.o
                0x00005f58                HAL_TIMER1_SetData
 .text.HAL_TIMER1_Start
                0x00005f82       0x1c ./HAL/Timer1/hal_timer1.o
                0x00005f82                HAL_TIMER1_Start
 .text.HAL_TIMER1_Stop
                0x00005f9e       0x1c ./HAL/Timer1/hal_timer1.o
                0x00005f9e                HAL_TIMER1_Stop
 .text.HAL_TIMER1_SetInOutPort
                0x00005fba       0x22 ./HAL/Timer1/hal_timer1.o
                0x00005fba                HAL_TIMER1_SetInOutPort
 .text.HAL_TIMER1_SetInversionPort
                0x00005fdc       0x22 ./HAL/Timer1/hal_timer1.o
                0x00005fdc                HAL_TIMER1_SetInversionPort
 .text.Interrupt15_Handler
                0x00005ffe        0xa ./HAL/Timer1/hal_timer1.o
                0x00005ffe                Interrupt15_Handler
 .text.Interrupt16_Handler
                0x00006008        0xa ./HAL/Timer1/hal_timer1.o
                0x00006008                Interrupt16_Handler
 .text.Interrupt17_Handler
                0x00006012        0xa ./HAL/Timer1/hal_timer1.o
                0x00006012                Interrupt17_Handler
 .text.Interrupt18_Handler
                0x0000601c        0xa ./HAL/Timer1/hal_timer1.o
                0x0000601c                Interrupt18_Handler
 .text.Interrupt19_Handler
                0x00006026        0xa ./HAL/Timer1/hal_timer1.o
                0x00006026                Interrupt19_Handler
 .text.Interrupt20_Handler
                0x00006030        0xa ./HAL/Timer1/hal_timer1.o
                0x00006030                Interrupt20_Handler
 .text.Interrupt21_Handler
                0x0000603a        0xa ./HAL/Timer1/hal_timer1.o
                0x0000603a                Interrupt21_Handler
 .text.Interrupt22_Handler
                0x00006044        0xa ./HAL/Timer1/hal_timer1.o
                0x00006044                Interrupt22_Handler
 .text.Interrupt23_Handler
                0x0000604e        0xa ./HAL/Timer1/hal_timer1.o
                0x0000604e                Interrupt23_Handler
 .text.Interrupt24_Handler
                0x00006058        0xa ./HAL/Timer1/hal_timer1.o
                0x00006058                Interrupt24_Handler
 *fill*         0x00006062        0x2 
 .text.SCUCLK_SetFlashLatency
                0x00006064       0x58 ./HAL/SCU/hal_scu_clk.o
 .text.SCUCLK_SetMClk
                0x000060bc       0xe4 ./HAL/SCU/hal_scu_clk.o
 .text.SCUCLK_SetClkOut
                0x000061a0       0x68 ./HAL/SCU/hal_scu_clk.o
 .text.SCUCLK_SetPLLSrcDiv
                0x00006208       0x78 ./HAL/SCU/hal_scu_clk.o
 .text.PRV_SCUCLK_PLLDelay
                0x00006280       0x40 ./HAL/SCU/hal_scu_clk.o
 .text.PRV_SCUCLK_IRQHandler
                0x000062c0       0x78 ./HAL/SCU/hal_scu_clk.o
 .text.HAL_SCU_CLK_SetMClk
                0x00006338       0xc0 ./HAL/SCU/hal_scu_clk.o
                0x00006338                HAL_SCU_CLK_SetMClk
 .text.HAL_SCU_CLK_SetSrcEnable
                0x000063f8       0x62 ./HAL/SCU/hal_scu_clk.o
                0x000063f8                HAL_SCU_CLK_SetSrcEnable
 *fill*         0x0000645a        0x2 
 .text.HAL_SCU_CLK_SetPLLConfig
                0x0000645c       0xe4 ./HAL/SCU/hal_scu_clk.o
                0x0000645c                HAL_SCU_CLK_SetPLLConfig
 .text.HAL_SCU_CLK_SetOutput
                0x00006540       0x1c ./HAL/SCU/hal_scu_clk.o
                0x00006540                HAL_SCU_CLK_SetOutput
 .text.HAL_SCU_CLK_SetPClkDiv
                0x0000655c       0x30 ./HAL/SCU/hal_scu_clk.o
                0x0000655c                HAL_SCU_CLK_SetPClkDiv
 .text.Interrupt1_Handler
                0x0000658c        0xa ./HAL/SCU/hal_scu_clk.o
                0x0000658c                Interrupt1_Handler
 .text.Interrupt2_Handler
                0x00006596        0xa ./HAL/SCU/hal_scu_clk.o
                0x00006596                Interrupt2_Handler
 .text.Interrupt3_Handler
                0x000065a0        0xa ./HAL/SCU/hal_scu_clk.o
                0x000065a0                Interrupt3_Handler
 .text.PRV_PCU_GetVaildPort
                0x000065aa        0xe ./HAL/PCU/hal_pcu.o
 .text.PRV_PCU_IRQHandler
                0x000065b8       0x54 ./HAL/PCU/hal_pcu.o
 .text.PCU0_INT_IRQHandler
                0x0000660c       0x18 ./HAL/PCU/hal_pcu.o
 .text.PCU1_INT_IRQHandler
                0x00006624       0x18 ./HAL/PCU/hal_pcu.o
 .text.PCU2_INT_IRQHandler
                0x0000663c       0x18 ./HAL/PCU/hal_pcu.o
 .text.PCU3_INT_IRQHandler
                0x00006654       0x18 ./HAL/PCU/hal_pcu.o
 .text.PCU4_INT_IRQHandler
                0x0000666c       0x18 ./HAL/PCU/hal_pcu.o
 .text.PCU5_INT_IRQHandler
                0x00006684       0x18 ./HAL/PCU/hal_pcu.o
 .text.PCU6_INT_IRQHandler
                0x0000669c       0x18 ./HAL/PCU/hal_pcu.o
 .text.HAL_PCU_SetAltMode
                0x000066b4       0xa0 ./HAL/PCU/hal_pcu.o
                0x000066b4                HAL_PCU_SetAltMode
 .text.HAL_PCU_SetInOutMode
                0x00006754       0xa0 ./HAL/PCU/hal_pcu.o
                0x00006754                HAL_PCU_SetInOutMode
 .text.HAL_PCU_GetInputValue
                0x000067f4       0x2e ./HAL/PCU/hal_pcu.o
                0x000067f4                HAL_PCU_GetInputValue
 .text.HAL_PCU_SetOutputBit
                0x00006822       0x40 ./HAL/PCU/hal_pcu.o
                0x00006822                HAL_PCU_SetOutputBit
 .text.Interrupt36_Handler
                0x00006862        0x8 ./HAL/PCU/hal_pcu.o
                0x00006862                Interrupt36_Handler
 .text.Interrupt37_Handler
                0x0000686a        0x8 ./HAL/PCU/hal_pcu.o
                0x0000686a                Interrupt37_Handler
 .text.Interrupt38_Handler
                0x00006872        0x8 ./HAL/PCU/hal_pcu.o
                0x00006872                Interrupt38_Handler
 .text.Interrupt39_Handler
                0x0000687a        0x8 ./HAL/PCU/hal_pcu.o
                0x0000687a                Interrupt39_Handler
 .text.Interrupt40_Handler
                0x00006882        0x8 ./HAL/PCU/hal_pcu.o
                0x00006882                Interrupt40_Handler
 .text.Interrupt41_Handler
                0x0000688a        0x8 ./HAL/PCU/hal_pcu.o
                0x0000688a                Interrupt41_Handler
 .text.Interrupt42_Handler
                0x00006892        0x8 ./HAL/PCU/hal_pcu.o
                0x00006892                Interrupt42_Handler
 *fill*         0x0000689a        0x2 
 .text.__NVIC_EnableIRQ
                0x0000689c       0x1c ./HAL/I2C/hal_i2c.o
 .text.__NVIC_DisableIRQ
                0x000068b8       0x24 ./HAL/I2C/hal_i2c.o
 .text.__NVIC_SetPriority
                0x000068dc       0x28 ./HAL/I2C/hal_i2c.o
 .text.I2C_SetScuEnable
                0x00006904       0x32 ./HAL/I2C/hal_i2c.o
 .text.I2C_GetIRQNum
                0x00006936       0x22 ./HAL/I2C/hal_i2c.o
 .text.PRV_I2C_GetReg
                0x00006958        0xa ./HAL/I2C/hal_i2c.o
 .text.PRV_I2C_SetScuEnable
                0x00006962        0x8 ./HAL/I2C/hal_i2c.o
 .text.PRV_I2C_GetOpStatus
                0x0000696a        0xc ./HAL/I2C/hal_i2c.o
 .text.PRV_I2C_SetOpStop
                0x00006976       0x1a ./HAL/I2C/hal_i2c.o
 .text.PRV_I2C_IRQHandler
                0x00006990      0x34c ./HAL/I2C/hal_i2c.o
 .text.PRV_I2C_NMIHandler
                0x00006cdc       0x2c ./HAL/I2C/hal_i2c.o
 .text.HAL_I2C_Init
                0x00006d08       0x30 ./HAL/I2C/hal_i2c.o
                0x00006d08                HAL_I2C_Init
 .text.HAL_I2C_Uninit
                0x00006d38       0x54 ./HAL/I2C/hal_i2c.o
                0x00006d38                HAL_I2C_Uninit
 .text.HAL_I2C_SetConfig
                0x00006d8c       0x98 ./HAL/I2C/hal_i2c.o
                0x00006d8c                HAL_I2C_SetConfig
 .text.HAL_I2C_SetIRQ
                0x00006e24      0x114 ./HAL/I2C/hal_i2c.o
                0x00006e24                HAL_I2C_SetIRQ
 .text.HAL_I2C_Transmit
                0x00006f38      0x198 ./HAL/I2C/hal_i2c.o
                0x00006f38                HAL_I2C_Transmit
 .text.HAL_I2C_Receive
                0x000070d0      0x234 ./HAL/I2C/hal_i2c.o
                0x000070d0                HAL_I2C_Receive
 .text.Interrupt60_Handler
                0x00007304        0xa ./HAL/I2C/hal_i2c.o
                0x00007304                Interrupt60_Handler
 .text.Interrupt61_Handler
                0x0000730e        0xa ./HAL/I2C/hal_i2c.o
                0x0000730e                Interrupt61_Handler
 .text.Interrupt62_Handler
                0x00007318        0xa ./HAL/I2C/hal_i2c.o
                0x00007318                Interrupt62_Handler
 .text.Interrupt100_Handler
                0x00007322        0xa ./HAL/I2C/hal_i2c.o
                0x00007322                Interrupt100_Handler
 .text.PRV_NMI_IRQHandler
                0x0000732c       0x70 ./HAL/HPL/NMI/hpl_nmi.o
 .text.HPL_NMI_SetSource
                0x0000739c       0x58 ./HAL/HPL/NMI/hpl_nmi.o
                0x0000739c                HPL_NMI_SetSource
 .text.NMI_Handler
                0x000073f4        0x8 ./HAL/HPL/NMI/hpl_nmi.o
                0x000073f4                NMI_Handler
 .text.__NVIC_EnableIRQ
                0x000073fc       0x1c ./HAL/ADC/hal_adc.o
 .text.__NVIC_DisableIRQ
                0x00007418       0x24 ./HAL/ADC/hal_adc.o
 .text.__NVIC_SetPriority
                0x0000743c       0x28 ./HAL/ADC/hal_adc.o
 .text.ADC_SetScuEnable
                0x00007464       0x32 ./HAL/ADC/hal_adc.o
 .text.ADC_SetSeqTrgIndependent
                0x00007496       0x9a ./HAL/ADC/hal_adc.o
 .text.PRV_ADC_GetReg
                0x00007530        0xc ./HAL/ADC/hal_adc.o
 .text.PRV_ADC_SetScuEnable
                0x0000753c        0x8 ./HAL/ADC/hal_adc.o
 .text.PRV_ADC_PreInit
                0x00007544       0x58 ./HAL/ADC/hal_adc.o
 .text.PRV_ADC_IRQHandler
                0x0000759c       0x54 ./HAL/ADC/hal_adc.o
 .text.PRV_ADC_NMIHandler
                0x000075f0       0x28 ./HAL/ADC/hal_adc.o
 .text.HAL_ADC_Init
                0x00007618       0x38 ./HAL/ADC/hal_adc.o
                0x00007618                HAL_ADC_Init
 .text.HAL_ADC_SetClkConfig
                0x00007650       0x30 ./HAL/ADC/hal_adc.o
                0x00007650                HAL_ADC_SetClkConfig
 .text.HAL_ADC_SetConfig
                0x00007680       0x88 ./HAL/ADC/hal_adc.o
                0x00007680                HAL_ADC_SetConfig
 .text.HAL_ADC_SetIRQ
                0x00007708      0x11c ./HAL/ADC/hal_adc.o
                0x00007708                HAL_ADC_SetIRQ
 .text.HAL_ADC_Start
                0x00007824       0x68 ./HAL/ADC/hal_adc.o
                0x00007824                HAL_ADC_Start
 .text.HAL_ADC_Stop
                0x0000788c       0x60 ./HAL/ADC/hal_adc.o
                0x0000788c                HAL_ADC_Stop
 .text.HAL_ADC_GetData
                0x000078ec       0x46 ./HAL/ADC/hal_adc.o
                0x000078ec                HAL_ADC_GetData
 *fill*         0x00007932        0x2 
 .text.HAL_ADC_SetSeqConfig
                0x00007934       0x50 ./HAL/ADC/hal_adc.o
                0x00007934                HAL_ADC_SetSeqConfig
 .text.Interrupt74_Handler
                0x00007984        0xa ./HAL/ADC/hal_adc.o
                0x00007984                Interrupt74_Handler
 .text.Interrupt75_Handler
                0x0000798e        0xa ./HAL/ADC/hal_adc.o
                0x0000798e                Interrupt75_Handler
 .text.Interrupt76_Handler
                0x00007998        0xa ./HAL/ADC/hal_adc.o
                0x00007998                Interrupt76_Handler
 .text.HardFault_Handler
                0x000079a2        0x2 ./ABOV/Source/startup_a34xxxx.o
                0x000079a2                HardFault_Handler
 .text.Default_Handler
                0x000079a4        0x2 ./ABOV/Source/startup_a34xxxx.o
                0x000079a4                DebugMon_Handler
                0x000079a4                Interrupt31_Handler
                0x000079a4                Interrupt71_Handler
                0x000079a4                Interrupt93_Handler
                0x000079a4                Interrupt107_Handler
                0x000079a4                PendSV_Handler
                0x000079a4                Interrupt11_Handler
                0x000079a4                Interrupt56_Handler
                0x000079a4                Interrupt117_Handler
                0x000079a4                Interrupt29_Handler
                0x000079a4                Interrupt103_Handler
                0x000079a4                Interrupt106_Handler
                0x000079a4                Interrupt72_Handler
                0x000079a4                Interrupt89_Handler
                0x000079a4                Interrupt81_Handler
                0x000079a4                Interrupt28_Handler
                0x000079a4                Interrupt33_Handler
                0x000079a4                Interrupt8_Handler
                0x000079a4                Interrupt73_Handler
                0x000079a4                Interrupt5_Handler
                0x000079a4                UsageFault_Handler
                0x000079a4                Interrupt35_Handler
                0x000079a4                Interrupt27_Handler
                0x000079a4                Interrupt26_Handler
                0x000079a4                Interrupt87_Handler
                0x000079a4                Interrupt123_Handler
                0x000079a4                Interrupt124_Handler
                0x000079a4                Interrupt90_Handler
                0x000079a4                Interrupt83_Handler
                0x000079a4                Interrupt122_Handler
                0x000079a4                Interrupt44_Handler
                0x000079a4                Interrupt34_Handler
                0x000079a4                Interrupt121_Handler
                0x000079a4                Interrupt7_Handler
                0x000079a4                Interrupt0_Handler
                0x000079a4                Interrupt54_Handler
                0x000079a4                Interrupt120_Handler
                0x000079a4                Interrupt52_Handler
                0x000079a4                Interrupt105_Handler
                0x000079a4                Interrupt69_Handler
                0x000079a4                Interrupt4_Handler
                0x000079a4                Interrupt115_Handler
                0x000079a4                Default_Handler
                0x000079a4                Interrupt92_Handler
                0x000079a4                Interrupt9_Handler
                0x000079a4                Interrupt118_Handler
                0x000079a4                Interrupt97_Handler
                0x000079a4                Interrupt32_Handler
                0x000079a4                Interrupt6_Handler
                0x000079a4                Interrupt53_Handler
                0x000079a4                Interrupt79_Handler
                0x000079a4                Interrupt85_Handler
                0x000079a4                Interrupt98_Handler
                0x000079a4                Interrupt96_Handler
                0x000079a4                Interrupt45_Handler
                0x000079a4                MemManage_Handler
                0x000079a4                SVC_Handler
                0x000079a4                Interrupt10_Handler
                0x000079a4                Interrupt25_Handler
                0x000079a4                Interrupt88_Handler
                0x000079a4                Interrupt101_Handler
                0x000079a4                Interrupt43_Handler
                0x000079a4                Interrupt116_Handler
                0x000079a4                Interrupt91_Handler
                0x000079a4                Interrupt99_Handler
                0x000079a4                Interrupt102_Handler
                0x000079a4                Interrupt14_Handler
                0x000079a4                Interrupt82_Handler
                0x000079a4                Interrupt13_Handler
                0x000079a4                Interrupt58_Handler
                0x000079a4                Interrupt59_Handler
                0x000079a4                Interrupt46_Handler
                0x000079a4                Interrupt51_Handler
                0x000079a4                Interrupt119_Handler
                0x000079a4                Interrupt70_Handler
                0x000079a4                Interrupt86_Handler
                0x000079a4                Interrupt48_Handler
                0x000079a4                BusFault_Handler
                0x000079a4                Interrupt94_Handler
                0x000079a4                Interrupt77_Handler
                0x000079a4                Interrupt55_Handler
                0x000079a4                Interrupt95_Handler
                0x000079a4                Interrupt50_Handler
                0x000079a4                Interrupt78_Handler
                0x000079a4                Interrupt30_Handler
                0x000079a4                Interrupt47_Handler
                0x000079a4                Interrupt57_Handler
                0x000079a4                Interrupt12_Handler
                0x000079a4                Interrupt84_Handler
                0x000079a4                Interrupt104_Handler
                0x000079a4                Interrupt49_Handler
                0x000079a4                Interrupt80_Handler
 *fill*         0x000079a6        0x2 
 .text.Reset_Handler
                0x000079a8       0x60 ./ABOV/Source/startup_a34xxxx.o
                0x000079a8                Reset_Handler
 .text.SystemInit
                0x00007a08       0x48 ./ABOV/Source/system_a34xxxx.o
                0x00007a08                SystemInit
 .text.SystemDelayMS
                0x00007a50       0x1c ./ABOV/Source/system_a34xxxx.o
                0x00007a50                SystemDelayMS
 .text.SystemDelayUS
                0x00007a6c       0x1c ./ABOV/Source/system_a34xxxx.o
                0x00007a6c                SystemDelayUS
 .text          0x00007a88       0x30 C:/Program Files (x86)/ABOV/eMStudio32/bin/13.2 Rel1/bin/../lib/gcc/arm-none-eabi/13.2.1/thumb/v7e-m/nofp\libgcc.a(_aeabi_uldivmod.o)
                0x00007a88                __aeabi_uldivmod
 .text.__udivmoddi4
                0x00007ab8      0x2bc C:/Program Files (x86)/ABOV/eMStudio32/bin/13.2 Rel1/bin/../lib/gcc/arm-none-eabi/13.2.1/thumb/v7e-m/nofp\libgcc.a(_udivmoddi4.o)
                0x00007ab8                __udivmoddi4
 .text          0x00007d74        0x4 C:/Program Files (x86)/ABOV/eMStudio32/bin/13.2 Rel1/bin/../lib/gcc/arm-none-eabi/13.2.1/thumb/v7e-m/nofp\libgcc.a(_dvmd_tls.o)
                0x00007d74                __aeabi_idiv0
                0x00007d74                __aeabi_ldiv0
 .text.exit     0x00007d78       0x24 C:/Program Files (x86)/ABOV/eMStudio32/bin/13.2 Rel1/bin/../lib/gcc/arm-none-eabi/13.2.1/thumb/v7e-m/nofp\libg_nano.a(libc_a-exit.o)
                0x00007d78                exit
 .text.snprintf
                0x00007d9c       0x68 C:/Program Files (x86)/ABOV/eMStudio32/bin/13.2 Rel1/bin/../lib/gcc/arm-none-eabi/13.2.1/thumb/v7e-m/nofp\libg_nano.a(libc_a-snprintf.o)
                0x00007d9c                sniprintf
                0x00007d9c                snprintf
 .text.sprintf  0x00007e04       0x40 C:/Program Files (x86)/ABOV/eMStudio32/bin/13.2 Rel1/bin/../lib/gcc/arm-none-eabi/13.2.1/thumb/v7e-m/nofp\libg_nano.a(libc_a-sprintf.o)
                0x00007e04                siprintf
                0x00007e04                sprintf
 .text._vsnprintf_r
                0x00007e44       0x56 C:/Program Files (x86)/ABOV/eMStudio32/bin/13.2 Rel1/bin/../lib/gcc/arm-none-eabi/13.2.1/thumb/v7e-m/nofp\libg_nano.a(libc_a-vsnprintf.o)
                0x00007e44                _vsniprintf_r
                0x00007e44                _vsnprintf_r
 *fill*         0x00007e9a        0x2 
 .text.vsnprintf
                0x00007e9c       0x1c C:/Program Files (x86)/ABOV/eMStudio32/bin/13.2 Rel1/bin/../lib/gcc/arm-none-eabi/13.2.1/thumb/v7e-m/nofp\libg_nano.a(libc_a-vsnprintf.o)
                0x00007e9c                vsniprintf
                0x00007e9c                vsnprintf
 .text.memset   0x00007eb8       0x10 C:/Program Files (x86)/ABOV/eMStudio32/bin/13.2 Rel1/bin/../lib/gcc/arm-none-eabi/13.2.1/thumb/v7e-m/nofp\libg_nano.a(libc_a-memset.o)
                0x00007eb8                memset
 .text.strchr   0x00007ec8       0x1a C:/Program Files (x86)/ABOV/eMStudio32/bin/13.2 Rel1/bin/../lib/gcc/arm-none-eabi/13.2.1/thumb/v7e-m/nofp\libg_nano.a(libc_a-strchr.o)
                0x00007ec8                strchr
 .text.strncpy  0x00007ee2       0x26 C:/Program Files (x86)/ABOV/eMStudio32/bin/13.2 Rel1/bin/../lib/gcc/arm-none-eabi/13.2.1/thumb/v7e-m/nofp\libg_nano.a(libc_a-strncpy.o)
                0x00007ee2                strncpy
 .text.strstr   0x00007f08       0x2c C:/Program Files (x86)/ABOV/eMStudio32/bin/13.2 Rel1/bin/../lib/gcc/arm-none-eabi/13.2.1/thumb/v7e-m/nofp\libg_nano.a(libc_a-strstr.o)
                0x00007f08                strstr
 .text.__libc_init_array
                0x00007f34       0x48 C:/Program Files (x86)/ABOV/eMStudio32/bin/13.2 Rel1/bin/../lib/gcc/arm-none-eabi/13.2.1/thumb/v7e-m/nofp\libg_nano.a(libc_a-init.o)
                0x00007f34                __libc_init_array
 .text.__retarget_lock_acquire_recursive
                0x00007f7c        0x2 C:/Program Files (x86)/ABOV/eMStudio32/bin/13.2 Rel1/bin/../lib/gcc/arm-none-eabi/13.2.1/thumb/v7e-m/nofp\libg_nano.a(libc_a-lock.o)
                0x00007f7c                __retarget_lock_acquire_recursive
 .text.__retarget_lock_release_recursive
                0x00007f7e        0x2 C:/Program Files (x86)/ABOV/eMStudio32/bin/13.2 Rel1/bin/../lib/gcc/arm-none-eabi/13.2.1/thumb/v7e-m/nofp\libg_nano.a(libc_a-lock.o)
                0x00007f7e                __retarget_lock_release_recursive
 .text.memcpy   0x00007f80       0x1c C:/Program Files (x86)/ABOV/eMStudio32/bin/13.2 Rel1/bin/../lib/gcc/arm-none-eabi/13.2.1/thumb/v7e-m/nofp\libg_nano.a(libc_a-memcpy-stub.o)
                0x00007f80                memcpy
 .text          0x00007f9c       0x10 C:/Program Files (x86)/ABOV/eMStudio32/bin/13.2 Rel1/bin/../lib/gcc/arm-none-eabi/13.2.1/thumb/v7e-m/nofp\libg_nano.a(libc_a-strlen.o)
                0x00007f9c                strlen
 .text._free_r  0x00007fac       0x94 C:/Program Files (x86)/ABOV/eMStudio32/bin/13.2 Rel1/bin/../lib/gcc/arm-none-eabi/13.2.1/thumb/v7e-m/nofp\libg_nano.a(libc_a-freer.o)
                0x00007fac                _free_r
 .text.sbrk_aligned
                0x00008040       0x44 C:/Program Files (x86)/ABOV/eMStudio32/bin/13.2 Rel1/bin/../lib/gcc/arm-none-eabi/13.2.1/thumb/v7e-m/nofp\libg_nano.a(libc_a-mallocr.o)
 .text._malloc_r
                0x00008084      0x100 C:/Program Files (x86)/ABOV/eMStudio32/bin/13.2 Rel1/bin/../lib/gcc/arm-none-eabi/13.2.1/thumb/v7e-m/nofp\libg_nano.a(libc_a-mallocr.o)
                0x00008084                _malloc_r
 .text.__malloc_lock
                0x00008184        0xc C:/Program Files (x86)/ABOV/eMStudio32/bin/13.2 Rel1/bin/../lib/gcc/arm-none-eabi/13.2.1/thumb/v7e-m/nofp\libg_nano.a(libc_a-mlock.o)
                0x00008184                __malloc_lock
 .text.__malloc_unlock
                0x00008190        0xc C:/Program Files (x86)/ABOV/eMStudio32/bin/13.2 Rel1/bin/../lib/gcc/arm-none-eabi/13.2.1/thumb/v7e-m/nofp\libg_nano.a(libc_a-mlock.o)
                0x00008190                __malloc_unlock
 .text.__ssputs_r
                0x0000819c       0xb6 C:/Program Files (x86)/ABOV/eMStudio32/bin/13.2 Rel1/bin/../lib/gcc/arm-none-eabi/13.2.1/thumb/v7e-m/nofp\libg_nano.a(libc_a-nano-svfprintf.o)
                0x0000819c                __ssputs_r
 *fill*         0x00008252        0x2 
 .text._svfprintf_r
                0x00008254      0x1f8 C:/Program Files (x86)/ABOV/eMStudio32/bin/13.2 Rel1/bin/../lib/gcc/arm-none-eabi/13.2.1/thumb/v7e-m/nofp\libg_nano.a(libc_a-nano-svfprintf.o)
                0x00008254                _svfiprintf_r
                0x00008254                _svfprintf_r
 .text._printf_common
                0x0000844c       0xda C:/Program Files (x86)/ABOV/eMStudio32/bin/13.2 Rel1/bin/../lib/gcc/arm-none-eabi/13.2.1/thumb/v7e-m/nofp\libg_nano.a(libc_a-nano-vfprintf_i.o)
                0x0000844c                _printf_common
 *fill*         0x00008526        0x2 
 .text._printf_i
                0x00008528      0x23c C:/Program Files (x86)/ABOV/eMStudio32/bin/13.2 Rel1/bin/../lib/gcc/arm-none-eabi/13.2.1/thumb/v7e-m/nofp\libg_nano.a(libc_a-nano-vfprintf_i.o)
                0x00008528                _printf_i
 .text.memmove  0x00008764       0x34 C:/Program Files (x86)/ABOV/eMStudio32/bin/13.2 Rel1/bin/../lib/gcc/arm-none-eabi/13.2.1/thumb/v7e-m/nofp\libg_nano.a(libc_a-memmove.o)
                0x00008764                memmove
 .text._sbrk_r  0x00008798       0x20 C:/Program Files (x86)/ABOV/eMStudio32/bin/13.2 Rel1/bin/../lib/gcc/arm-none-eabi/13.2.1/thumb/v7e-m/nofp\libg_nano.a(libc_a-sbrkr.o)
                0x00008798                _sbrk_r
 *fill*         0x000087b8        0x8 
 .text          0x000087c0       0xa0 C:/Program Files (x86)/ABOV/eMStudio32/bin/13.2 Rel1/bin/../lib/gcc/arm-none-eabi/13.2.1/thumb/v7e-m/nofp\libg_nano.a(libc_a-memchr.o)
                0x000087c0                memchr
 .text._realloc_r
                0x00008860       0x5c C:/Program Files (x86)/ABOV/eMStudio32/bin/13.2 Rel1/bin/../lib/gcc/arm-none-eabi/13.2.1/thumb/v7e-m/nofp\libg_nano.a(libc_a-reallocr.o)
                0x00008860                _realloc_r
 .text._malloc_usable_size_r
                0x000088bc       0x10 C:/Program Files (x86)/ABOV/eMStudio32/bin/13.2 Rel1/bin/../lib/gcc/arm-none-eabi/13.2.1/thumb/v7e-m/nofp\libg_nano.a(libc_a-msizer.o)
                0x000088bc                _malloc_usable_size_r
 .text._sbrk    0x000088cc       0x1c C:/Program Files (x86)/ABOV/eMStudio32/bin/13.2 Rel1/bin/../lib/gcc/arm-none-eabi/13.2.1/thumb/v7e-m/nofp\libnosys.a(sbrk.o)
                0x000088cc                _sbrk
 .text._exit    0x000088e8        0x4 C:/Program Files (x86)/ABOV/eMStudio32/bin/13.2 Rel1/bin/../lib/gcc/arm-none-eabi/13.2.1/thumb/v7e-m/nofp\libnosys.a(_exit.o)
                0x000088e8                _exit
 *(.init)
 .init          0x000088ec        0x4 C:/Program Files (x86)/ABOV/eMStudio32/bin/13.2 Rel1/bin/../lib/gcc/arm-none-eabi/13.2.1/thumb/v7e-m/nofp/crti.o
                0x000088ec                _init
 .init          0x000088f0        0x8 C:/Program Files (x86)/ABOV/eMStudio32/bin/13.2 Rel1/bin/../lib/gcc/arm-none-eabi/13.2.1/thumb/v7e-m/nofp/crtn.o
 *(.fini)
 .fini          0x000088f8        0x4 C:/Program Files (x86)/ABOV/eMStudio32/bin/13.2 Rel1/bin/../lib/gcc/arm-none-eabi/13.2.1/thumb/v7e-m/nofp/crti.o
                0x000088f8                _fini
 .fini          0x000088fc        0x8 C:/Program Files (x86)/ABOV/eMStudio32/bin/13.2 Rel1/bin/../lib/gcc/arm-none-eabi/13.2.1/thumb/v7e-m/nofp/crtn.o
 *crtbegin.o(.ctors)
 *crtbegin?.o(.ctors)
 *(EXCLUDE_FILE(*crtend.o *crtend?.o) .ctors)
 *(SORT_BY_NAME(.ctors.*))
 *(.ctors)
 *crtbegin.o(.dtors)
 *crtbegin?.o(.dtors)
 *(EXCLUDE_FILE(*crtend.o *crtend?.o) .dtors)
 *(SORT_BY_NAME(.dtors.*))
 *(.dtors)
 *(.rodata*)
 .rodata.Sensor_FillFromDrivers.str1.4
                0x00008904     0x1b88 ./Main/Tiremo_Process/sensor.o
                                 0x53 (size before relaxing)
 .rodata.Sensor_LEDTest.str1.4
                0x0000a48c       0x8d ./Main/Tiremo_Process/sensor.o
 .rodata.Sensor_TestAll.str1.4
                0x0000a48c      0x1fa ./Main/Tiremo_Process/sensor.o
 .rodata.Sensor_FormatJSON.str1.4
                0x0000a48c       0x59 ./Main/Tiremo_Process/sensor.o
 .rodata.Sensor_FormatAlarmJSON.str1.4
                0x0000a48c      0x248 ./Main/Tiremo_Process/sensor.o
 .rodata.TiremoApp_PrintBanner.str1.4
                0x0000a48c       0xbd ./Main/Tiremo_Process/tiremo_app.o
 .rodata.TiremoApp_Init.str1.4
                0x0000a48c       0x22 ./Main/Tiremo_Process/tiremo_app.o
 .rodata.TiremoAppNet_InitAndConnect.str1.4
                0x0000a48c      0x337 ./Main/Tiremo_Process/tiremo_app_net.o
 .rodata.TiremoAppNet_PublishCycle.str1.4
                0x0000a48c       0x30 ./Main/Tiremo_Process/tiremo_app_net.o
 .rodata.s_handlers.0
                0x0000a48c        0x8 ./Main/Tiremo/microphone/app/tiremo_mic_app.o
 .rodata.s_ledPinMap
                0x0000a494       0x14 ./Main/Tiremo/led/bsp/tiremo_led_bsp.o
 .rodata.TIREMO_ESP32_BSP_SendAtCommand.str1.4
                0x0000a4a8        0x3 ./Main/Tiremo/esp32/bsp/tiremo_esp32_bsp.o
 .rodata.TIREMO_ESP32_App_TryAtOnce.str1.4
                0x0000a4a8        0x3 ./Main/Tiremo/esp32/app/tiremo_esp32_app.o
 .rodata.TIREMO_ESP32_App_RunAtTest.str1.4
                0x0000a4a8       0x2f ./Main/Tiremo/esp32/app/tiremo_esp32_app.o
 .rodata.TIREMO_ESP32_App_RunAtTestWithRecovery.str1.4
                0x0000a4a8       0x19 ./Main/Tiremo/esp32/app/tiremo_esp32_app.o
 .rodata.s_btnPinMap
                0x0000a4a8        0x2 ./Main/Tiremo/button/bsp/tiremo_button_bsp.o
 .rodata.DebugFramework_PutsLine.str1.4
                0x0000a4aa        0x3 ./Main/Tiremo/DebugLibrary/debug_framework.o
 .rodata.fleet_at_sync.str1.4
                0x0000a4aa        0x5 ./Main/Mqtt_Library/cert_Lib/mqtt_cert_provision.o
 .rodata.fleet_extract_json_string.str1.4
                0x0000a4aa        0x7 ./Main/Mqtt_Library/cert_Lib/mqtt_cert_provision.o
 .rodata.fleet_extract_payloads.str1.4
                0x0000a4aa       0x69 ./Main/Mqtt_Library/cert_Lib/mqtt_cert_provision.o
 .rodata.fleet_wait_subrecv.str1.4
                0x0000a4aa       0xfa ./Main/Mqtt_Library/cert_Lib/mqtt_cert_provision.o
 .rodata.fleet_pub_and_collect.str1.4
                0x0000a4aa       0x3a ./Main/Mqtt_Library/cert_Lib/mqtt_cert_provision.o
 .rodata.MqttFleet_IsProvisioned.str1.4
                0x0000a4aa       0xc1 ./Main/Mqtt_Library/cert_Lib/mqtt_cert_provision.o
 .rodata.fleet_set_provisioned_marker.str1.4
                0x0000a4aa       0x5f ./Main/Mqtt_Library/cert_Lib/mqtt_cert_provision.o
 .rodata.MqttFleet_UploadBootstrap.str1.4
                0x0000a4aa       0x9c ./Main/Mqtt_Library/cert_Lib/mqtt_cert_provision.o
 .rodata.MqttFleet_Run.str1.4
                0x0000a4aa      0x648 ./Main/Mqtt_Library/cert_Lib/mqtt_cert_provision.o
 *fill*         0x0000a4aa        0x2 
 .rodata.s_tag.0
                0x0000a4ac        0xe ./Main/Mqtt_Library/cert_Lib/mqtt_cert_provision.o
 .rodata.MqttCerts_GetRootCA.str1.4
                0x0000a4ba        0x1 ./Main/Mqtt_Library/cert_Lib/mqtt_certs.o
 .rodata.str1.4
                0x0000a4ba       0x31 ./Main/Mqtt_Library/cert_Lib/mqtt_certs.o
 .rodata.mqtt_connect_broker_internal.str1.4
                0x0000a4ba       0x13 ./Main/Mqtt_Library/EMPA_MqttAws.o
 .rodata.MQTT_PublishAlarm.str1.4
                0x0000a4ba       0x24 ./Main/Mqtt_Library/EMPA_MqttAws.o
 .rodata.str1.4
                0x0000a4ba       0x52 ./Main/Mqtt_Library/EMPA_MqttAws.o
 .rodata.wifi_sysmfg_write_binary.str1.4
                0x0000a4ba       0x1d ./Main/Mqtt_Library/mqtt_core.o
 .rodata.Wifi_Reset2.str1.4
                0x0000a4ba       0x16 ./Main/Mqtt_Library/mqtt_core.o
 .rodata.Wifi_SetWifiMode2.str1.4
                0x0000a4ba        0xf ./Main/Mqtt_Library/mqtt_core.o
 .rodata.Wifi_StartSmartConfig2.str1.4
                0x0000a4ba       0x12 ./Main/Mqtt_Library/mqtt_core.o
 .rodata.Wifi_StopSmartConfig2.str1.4
                0x0000a4ba       0x11 ./Main/Mqtt_Library/mqtt_core.o
 .rodata.Wifi_QAP2.str1.4
                0x0000a4ba        0xb ./Main/Mqtt_Library/mqtt_core.o
 .rodata.Wifi_SetAP2.str1.4
                0x0000a4ba       0x24 ./Main/Mqtt_Library/mqtt_core.o
 .rodata.Wifi_SetTime2.str1.4
                0x0000a4ba       0x24 ./Main/Mqtt_Library/mqtt_core.o
 .rodata.Wifi_MqttUserConfig2.str1.4
                0x0000a4ba       0x2e ./Main/Mqtt_Library/mqtt_core.o
 .rodata.Wifi_MqttCertsUpload2.str1.4
                0x0000a4ba       0xef ./Main/Mqtt_Library/mqtt_core.o
 .rodata.Wifi_MqttSni2.str1.4
                0x0000a4ba       0x14 ./Main/Mqtt_Library/mqtt_core.o
 .rodata.Wifi_MqttConnConfig2.str1.4
                0x0000a4ba       0x2d ./Main/Mqtt_Library/mqtt_core.o
 .rodata.Wifi_MqttConn2.str1.4
                0x0000a4ba       0x1b ./Main/Mqtt_Library/mqtt_core.o
 .rodata.Wifi_GetMqttConn2.str1.4
                0x0000a4ba        0xf ./Main/Mqtt_Library/mqtt_core.o
 .rodata.Wifi_MqttClean2.str1.4
                0x0000a4ba       0x11 ./Main/Mqtt_Library/mqtt_core.o
 .rodata.Wifi_MqttSub2.str1.4
                0x0000a4ba       0x33 ./Main/Mqtt_Library/mqtt_core.o
 .rodata.Wifi_MqttPubRaw2.str1.4
                0x0000a4ba       0x20 ./Main/Mqtt_Library/mqtt_core.o
 .rodata.parse_wifi_info.str1.4
                0x0000a4ba       0x12 ./Main/Mqtt_Library/mqtt_core.o
 .rodata.MQTT_Init.str1.4
                0x0000a4ba      0x3db ./Main/Mqtt_Library/mqtt_core.o
 .rodata.str1.4
                0x0000a4ba      0x134 ./Main/Mqtt_Library/mqtt_core.o
 *fill*         0x0000a4ba        0x2 
 .rodata.abov_port
                0x0000a4bc       0x30 ./Main/Mqtt_Library/mqtt_port_abov.o
 .rodata.gpio_map
                0x0000a4ec        0x8 ./Main/Mqtt_Library/mqtt_port_abov.o
 .rodata        0x0000a4f4        0x9 ./Main/prv_scu_clk.o
 *fill*         0x0000a4fd        0x3 
 .rodata        0x0000a500       0x14 ./Main/user_uart.o
 .rodata._svfprintf_r.str1.1
                0x0000a514       0x33 C:/Program Files (x86)/ABOV/eMStudio32/bin/13.2 Rel1/bin/../lib/gcc/arm-none-eabi/13.2.1/thumb/v7e-m/nofp\libg_nano.a(libc_a-nano-svfprintf.o)
                                 0x11 (size before relaxing)
 .rodata._printf_i.str1.1
                0x0000a547       0x22 C:/Program Files (x86)/ABOV/eMStudio32/bin/13.2 Rel1/bin/../lib/gcc/arm-none-eabi/13.2.1/thumb/v7e-m/nofp\libg_nano.a(libc_a-nano-vfprintf_i.o)
 *(.eh_frame*)
 *fill*         0x0000a547        0x1 
 .eh_frame      0x0000a548        0x0 C:/Program Files (x86)/ABOV/eMStudio32/bin/13.2 Rel1/bin/../lib/gcc/arm-none-eabi/13.2.1/thumb/v7e-m/nofp/crtbegin.o
 .eh_frame      0x0000a548       0x28 C:/Program Files (x86)/ABOV/eMStudio32/bin/13.2 Rel1/bin/../lib/gcc/arm-none-eabi/13.2.1/thumb/v7e-m/nofp\libg_nano.a(libc_a-strlen.o)
 .eh_frame      0x0000a570       0x50 C:/Program Files (x86)/ABOV/eMStudio32/bin/13.2 Rel1/bin/../lib/gcc/arm-none-eabi/13.2.1/thumb/v7e-m/nofp\libg_nano.a(libc_a-memchr.o)
 .eh_frame      0x0000a5c0        0x4 C:/Program Files (x86)/ABOV/eMStudio32/bin/13.2 Rel1/bin/../lib/gcc/arm-none-eabi/13.2.1/thumb/v7e-m/nofp/crtend.o

.glue_7         0x0000a5c4        0x0
 .glue_7        0x0000a5c4        0x0 linker stubs

.glue_7t        0x0000a5c4        0x0
 .glue_7t       0x0000a5c4        0x0 linker stubs

.vfp11_veneer   0x0000a5c4        0x0
 .vfp11_veneer  0x0000a5c4        0x0 linker stubs

.v4_bx          0x0000a5c4        0x0
 .v4_bx         0x0000a5c4        0x0 linker stubs

.iplt           0x0000a5c4        0x0
 .iplt          0x0000a5c4        0x0 C:/Program Files (x86)/ABOV/eMStudio32/bin/13.2 Rel1/bin/../lib/gcc/arm-none-eabi/13.2.1/thumb/v7e-m/nofp/crtbegin.o

.cert_flash     0x0000a600     0x1000
                0x0000a600                        __cert_flash_start__ = .
 *(.cert_flash)
 .cert_flash    0x0000a600      0xffd ./Main/Mqtt_Library/cert_Lib/mqtt_certs.o
                0x0000b600                        . = ALIGN (0x200)
 *fill*         0x0000b5fd        0x3 
                0x0000b600                        __cert_flash_end__ = .

.ARM.extab
 *(.ARM.extab* .gnu.linkonce.armextab.*)
                0x0000b600                        __exidx_start = .

.ARM.exidx      0x0000b600        0x8
 *(.ARM.exidx* .gnu.linkonce.armexidx.*)
 .ARM.exidx     0x0000b600        0x8 C:/Program Files (x86)/ABOV/eMStudio32/bin/13.2 Rel1/bin/../lib/gcc/arm-none-eabi/13.2.1/thumb/v7e-m/nofp/crt0.o
                                 0x10 (size before relaxing)
 .ARM.exidx.text.__udivmoddi4
                0x0000b608        0x0 C:/Program Files (x86)/ABOV/eMStudio32/bin/13.2 Rel1/bin/../lib/gcc/arm-none-eabi/13.2.1/thumb/v7e-m/nofp\libgcc.a(_udivmoddi4.o)
                                  0x8 (size before relaxing)
 .ARM.exidx     0x0000b608        0x0 C:/Program Files (x86)/ABOV/eMStudio32/bin/13.2 Rel1/bin/../lib/gcc/arm-none-eabi/13.2.1/thumb/v7e-m/nofp\libg_nano.a(libc_a-strlen.o)
                                  0x8 (size before relaxing)
 .ARM.exidx     0x0000b608        0x0 C:/Program Files (x86)/ABOV/eMStudio32/bin/13.2 Rel1/bin/../lib/gcc/arm-none-eabi/13.2.1/thumb/v7e-m/nofp\libg_nano.a(libc_a-memchr.o)
                                  0x8 (size before relaxing)
                0x0000b608                        __exidx_end = .
                0x0000b608                        __ram_func = .

.rel.dyn        0x0000b608        0x0
 .rel.iplt      0x0000b608        0x0 C:/Program Files (x86)/ABOV/eMStudio32/bin/13.2 Rel1/bin/../lib/gcc/arm-none-eabi/13.2.1/thumb/v7e-m/nofp/crtbegin.o

.code_section_on_ram
                0x20000000        0x0 load address 0x0000b608
                0x20000000                        __code_section_on_ram_start__ = .
 *(.code_section_on_ram*)
                0x20000000                        __code_section_on_ram_end__ = .
                0x20000000                        . = ALIGN (0x4)

.copy.table     0x0000b608       0x18
                0x0000b608                        . = ALIGN (0x4)
                0x0000b608                        __copy_table_start__ = .
                0x0000b608        0x4 LONG 0xb620 __etext
                0x0000b60c        0x4 LONG 0x20000000 __data_start__
                0x0000b610        0x4 LONG 0x5a ((__data_end__ - __data_start__) / 0x4)
                0x0000b614        0x4 LONG 0xb608 __ram_func
                0x0000b618        0x4 LONG 0x20000000 __code_section_on_ram_start__
                0x0000b61c        0x4 LONG 0x0 ((__code_section_on_ram_end__ - __code_section_on_ram_start__) / 0x4)
                0x0000b620                        __copy_table_end__ = .

.zero.table     0x0000b620        0x0
                0x0000b620                        . = ALIGN (0x4)
                0x0000b620                        __zero_table_start__ = .
                0x0000b620                        __zero_table_end__ = .
                0x0000b620                        __etext = ALIGN (0x4)

.data           0x20000000      0x168 load address 0x0000b620
                0x20000000                        __data_start__ = .
 *(vtable)
 *(.data)
 *(.data.*)
 .data.s_volume
                0x20000000        0x4 ./Main/Tiremo/microphone/app/tiremo_mic_app.o
 .data.s_sampleRateHz
                0x20000004        0x4 ./Main/Tiremo/microphone/app/tiremo_mic_app.o
 .data.s_eLis2de12I2cId
                0x20000008        0x1 ./Main/Tiremo/lis2de12tr/bsp/lib/tiremo_lis2de12tr_driver.o
 *fill*         0x20000009        0x3 
 .data.s_slots  0x2000000c       0x3c ./Main/Mqtt_Library/cert_Lib/mqtt_certs.o
 .data.mqttConfig
                0x20000048       0xa0 ./Main/Mqtt_Library/EMPA_MqttAws.o
                0x20000048                mqttConfig
 .data.RESP_FAIL
                0x200000e8        0x4 ./Main/Mqtt_Library/mqtt_core.o
                0x200000e8                RESP_FAIL
 .data.RESP_PUB_RAW_OK
                0x200000ec        0x4 ./Main/Mqtt_Library/mqtt_core.o
                0x200000ec                RESP_PUB_RAW_OK
 .data.RESP_BUSY
                0x200000f0        0x4 ./Main/Mqtt_Library/mqtt_core.o
                0x200000f0                RESP_BUSY
 .data.RESP_ERROR
                0x200000f4        0x4 ./Main/Mqtt_Library/mqtt_core.o
                0x200000f4                RESP_ERROR
 .data.RESP_OK  0x200000f8        0x4 ./Main/Mqtt_Library/mqtt_core.o
                0x200000f8                RESP_OK
 .data.MQTTSubInitCase
                0x200000fc        0x1 ./Main/Mqtt_Library/mqtt_core.o
 *fill*         0x200000fd        0x3 
 .data.SystemDelayUSCount
                0x20000100        0x4 ./HAL/SCU/hal_scu_clk.o
                0x20000100                SystemDelayUSCount
 .data.SystemDelayMSCount
                0x20000104        0x4 ./HAL/SCU/hal_scu_clk.o
                0x20000104                SystemDelayMSCount
 .data.SystemPeriClock
                0x20000108        0x4 ./HAL/SCU/hal_scu_clk.o
                0x20000108                SystemPeriClock
 .data.SystemCoreClock
                0x2000010c        0x4 ./HAL/SCU/hal_scu_clk.o
                0x2000010c                SystemCoreClock
 .data._impure_ptr
                0x20000110        0x4 C:/Program Files (x86)/ABOV/eMStudio32/bin/13.2 Rel1/bin/../lib/gcc/arm-none-eabi/13.2.1/thumb/v7e-m/nofp\libg_nano.a(libc_a-impure.o)
                0x20000110                _impure_ptr
 .data._impure_data
                0x20000114       0x4c C:/Program Files (x86)/ABOV/eMStudio32/bin/13.2 Rel1/bin/../lib/gcc/arm-none-eabi/13.2.1/thumb/v7e-m/nofp\libg_nano.a(libc_a-impure.o)
                0x20000114                _impure_data
                0x20000160                        . = ALIGN (0x4)
                0x20000160                        PROVIDE (__preinit_array_start = .)
 *(.preinit_array)
                0x20000160                        PROVIDE (__preinit_array_end = .)
                0x20000160                        . = ALIGN (0x4)
                0x20000160                        PROVIDE (__init_array_start = .)
 *(SORT_BY_NAME(.init_array.*))
 *(.init_array)
 .init_array    0x20000160        0x4 C:/Program Files (x86)/ABOV/eMStudio32/bin/13.2 Rel1/bin/../lib/gcc/arm-none-eabi/13.2.1/thumb/v7e-m/nofp/crtbegin.o
                0x20000164                        PROVIDE (__init_array_end = .)
                0x20000164                        . = ALIGN (0x4)
                [!provide]                        PROVIDE (__fini_array_start = .)
 *(SORT_BY_NAME(.fini_array.*))
 *(.fini_array)
 .fini_array    0x20000164        0x4 C:/Program Files (x86)/ABOV/eMStudio32/bin/13.2 Rel1/bin/../lib/gcc/arm-none-eabi/13.2.1/thumb/v7e-m/nofp/crtbegin.o
                [!provide]                        PROVIDE (__fini_array_end = .)
 *(.jcr*)
                0x20000168                        . = ALIGN (0x4)
                0x20000168                        __data_end__ = .

.tm_clone_table
                0x20000168        0x0 load address 0x0000b788
 .tm_clone_table
                0x20000168        0x0 C:/Program Files (x86)/ABOV/eMStudio32/bin/13.2 Rel1/bin/../lib/gcc/arm-none-eabi/13.2.1/thumb/v7e-m/nofp/crtbegin.o
 .tm_clone_table
                0x20000168        0x0 C:/Program Files (x86)/ABOV/eMStudio32/bin/13.2 Rel1/bin/../lib/gcc/arm-none-eabi/13.2.1/thumb/v7e-m/nofp/crtend.o

.igot.plt       0x20000168        0x0 load address 0x0000b788
 .igot.plt      0x20000168        0x0 C:/Program Files (x86)/ABOV/eMStudio32/bin/13.2 Rel1/bin/../lib/gcc/arm-none-eabi/13.2.1/thumb/v7e-m/nofp/crtbegin.o

.bss            0x20000168     0x5dc0
                0x20000168                        . = ALIGN (0x4)
                0x20000168                        __bss_start__ = .
 *(.bss)
 *(.bss.*)
 .bss.completed.1
                0x20000168        0x1 C:/Program Files (x86)/ABOV/eMStudio32/bin/13.2 Rel1/bin/../lib/gcc/arm-none-eabi/13.2.1/thumb/v7e-m/nofp/crtbegin.o
 *fill*         0x20000169        0x3 
 .bss.object.0  0x2000016c       0x18 C:/Program Files (x86)/ABOV/eMStudio32/bin/13.2 Rel1/bin/../lib/gcc/arm-none-eabi/13.2.1/thumb/v7e-m/nofp/crtbegin.o
 .bss.s_soundAbove
                0x20000184        0x1 ./Main/Tiremo_Process/sensor.o
 .bss.s_fallActive
                0x20000185        0x1 ./Main/Tiremo_Process/sensor.o
 .bss.s_tempAbove
                0x20000186        0x1 ./Main/Tiremo_Process/sensor.o
 *fill*         0x20000187        0x1 
 .bss.s_data    0x20000188       0x24 ./Main/Tiremo_Process/sensor.o
 .bss.s_mqttTimerMs.0
                0x200001ac        0x2 ./Main/Tiremo_Process/tiremo_app.o
 .bss.s_tiremoSht40Ready
                0x200001ae        0x1 ./Main/Tiremo/sht40/bsp/tiremo_sht40_bsp.o
 .bss.s_tiremoSht40AppReady
                0x200001af        0x1 ./Main/Tiremo/sht40/app/tiremo_sht40_app.o
 .bss.s_pfnSample
                0x200001b0        0x4 ./Main/Tiremo/microphone/bsp/tiremo_mic_bsp.o
 .bss.s_pfnDmaBlock
                0x200001b4        0x4 ./Main/Tiremo/microphone/bsp/tiremo_mic_bsp.o
 .bss.s_captureActive
                0x200001b8        0x1 ./Main/Tiremo/microphone/bsp/tiremo_mic_bsp.o
 *fill*         0x200001b9        0x3 
 .bss.s_captureMode
                0x200001bc        0x4 ./Main/Tiremo/microphone/bsp/tiremo_mic_bsp.o
 .bss.s_lastStartStep
                0x200001c0        0x4 ./Main/Tiremo/microphone/bsp/tiremo_mic_bsp.o
 .bss.s_lastAdcStatus
                0x200001c4        0x4 ./Main/Tiremo/microphone/bsp/tiremo_mic_bsp.o
 .bss.s_dmaBlockCount
                0x200001c8        0x4 ./Main/Tiremo/microphone/bsp/tiremo_mic_bsp.o
 .bss.s_adcIrqCount
                0x200001cc        0x4 ./Main/Tiremo/microphone/bsp/tiremo_mic_bsp.o
 .bss.s_dmaBuffer
                0x200001d0       0x80 ./Main/Tiremo/microphone/bsp/tiremo_mic_bsp.o
 .bss.s_voiceBufCount
                0x20000250        0x4 ./Main/Tiremo/microphone/app/tiremo_mic_app.o
 .bss.s_voiceLevel
                0x20000254        0x4 ./Main/Tiremo/microphone/app/tiremo_mic_app.o
 .bss.s_quietStreak
                0x20000258        0x4 ./Main/Tiremo/microphone/app/tiremo_mic_app.o
 .bss.s_loudStreak