Archive member included to satisfy reference by file (symbol)

C:/Program Files (x86)/ABOV/eMStudio32/bin/13.2 Rel1/bin/../lib/gcc/arm-none-eabi/13.2.1/thumb/v7e-m/nofp\libgcc.a(_arm_muldf3.o)
                              ./Main/Tiremo/lis2de12tr/bsp/lib/tiremo_lis2de12tr_driver.o (__aeabi_dmul)
C:/Program Files (x86)/ABOV/eMStudio32/bin/13.2 Rel1/bin/../lib/gcc/arm-none-eabi/13.2.1/thumb/v7e-m/nofp\libgcc.a(_arm_mulsf3.o)
                              ./Main/Tiremo/lis2de12tr/bsp/lib/tiremo_lis2de12tr_driver.o (__aeabi_fmul)
C:/Program Files (x86)/ABOV/eMStudio32/bin/13.2 Rel1/bin/../lib/gcc/arm-none-eabi/13.2.1/thumb/v7e-m/nofp\libgcc.a(_arm_addsubdf3.o)
                              ./Main/Tiremo/lis2de12tr/bsp/lib/tiremo_lis2de12tr_driver.o (__aeabi_dadd)
C:/Program Files (x86)/ABOV/eMStudio32/bin/13.2 Rel1/bin/../lib/gcc/arm-none-eabi/13.2.1/thumb/v7e-m/nofp\libgcc.a(_arm_fixunsdfsi.o)
                              ./Main/Tiremo/lis2de12tr/bsp/lib/tiremo_lis2de12tr_driver.o (__aeabi_d2uiz)
C:/Program Files (x86)/ABOV/eMStudio32/bin/13.2 Rel1/bin/../lib/gcc/arm-none-eabi/13.2.1/thumb/v7e-m/nofp\libgcc.a(_arm_addsubsf3.o)
                              ./Main/Tiremo/lis2de12tr/bsp/lib/tiremo_lis2de12tr_driver.o (__aeabi_fadd)
C:/Program Files (x86)/ABOV/eMStudio32/bin/13.2 Rel1/bin/../lib/gcc/arm-none-eabi/13.2.1/thumb/v7e-m/nofp\libgcc.a(_arm_fixsfsi.o)
                              ./Main/Tiremo/lis2de12tr/bsp/lib/tiremo_lis2de12tr_driver.o (__aeabi_f2iz)
C:/Program Files (x86)/ABOV/eMStudio32/bin/13.2 Rel1/bin/../lib/gcc/arm-none-eabi/13.2.1/thumb/v7e-m/nofp\libgcc.a(_aeabi_uldivmod.o)
                              ./Main/Tiremo/microphone/app/tiremo_mic_app.o (__aeabi_uldivmod)
C:/Program Files (x86)/ABOV/eMStudio32/bin/13.2 Rel1/bin/../lib/gcc/arm-none-eabi/13.2.1/thumb/v7e-m/nofp\libgcc.a(_udivmoddi4.o)
                              C:/Program Files (x86)/ABOV/eMStudio32/bin/13.2 Rel1/bin/../lib/gcc/arm-none-eabi/13.2.1/thumb/v7e-m/nofp\libgcc.a(_aeabi_uldivmod.o) (__udivmoddi4)
C:/Program Files (x86)/ABOV/eMStudio32/bin/13.2 Rel1/bin/../lib/gcc/arm-none-eabi/13.2.1/thumb/v7e-m/nofp\libgcc.a(_dvmd_tls.o)
                              C:/Program Files (x86)/ABOV/eMStudio32/bin/13.2 Rel1/bin/../lib/gcc/arm-none-eabi/13.2.1/thumb/v7e-m/nofp\libgcc.a(_aeabi_uldivmod.o) (__aeabi_ldiv0)
C:/Program Files (x86)/ABOV/eMStudio32/bin/13.2 Rel1/bin/../lib/gcc/arm-none-eabi/13.2.1/thumb/v7e-m/nofp\libg_nano.a(libc_a-exit.o)
                              C:/Program Files (x86)/ABOV/eMStudio32/bin/13.2 Rel1/bin/../lib/gcc/arm-none-eabi/13.2.1/thumb/v7e-m/nofp/crt0.o (exit)
C:/Program Files (x86)/ABOV/eMStudio32/bin/13.2 Rel1/bin/../lib/gcc/arm-none-eabi/13.2.1/thumb/v7e-m/nofp\libg_nano.a(libc_a-ctype_.o)
                              ./Main/Mqtt_Library/mqtt_core.o (_ctype_)
C:/Program Files (x86)/ABOV/eMStudio32/bin/13.2 Rel1/bin/../lib/gcc/arm-none-eabi/13.2.1/thumb/v7e-m/nofp\libg_nano.a(libc_a-findfp.o)
                              C:/Program Files (x86)/ABOV/eMStudio32/bin/13.2 Rel1/bin/../lib/gcc/arm-none-eabi/13.2.1/thumb/v7e-m/nofp\libg_nano.a(libc_a-exit.o) (__stdio_exit_handler)
C:/Program Files (x86)/ABOV/eMStudio32/bin/13.2 Rel1/bin/../lib/gcc/arm-none-eabi/13.2.1/thumb/v7e-m/nofp\libg_nano.a(libc_a-fwalk.o)
                              C:/Program Files (x86)/ABOV/eMStudio32/bin/13.2 Rel1/bin/../lib/gcc/arm-none-eabi/13.2.1/thumb/v7e-m/nofp\libg_nano.a(libc_a-findfp.o) (_fwalk_sglue)
C:/Program Files (x86)/ABOV/eMStudio32/bin/13.2 Rel1/bin/../lib/gcc/arm-none-eabi/13.2.1/thumb/v7e-m/nofp\libg_nano.a(libc_a-snprintf.o)
                              ./Main/Tiremo_Process/sensor.o (snprintf)
C:/Program Files (x86)/ABOV/eMStudio32/bin/13.2 Rel1/bin/../lib/gcc/arm-none-eabi/13.2.1/thumb/v7e-m/nofp\libg_nano.a(libc_a-sprintf.o)
                              ./Main/Mqtt_Library/mqtt_core.o (sprintf)
C:/Program Files (x86)/ABOV/eMStudio32/bin/13.2 Rel1/bin/../lib/gcc/arm-none-eabi/13.2.1/thumb/v7e-m/nofp\libg_nano.a(libc_a-stdio.o)
                              C:/Program Files (x86)/ABOV/eMStudio32/bin/13.2 Rel1/bin/../lib/gcc/arm-none-eabi/13.2.1/thumb/v7e-m/nofp\libg_nano.a(libc_a-findfp.o) (__sread)
C:/Program Files (x86)/ABOV/eMStudio32/bin/13.2 Rel1/bin/../lib/gcc/arm-none-eabi/13.2.1/thumb/v7e-m/nofp\libg_nano.a(libc_a-vsnprintf.o)
                              ./Main/Tiremo/DebugLibrary/debug_framework.o (vsnprintf)
C:/Program Files (x86)/ABOV/eMStudio32/bin/13.2 Rel1/bin/../lib/gcc/arm-none-eabi/13.2.1/thumb/v7e-m/nofp\libg_nano.a(libc_a-memset.o)
                              C:/Program Files (x86)/ABOV/eMStudio32/bin/13.2 Rel1/bin/../lib/gcc/arm-none-eabi/13.2.1/thumb/v7e-m/nofp/crt0.o (memset)
C:/Program Files (x86)/ABOV/eMStudio32/bin/13.2 Rel1/bin/../lib/gcc/arm-none-eabi/13.2.1/thumb/v7e-m/nofp\libg_nano.a(libc_a-strchr.o)
                              ./Main/Mqtt_Library/cert_Lib/mqtt_cert_provision.o (strchr)
[...]
Memory Configuration

Name             Origin             Length             Attributes
FLASH            0x00000000         0x00200000         xr
RAM              0x20000000         0x00040000         xrw
*default*        0x00000000         0xffffffff

Linker script and memory map

LOAD C:/Program Files (x86)/ABOV/eMStudio32/bin/13.2 Rel1/bin/../lib/gcc/arm-none-eabi/13.2.1/thumb/v7e-m/nofp/crti.o
LOAD C:/Program Files (x86)/ABOV/eMStudio32/bin/13.2 Rel1/bin/../lib/gcc/arm-none-eabi/13.2.1/thumb/v7e-m/nofp/crtbegin.o
LOAD C:/Program Files (x86)/ABOV/eMStudio32/bin/13.2 Rel1/bin/../lib/gcc/arm-none-eabi/13.2.1/thumb/v7e-m/nofp/crt0.o
LOAD ./Main/Tiremo_Process/sensor.o
LOAD ./Main/Tiremo_Process/tiremo_app.o
LOAD ./Main/Tiremo_Process/tiremo_app_net.o
LOAD ./Main/Tiremo_Process/tiremo_shadow.o
LOAD ./Main/Tiremo/sht40/bsp/lib/tiremo_sht40_common.o
LOAD ./Main/Tiremo/sht40/bsp/lib/tiremo_sht40_driver.o
LOAD ./Main/Tiremo/sht40/bsp/lib/tiremo_sht40_i2c.o
LOAD ./Main/Tiremo/sht40/bsp/lib/tiremo_sht40_i2c_hal.o
LOAD ./Main/Tiremo/sht40/bsp/tiremo_sht40_bsp.o
LOAD ./Main/Tiremo/sht40/app/tiremo_sht40_app.o
LOAD ./Main/Tiremo/microphone/bsp/tiremo_mic_bsp.o
LOAD ./Main/Tiremo/microphone/app/tiremo_mic_app.o
LOAD ./Main/Tiremo/lis2de12tr/bsp/lib/tiremo_lis2de12tr_driver.o
LOAD ./Main/Tiremo/lis2de12tr/bsp/lib/tiremo_lis2de12tr_i2c_hal.o
LOAD ./Main/Tiremo/lis2de12tr/bsp/tiremo_lis2de12tr_bsp.o
LOAD ./Main/Tiremo/lis2de12tr/app/tiremo_lis2de12tr_app.o
LOAD ./Main/Tiremo/led/bsp/tiremo_led_bsp.o
LOAD ./Main/Tiremo/led/app/tiremo_led_app.o
LOAD ./Main/Tiremo/esp32/bsp/tiremo_esp32_bsp.o
LOAD ./Main/Tiremo/esp32/app/tiremo_esp32_app.o
LOAD ./Main/Tiremo/common/tiremo_systick.o
LOAD ./Main/Tiremo/button/bsp/tiremo_button_bsp.o
LOAD ./Main/Tiremo/button/app/tiremo_button_app.o
LOAD ./Main/Tiremo/battery/bsp/tiremo_battery_bsp.o
LOAD ./Main/Tiremo/battery/app/tiremo_battery_app.o
LOAD ./Main/Tiremo/DebugLibrary/debug_framework.o
LOAD ./Main/Mqtt_Library/cert_Lib/mqtt_cert_provision.o
LOAD ./Main/Mqtt_Library/cert_Lib/mqtt_certs.o
LOAD ./Main/Mqtt_Library/EMPA_MqttAws.o
LOAD ./Main/Mqtt_Library/mqtt_core.o
LOAD ./Main/Mqtt_Library/mqtt_port_abov.o
LOAD ./Main/Mqtt_Library/mqtt_shadow.o
LOAD ./Main/main.o
LOAD ./Main/prv_scu_clk.o
LOAD ./Main/prv_user_code.o
LOAD ./Main/user_adc.o
LOAD ./Main/user_adc_isr.o
LOAD ./Main/user_i2c.o
LOAD ./Main/user_i2c_isr.o
LOAD ./Main/user_timer1.o
LOAD ./Main/user_timer1_isr.o
LOAD ./Main/user_uart.o
LOAD ./Main/user_uart_isr.o
LOAD ./HAL/WDT/hal_wdt.o
LOAD ./HAL/VREFBUF/hal_vrefbuf.o
LOAD ./HAL/USART/hal_usart.o
LOAD ./HAL/UART/hal_uart.o
LOAD ./HAL/Timer1/hal_timer1.o
LOAD ./HAL/SPI/hal_spi.o
LOAD ./HAL/SCU/hal_scu.o
LOAD ./HAL/SCU/hal_scu_clk.o
LOAD ./HAL/SCU/hal_scu_lvd.o
LOAD ./HAL/SCU/hal_scu_pwr.o
LOAD ./HAL/RTC/hal_rtc.o
LOAD ./HAL/RNG/hal_rng.o
LOAD ./HAL/QSPI/hal_qspi.o
LOAD ./HAL/QEI/hal_qei.o
LOAD ./HAL/PWM/hal_pwm.o
LOAD ./HAL/PGA/hal_pga.o
LOAD ./HAL/PCU/hal_pcu.o
LOAD ./HAL/MPWM/hal_mpwm.o
LOAD ./HAL/LPUART/hal_lpuart.o
LOAD ./HAL/LCD/hal_lcd.o
LOAD ./HAL/I2C/hal_i2c.o
LOAD ./HAL/HPL/NMI/hpl_nmi.o
LOAD ./HAL/HPL/DMA/hpl_dma.o
LOAD ./HAL/FRT/hal_frt.o
LOAD ./HAL/FMC/hal_fmc.o
LOAD ./HAL/DAC/hal_dac.o
LOAD ./HAL/CRC/hal_crc.o
LOAD ./HAL/CMP/hal_cmp.o
LOAD ./HAL/AES/hal_aes.o
LOAD ./HAL/ADC/hal_adc.o
LOAD ./Debug/Source/debug.o
LOAD ./Debug/Source/debug_cmd.o
LOAD ./Debug/Source/debug_hardfault.o
LOAD ./Debug/Source/debug_log.o
LOAD ./Debug/Source/debug_retarget.o
LOAD ./Debug/Source/debug_serial.o
LOAD ./ABOV/Source/startup_a34xxxx.o
LOAD ./ABOV/Source/system_a34xxxx.o
START GROUP
LOAD C:/Program Files (x86)/ABOV/eMStudio32/bin/13.2 Rel1/bin/../lib/gcc/arm-none-eabi/13.2.1/thumb/v7e-m/nofp\libgcc.a
LOAD C:/Program Files (x86)/ABOV/eMStudio32/bin/13.2 Rel1/bin/../lib/gcc/arm-none-eabi/13.2.1/thumb/v7e-m/nofp\libg_nano.a
LOAD C:/Program Files (x86)/ABOV/eMStudio32/bin/13.2 Rel1/bin/../lib/gcc/arm-none-eabi/13.2.1/thumb/v7e-m/nofp\libc_nano.a
END GROUP
START GROUP
LOAD C:/Program Files (x86)/ABOV/eMStudio32/bin/13.2 Rel1/bin/../lib/gcc/arm-none-eabi/13.2.1/thumb/v7e-m/nofp\libgcc.a
LOAD C:/Program Files (x86)/ABOV/eMStudio32/bin/13.2 Rel1/bin/../lib/gcc/arm-none-eabi/13.2.1/thumb/v7e-m/nofp\libc_nano.a
LOAD C:/Program Files (x86)/ABOV/eMStudio32/bin/13.2 Rel1/bin/../lib/gcc/arm-none-eabi/13.2.1/thumb/v7e-m/nofp\libnosys.a
END GROUP
START GROUP
LOAD C:/Program Files (x86)/ABOV/eMStudio32/bin/13.2 Rel1/bin/../lib/gcc/arm-none-eabi/13.2.1/thumb/v7e-m/nofp\libgcc.a
LOAD C:/Program Files (x86)/ABOV/eMStudio32/bin/13.2 Rel1/bin/../lib/gcc/arm-none-eabi/13.2.1/thumb/v7e-m/nofp\libc_nano.a
LOAD C:/Program Files (x86)/ABOV/eMStudio32/bin/13.2 Rel1/bin/../lib/gcc/arm-none-eabi/13.2.1/thumb/v7e-m/nofp\libnosys.a
END GROUP
LOAD C:/Program Files (x86)/ABOV/eMStudio32/bin/13.2 Rel1/bin/../lib/gcc/arm-none-eabi/13.2.1/thumb/v7e-m/nofp/crtend.o
LOAD C:/Program Files (x86)/ABOV/eMStudio32/bin/13.2 Rel1/bin/../lib/gcc/arm-none-eabi/13.2.1/thumb/v7e-m/nofp/crtn.o
                0x00000000                        __ROM_BASE = 0x0
                0x00200000                        __ROM_SIZE = 0x200000
                0x20000000                        __RAM_BASE = 0x20000000
                0x00040000                        __RAM_SIZE = 0x40000
                0x00000400                        __STACK_SIZE = 0x400
                0x00000400                        __HEAP_SIZE = 0x400

.text           0x00000000     0xb6d4
 *(.vectors)
 .vectors       0x00000000      0x3c0 ./ABOV/Source/startup_a34xxxx.o
                0x00000000                __Vectors
 *(.text*)
 .text.deregister_tm_clones
                0x000003c0       0x1c C:/Program Files (x86)/ABOV/eMStudio32/bin/13.2 Rel1/bin/../lib/gcc/arm-none-eabi/13.2.1/thumb/v7e-m/nofp/crtbegin.o
 .text.register_tm_clones
                0x000003dc       0x24 C:/Program Files (x86)/ABOV/eMStudio32/bin/13.2 Rel1/bin/../lib/gcc/arm-none-eabi/13.2.1/thumb/v7e-m/nofp/crtbegin.o
 .text.__do_global_dtors_aux
                0x00000400       0x28 C:/Program Files (x86)/ABOV/eMStudio32/bin/13.2 Rel1/bin/../lib/gcc/arm-none-eabi/13.2.1/thumb/v7e-m/nofp/crtbegin.o
 .text.frame_dummy
                0x00000428       0x24 C:/Program Files (x86)/ABOV/eMStudio32/bin/13.2 Rel1/bin/../lib/gcc/arm-none-eabi/13.2.1/thumb/v7e-m/nofp/crtbegin.o
 .text          0x0000044c       0x7c C:/Program Files (x86)/ABOV/eMStudio32/bin/13.2 Rel1/bin/../lib/gcc/arm-none-eabi/13.2.1/thumb/v7e-m/nofp/crt0.o
                0x0000044c                _stack_init
                0x00000454                _start
                0x00000454                _mainCRTStartup
 .text.Sensor_CaptureMicRms
                0x000004c8       0x3c ./Main/Tiremo_Process/sensor.o
 .text.Sensor_FillFromDrivers
                0x00000504       0xc4 ./Main/Tiremo_Process/sensor.o
 .text.Sensor_LEDTest
                0x000005c8       0x3c ./Main/Tiremo_Process/sensor.o
                0x000005c8                Sensor_LEDTest
 .text.Sensor_TestAll
                0x00000604      0x11c ./Main/Tiremo_Process/sensor.o
                0x00000604                Sensor_TestAll
 .text.Sensor_ReadOnly
                0x00000720       0x14 ./Main/Tiremo_Process/sensor.o
                0x00000720                Sensor_ReadOnly
 .text.Sensor_FormatJSON
                0x00000734       0xd4 ./Main/Tiremo_Process/sensor.o
                0x00000734                Sensor_FormatJSON
 .text.Sensor_PollAlarms
                0x00000808       0xfc ./Main/Tiremo_Process/sensor.o
                0x00000808                Sensor_PollAlarms
 .text.Sensor_FormatAlarmJSON
                0x00000904      0x12c ./Main/Tiremo_Process/sensor.o
                0x00000904                Sensor_FormatAlarmJSON
 .text.TiremoApp_PrintBanner
                0x00000a30       0x48 ./Main/Tiremo_Process/tiremo_app.o
 .text.TIREMO_SysTick_OnTick1ms
                0x00000a78       0x3c ./Main/Tiremo_Process/tiremo_app.o
                0x00000a78                TIREMO_SysTick_OnTick1ms
 .text.TiremoApp_Init
                0x00000ab4       0x5c ./Main/Tiremo_Process/tiremo_app.o
                0x00000ab4                TiremoApp_Init
 .text.TiremoApp_Run
                0x00000b10       0x4c ./Main/Tiremo_Process/tiremo_app.o
                0x00000b10                TiremoApp_Run
 .text.TiremoAppNet_InitAndConnect
                0x00000b5c      0x164 ./Main/Tiremo_Process/tiremo_app_net.o
                0x00000b5c                TiremoAppNet_InitAndConnect
 .text.TiremoAppNet_PublishCycle
                0x00000cc0       0x84 ./Main/Tiremo_Process/tiremo_app_net.o
                0x00000cc0                TiremoAppNet_PublishCycle
 .text.TiremoAppNet_PublishAlarms
                0x00000d44       0x3c ./Main/Tiremo_Process/tiremo_app_net.o
                0x00000d44                TiremoAppNet_PublishAlarms
 .text.TiremoAppNet_GetPublishIntervalMs
                0x00000d80        0x8 ./Main/Tiremo_Process/tiremo_app_net.o
                0x00000d80                TiremoAppNet_GetPublishIntervalMs
 .text.TiremoAppNet_IdleService
                0x00000d88       0x20 ./Main/Tiremo_Process/tiremo_app_net.o
                0x00000d88                TiremoAppNet_IdleService
 .text.shadow_publish_reported
                0x00000da8       0x50 ./Main/Tiremo_Process/tiremo_shadow.o
 .text.shadow_apply_light
                0x00000df8       0x2c ./Main/Tiremo_Process/tiremo_shadow.o
 .text.shadow_apply_delta
                0x00000e24       0x5c ./Main/Tiremo_Process/tiremo_shadow.o
 .text.shadow_on_delta
                0x00000e80        0xa ./Main/Tiremo_Process/tiremo_shadow.o
 *fill*         0x00000e8a        0x2 
 .text.TiremoShadow_Init
                0x00000e8c       0x24 ./Main/Tiremo_Process/tiremo_shadow.o
                0x00000e8c                TiremoShadow_Init
 .text.TiremoShadow_OnConnected
                0x00000eb0       0xa4 ./Main/Tiremo_Process/tiremo_shadow.o
                0x00000eb0                TiremoShadow_OnConnected
 .text.TiremoShadow_Poll
                0x00000f54       0x34 ./Main/Tiremo_Process/tiremo_shadow.o
                0x00000f54                TiremoShadow_Poll
 .text.TiremoShadow_ServiceForMs
                0x00000f88       0x50 ./Main/Tiremo_Process/tiremo_shadow.o
                0x00000f88                TiremoShadow_ServiceForMs
 .text.TiremoShadow_GetPublishIntervalMs
                0x00000fd8        0x6 ./Main/Tiremo_Process/tiremo_shadow.o
                0x00000fd8                TiremoShadow_GetPublishIntervalMs
 *fill*         0x00000fde        0x2 
 .text.TiremoShadow_GetPubTopic
                0x00000fe0        0x8 ./Main/Tiremo_Process/tiremo_shadow.o
                0x00000fe0                TiremoShadow_GetPubTopic
 .text.TiremoShadow_GetAlarmTopic
                0x00000fe8        0x8 ./Main/Tiremo_Process/tiremo_shadow.o
                0x00000fe8                TiremoShadow_GetAlarmTopic
 .text.tiremo_sht40_common_bytes_to_uint16
                0x00000ff0        0xa ./Main/Tiremo/sht40/bsp/lib/tiremo_sht40_common.o
                0x00000ff0                tiremo_sht40_common_bytes_to_uint16
 .text.tiremo_sht40_bytes_to_uint16
                0x00000ffa        0x8 ./Main/Tiremo/sht40/bsp/lib/tiremo_sht40_common.o
                0x00000ffa                tiremo_sht40_bytes_to_uint16
 .text.tiremo_sht40_convert_ticks_to_celsius
                0x00001002       0x12 ./Main/Tiremo/sht40/bsp/lib/tiremo_sht40_driver.o
 .text.tiremo_sht40_convert_ticks_to_percent_rh
                0x00001014       0x12 ./Main/Tiremo/sht40/bsp/lib/tiremo_sht40_driver.o
 .text.tiremo_sht40_read_measurement
                0x00001026       0x4c ./Main/Tiremo/sht40/bsp/lib/tiremo_sht40_driver.o
 .text.tiremo_sht40_measure_high_precision_ticks
                0x00001072       0x12 ./Main/Tiremo/sht40/bsp/lib/tiremo_sht40_driver.o
                0x00001072                tiremo_sht40_measure_high_precision_ticks
 .text.tiremo_sht40_measure_high_precision
                0x00001084       0x30 ./Main/Tiremo/sht40/bsp/lib/tiremo_sht40_driver.o
                0x00001084                tiremo_sht40_measure_high_precision
 .text.tiremo_sht40_soft_reset
                0x000010b4       0x2a ./Main/Tiremo/sht40/bsp/lib/tiremo_sht40_driver.o
                0x000010b4                tiremo_sht40_soft_reset
 .text.tiremo_sht40_i2c_generate_crc
                0x000010de       0x36 ./Main/Tiremo/sht40/bsp/lib/tiremo_sht40_i2c.o
                0x000010de                tiremo_sht40_i2c_generate_crc
 .text.tiremo_sht40_i2c_check_crc
                0x00001114       0x10 ./Main/Tiremo/sht40/bsp/lib/tiremo_sht40_i2c.o
                0x00001114                tiremo_sht40_i2c_check_crc
 .text.tiremo_sht40_i2c_write_data
                0x00001124        0x8 ./Main/Tiremo/sht40/bsp/lib/tiremo_sht40_i2c.o
                0x00001124                tiremo_sht40_i2c_write_data
 .text.tiremo_sht40_i2c_read_data_inplace
                0x0000112c       0x58 ./Main/Tiremo/sht40/bsp/lib/tiremo_sht40_i2c.o
                0x0000112c                tiremo_sht40_i2c_read_data_inplace
 .text.tiremo_sht40_i2c_hal_init
                0x00001184        0x2 ./Main/Tiremo/sht40/bsp/lib/tiremo_sht40_i2c_hal.o
                0x00001184                tiremo_sht40_i2c_hal_init
 .text.tiremo_sht40_i2c_hal_read
                0x00001186       0x20 ./Main/Tiremo/sht40/bsp/lib/tiremo_sht40_i2c_hal.o
                0x00001186                tiremo_sht40_i2c_hal_read
 .text.tiremo_sht40_i2c_hal_write
                0x000011a6       0x20 ./Main/Tiremo/sht40/bsp/lib/tiremo_sht40_i2c_hal.o
                0x000011a6                tiremo_sht40_i2c_hal_write
 *fill*         0x000011c6        0x2 
 .text.tiremo_sht40_i2c_hal_sleep_usec
                0x000011c8       0x20 ./Main/Tiremo/sht40/bsp/lib/tiremo_sht40_i2c_hal.o
                0x000011c8                tiremo_sht40_i2c_hal_sleep_usec
 .text.TIREMO_SHT40_BSP_Init
                0x000011e8       0x24 ./Main/Tiremo/sht40/bsp/tiremo_sht40_bsp.o
                0x000011e8                TIREMO_SHT40_BSP_Init
 .text.TIREMO_SHT40_BSP_ReadHighPrecision
                0x0000120c       0x28 ./Main/Tiremo/sht40/bsp/tiremo_sht40_bsp.o
                0x0000120c                TIREMO_SHT40_BSP_ReadHighPrecision
 .text.TIREMO_SHT40_App_Init
                0x00001234       0x14 ./Main/Tiremo/sht40/app/tiremo_sht40_app.o
                0x00001234                TIREMO_SHT40_App_Init
 .text.TIREMO_SHT40_App_Read
                0x00001248       0x24 ./Main/Tiremo/sht40/app/tiremo_sht40_app.o
                0x00001248                TIREMO_SHT40_App_Read
 .text.__NVIC_EnableIRQ
                0x0000126c       0x1c ./Main/Tiremo/microphone/bsp/tiremo_mic_bsp.o
 .text.__NVIC_DisableIRQ
                0x00001288       0x24 ./Main/Tiremo/microphone/bsp/tiremo_mic_bsp.o
 .text.TIREMO_MIC_BSP_CalcGra
                0x000012ac       0x24 ./Main/Tiremo/microphone/bsp/tiremo_mic_bsp.o
 .text.TIREMO_MIC_BSP_ApplyCaptureRuntime
                0x000012d0       0x18 ./Main/Tiremo/microphone/bsp/tiremo_mic_bsp.o
 .text.TIREMO_MIC_BSP_ArmDma
                0x000012e8        0x4 ./Main/Tiremo/microphone/bsp/tiremo_mic_bsp.o
 .text.TIREMO_MIC_BSP_AdcIrqMask
                0x000012ec       0x2c ./Main/Tiremo/microphone/bsp/tiremo_mic_bsp.o
 .text.TIREMO_MIC_BSP_ReadPendingEvents
                0x00001318       0x6c ./Main/Tiremo/microphone/bsp/tiremo_mic_bsp.o
 .text.TIREMO_MIC_BSP_SetCaptureIrqPoll
                0x00001384       0x24 ./Main/Tiremo/microphone/bsp/tiremo_mic_bsp.o
 .text.TIREMO_MIC_BSP_SetDataHandlers
                0x000013a8       0x24 ./Main/Tiremo/microphone/bsp/tiremo_mic_bsp.o
                0x000013a8                TIREMO_MIC_BSP_SetDataHandlers
 .text.TIREMO_MIC_BSP_DbgStep
                0x000013cc        0x2 ./Main/Tiremo/microphone/bsp/tiremo_mic_bsp.o
                0x000013cc                TIREMO_MIC_BSP_DbgStep
 *fill*         0x000013ce        0x2 
 .text.TIREMO_MIC_BSP_Dbg
                0x000013d0       0x10 ./Main/Tiremo/microphone/bsp/tiremo_mic_bsp.o
 .text.TIREMO_MIC_BSP_SetSampleRate
                0x000013e0       0x34 ./Main/Tiremo/microphone/bsp/tiremo_mic_bsp.o
                0x000013e0                TIREMO_MIC_BSP_SetSampleRate
 .text.TIREMO_MIC_Init
                0x00001414       0x1c ./Main/Tiremo/microphone/bsp/tiremo_mic_bsp.o
                0x00001414                TIREMO_MIC_Init
 .text.TIREMO_MIC_BSP_Start
                0x00001430       0xc4 ./Main/Tiremo/microphone/bsp/tiremo_mic_bsp.o
                0x00001430                TIREMO_MIC_BSP_Start
 .text.TIREMO_MIC_BSP_Stop
                0x000014f4       0x30 ./Main/Tiremo/microphone/bsp/tiremo_mic_bsp.o
                0x000014f4                TIREMO_MIC_BSP_Stop
 .text.TIREMO_MIC_BSP_IrqHandler
                0x00001524       0x84 ./Main/Tiremo/microphone/bsp/tiremo_mic_bsp.o
                0x00001524                TIREMO_MIC_BSP_IrqHandler
 .text.TIREMO_MIC_BSP_Service
                0x000015a8       0x20 ./Main/Tiremo/microphone/bsp/tiremo_mic_bsp.o
                0x000015a8                TIREMO_MIC_BSP_Service
 .text.TIREMO_MIC_App_ValidateConfig
                0x000015c8       0x34 ./Main/Tiremo/microphone/app/tiremo_mic_app.o
 .text.TIREMO_MIC_App_ResetVoiceState
                0x000015fc       0x24 ./Main/Tiremo/microphone/app/tiremo_mic_app.o
 .text.TIREMO_MIC_App_Isqrt64
                0x00001620       0x6c ./Main/Tiremo/microphone/app/tiremo_mic_app.o
 .text.TIREMO_MIC_App_BufferRms
                0x0000168c       0x4a ./Main/Tiremo/microphone/app/tiremo_mic_app.o
 *fill*         0x000016d6        0x2 
 .text.TIREMO_MIC_App_UpdateVoiceLevel
                0x000016d8       0x4c ./Main/Tiremo/microphone/app/tiremo_mic_app.o
 .text.TIREMO_MIC_App_StateToAlert
                0x00001724       0x14 ./Main/Tiremo/microphone/app/tiremo_mic_app.o
 .text.TIREMO_MIC_App_UpdateVoiceState
                0x00001738      0x104 ./Main/Tiremo/microphone/app/tiremo_mic_app.o
 .text.TIREMO_MIC_App_RegisterBspHandlers
                0x0000183c       0x10 ./Main/Tiremo/microphone/app/tiremo_mic_app.o
 .text.TIREMO_MIC_App_ProcessVoice
                0x0000184c       0x28 ./Main/Tiremo/microphone/app/tiremo_mic_app.o
                0x0000184c                TIREMO_MIC_App_ProcessVoice
 .text.TIREMO_MIC_App_GetVoiceLevel
                0x00001874        0xc ./Main/Tiremo/microphone/app/tiremo_mic_app.o
                0x00001874                TIREMO_MIC_App_GetVoiceLevel
 .text.TIREMO_MIC_App_GetDefaultConfig
                0x00001880       0x1c ./Main/Tiremo/microphone/app/tiremo_mic_app.o
                0x00001880                TIREMO_MIC_App_GetDefaultConfig
 .text.TIREMO_MIC_App_Init
                0x0000189c       0x98 ./Main/Tiremo/microphone/app/tiremo_mic_app.o
                0x0000189c                TIREMO_MIC_App_Init
 .text.TIREMO_MIC_App_InitDefault
                0x00001934       0x16 ./Main/Tiremo/microphone/app/tiremo_mic_app.o
                0x00001934                TIREMO_MIC_App_InitDefault
 *fill*         0x0000194a        0x2 
 .text.TIREMO_MIC_App_Start
                0x0000194c       0x5c ./Main/Tiremo/microphone/app/tiremo_mic_app.o
                0x0000194c                TIREMO_MIC_App_Start
 .text.TIREMO_MIC_App_Stop
                0x000019a8       0x1c ./Main/Tiremo/microphone/app/tiremo_mic_app.o
                0x000019a8                TIREMO_MIC_App_Stop
 .text.TIREMO_MIC_App_GetState
                0x000019c4        0xc ./Main/Tiremo/microphone/app/tiremo_mic_app.o
                0x000019c4                TIREMO_MIC_App_GetState
 .text.TIREMO_MIC_App_GetSampleCount
                0x000019d0        0xc ./Main/Tiremo/microphone/app/tiremo_mic_app.o
                0x000019d0                TIREMO_MIC_App_GetSampleCount
 .text.TIREMO_MIC_App_ApplyHpFilter
                0x000019dc       0x6c ./Main/Tiremo/microphone/app/tiremo_mic_app.o
                0x000019dc                TIREMO_MIC_App_ApplyHpFilter
 .text.TIREMO_MIC_App_OnVoiceAlert
                0x00001a48        0xc ./Main/Tiremo/microphone/app/tiremo_mic_app.o
                0x00001a48                TIREMO_MIC_App_OnVoiceAlert
 .text.TIREMO_MIC_App_HandleBufferReady
                0x00001a54       0x34 ./Main/Tiremo/microphone/app/tiremo_mic_app.o
 .text.TIREMO_MIC_App_StoreSample
                0x00001a88       0x60 ./Main/Tiremo/microphone/app/tiremo_mic_app.o
 .text.TIREMO_MIC_App_HandleSample
                0x00001ae8       0x18 ./Main/Tiremo/microphone/app/tiremo_mic_app.o
 .text.TIREMO_MIC_App_HandleDmaBlock
                0x00001b00       0x2c ./Main/Tiremo/microphone/app/tiremo_mic_app.o
 .text.hal_i2c_read_buffer
                0x00001b2c       0x34 ./Main/Tiremo/lis2de12tr/bsp/lib/tiremo_lis2de12tr_driver.o
                0x00001b2c                hal_i2c_read_buffer
 .text.lis2de12_read_reg
                0x00001b60       0x20 ./Main/Tiremo/lis2de12tr/bsp/lib/tiremo_lis2de12tr_driver.o
                0x00001b60                lis2de12_read_reg
 .text.lis2de12_device_id_get
                0x00001b80        0xe ./Main/Tiremo/lis2de12tr/bsp/lib/tiremo_lis2de12tr_driver.o
                0x00001b80                lis2de12_device_id_get
 *fill*         0x00001b8e        0x2 
 .text.hal_i2c_write_buffer
                0x00001b90       0x60 ./Main/Tiremo/lis2de12tr/bsp/lib/tiremo_lis2de12tr_driver.o
                0x00001b90                hal_i2c_write_buffer
 .text.lis2de12_write_reg
                0x00001bf0       0x20 ./Main/Tiremo/lis2de12tr/bsp/lib/tiremo_lis2de12tr_driver.o
                0x00001bf0                lis2de12_write_reg
 .text.lis2de12_temperature_meas_set
                0x00001c10       0x2e ./Main/Tiremo/lis2de12tr/bsp/lib/tiremo_lis2de12tr_driver.o
                0x00001c10                lis2de12_temperature_meas_set
 .text.lis2de12_data_rate_set
                0x00001c3e       0x40 ./Main/Tiremo/lis2de12tr/bsp/lib/tiremo_lis2de12tr_driver.o
                0x00001c3e                lis2de12_data_rate_set
 .text.lis2de12_full_scale_set
                0x00001c7e       0x2e ./Main/Tiremo/lis2de12tr/bsp/lib/tiremo_lis2de12tr_driver.o
                0x00001c7e                lis2de12_full_scale_set
 .text.lis2de12_block_data_update_set
                0x00001cac       0x2e ./Main/Tiremo/lis2de12tr/bsp/lib/tiremo_lis2de12tr_driver.o
                0x00001cac                lis2de12_block_data_update_set
 .text.lis2de12_boot_set
                0x00001cda       0x2e ./Main/Tiremo/lis2de12tr/bsp/lib/tiremo_lis2de12tr_driver.o
                0x00001cda                lis2de12_boot_set
 .text.__NVIC_DisableIRQ
                0x00001d08       0x24 ./Main/Tiremo/lis2de12tr/bsp/lib/tiremo_lis2de12tr_i2c_hal.o
 .text.I2C_GetIRQNum
                0x00001d2c       0x22 ./Main/Tiremo/lis2de12tr/bsp/lib/tiremo_lis2de12tr_i2c_hal.o
 *fill*         0x00001d4e        0x2 
 .text.tiremo_lis2de12tr_i2c_get_op_status
                0x00001d50       0x20 ./Main/Tiremo/lis2de12tr/bsp/lib/tiremo_lis2de12tr_i2c_hal.o
 .text.tiremo_lis2de12tr_i2c_set_op_stop
                0x00001d70       0x28 ./Main/Tiremo/lis2de12tr/bsp/lib/tiremo_lis2de12tr_i2c_hal.o
 .text.tiremo_lis2de12tr_i2c_flush_flags
                0x00001d98       0x18 ./Main/Tiremo/lis2de12tr/bsp/lib/tiremo_lis2de12tr_i2c_hal.o
 .text.tiremo_lis2de12tr_i2c_bus_begin
                0x00001db0       0x1c ./Main/Tiremo/lis2de12tr/bsp/lib/tiremo_lis2de12tr_i2c_hal.o
 .text.tiremo_lis2de12tr_i2c_bus_end
                0x00001dcc       0x3c ./Main/Tiremo/lis2de12tr/bsp/lib/tiremo_lis2de12tr_i2c_hal.o
 .text.tiremo_lis2de12tr_i2c_apply_config
                0x00001e08       0x40 ./Main/Tiremo/lis2de12tr/bsp/lib/tiremo_lis2de12tr_i2c_hal.o
 .text.tiremo_lis2de12tr_i2c_prepare_bus
                0x00001e48       0x36 ./Main/Tiremo/lis2de12tr/bsp/lib/tiremo_lis2de12tr_i2c_hal.o
                0x00001e48                tiremo_lis2de12tr_i2c_prepare_bus
 *fill*         0x00001e7e        0x2 
 .text.tiremo_lis2de12tr_i2c_full_recover
                0x00001e80       0x2c ./Main/Tiremo/lis2de12tr/bsp/lib/tiremo_lis2de12tr_i2c_hal.o
                0x00001e80                tiremo_lis2de12tr_i2c_full_recover
 .text.tiremo_lis2de12tr_i2c_on_error
                0x00001eac       0x20 ./Main/Tiremo/lis2de12tr/bsp/lib/tiremo_lis2de12tr_i2c_hal.o
 .text.tiremo_lis2de12tr_i2c_write_read
                0x00001ecc      0x1e8 ./Main/Tiremo/lis2de12tr/bsp/lib/tiremo_lis2de12tr_i2c_hal.o
                0x00001ecc                tiremo_lis2de12tr_i2c_write_read
 .text.TIREMO_LIS2DE12TR_BSP_ProbeWhoAmI
                0x000020b4       0x44 ./Main/Tiremo/lis2de12tr/bsp/tiremo_lis2de12tr_bsp.o
 .text.TIREMO_LIS2DE12TR_BSP_VerifyCtrl1
                0x000020f8       0x64 ./Main/Tiremo/lis2de12tr/bsp/tiremo_lis2de12tr_bsp.o
 .text.TIREMO_LIS2DE12TR_BSP_Init
                0x0000215c       0xa0 ./Main/Tiremo/lis2de12tr/bsp/tiremo_lis2de12tr_bsp.o
                0x0000215c                TIREMO_LIS2DE12TR_BSP_Init
 .text.TIREMO_LIS2DE12TR_BSP_ReadAccel
                0x000021fc      0x108 ./Main/Tiremo/lis2de12tr/bsp/tiremo_lis2de12tr_bsp.o
                0x000021fc                TIREMO_LIS2DE12TR_BSP_ReadAccel
 .text.TIREMO_LIS2DE12TR_App_Init
                0x00002304       0x14 ./Main/Tiremo/lis2de12tr/app/tiremo_lis2de12tr_app.o
                0x00002304                TIREMO_LIS2DE12TR_App_Init
 .text.TIREMO_LIS2DE12TR_App_ReadAccel
                0x00002318       0x28 ./Main/Tiremo/lis2de12tr/app/tiremo_lis2de12tr_app.o
                0x00002318                TIREMO_LIS2DE12TR_App_ReadAccel
 .text.TIREMO_LED_IsValidId
                0x00002340        0xa ./Main/Tiremo/led/bsp/tiremo_led_bsp.o
 *fill*         0x0000234a        0x2 
 .text.TIREMO_LED_WritePin
                0x0000234c       0x3c ./Main/Tiremo/led/bsp/tiremo_led_bsp.o
 .text.TIREMO_LED_Init
                0x00002388       0x16 ./Main/Tiremo/led/bsp/tiremo_led_bsp.o
                0x00002388                TIREMO_LED_Init
 .text.TIREMO_LED_On
                0x0000239e       0x16 ./Main/Tiremo/led/bsp/tiremo_led_bsp.o
                0x0000239e                TIREMO_LED_On
 .text.TIREMO_LED_Off
                0x000023b4       0x16 ./Main/Tiremo/led/bsp/tiremo_led_bsp.o
                0x000023b4                TIREMO_LED_Off
 .text.TIREMO_LED_AllOn
                0x000023ca       0x16 ./Main/Tiremo/led/bsp/tiremo_led_bsp.o
                0x000023ca                TIREMO_LED_AllOn
 .text.TIREMO_LED_AllOff
                0x000023e0       0x16 ./Main/Tiremo/led/bsp/tiremo_led_bsp.o
                0x000023e0                TIREMO_LED_AllOff
 .text.TIREMO_LED_App_Blink
                0x000023f6       0x20 ./Main/Tiremo/led/app/tiremo_led_app.o
                0x000023f6                TIREMO_LED_App_Blink
 .text.TIREMO_LED_App_Wave
                0x00002416       0x32 ./Main/Tiremo/led/app/tiremo_led_app.o
                0x00002416                TIREMO_LED_App_Wave
 .text.TIREMO_ESP32_BSP_PowerOn
                0x00002448        0xe ./Main/Tiremo/esp32/bsp/tiremo_esp32_bsp.o
                0x00002448                TIREMO_ESP32_BSP_PowerOn
 *fill*         0x00002456        0x2 
 .text.TIREMO_ESP32_BSP_Init
                0x00002458       0x24 ./Main/Tiremo/esp32/bsp/tiremo_esp32_bsp.o
                0x00002458                TIREMO_ESP32_BSP_Init
 .text.TIREMO_ESP32_BSP_PowerOff
                0x0000247c        0xe ./Main/Tiremo/esp32/bsp/tiremo_esp32_bsp.o
                0x0000247c                TIREMO_ESP32_BSP_PowerOff
 .text.TIREMO_ESP32_BSP_PowerCycle
                0x0000248a       0x1c ./Main/Tiremo/esp32/bsp/tiremo_esp32_bsp.o
                0x0000248a                TIREMO_ESP32_BSP_PowerCycle
 *fill*         0x000024a6        0x2 
 .text.TIREMO_ESP32_BSP_SendAtCommand
                0x000024a8       0xa0 ./Main/Tiremo/esp32/bsp/tiremo_esp32_bsp.o
                0x000024a8                TIREMO_ESP32_BSP_SendAtCommand
 .text.TIREMO_ESP32_App_TryAtOnce
                0x00002548       0x20 ./Main/Tiremo/esp32/app/tiremo_esp32_app.o
 .text.TIREMO_ESP32_App_Init
                0x00002568       0x14 ./Main/Tiremo/esp32/app/tiremo_esp32_app.o
                0x00002568                TIREMO_ESP32_App_Init
 .text.TIREMO_ESP32_App_RunAtTest
                0x0000257c       0x58 ./Main/Tiremo/esp32/app/tiremo_esp32_app.o
                0x0000257c                TIREMO_ESP32_App_RunAtTest
 .text.TIREMO_ESP32_App_RunAtTestWithRecovery
                0x000025d4       0x44 ./Main/Tiremo/esp32/app/tiremo_esp32_app.o
                0x000025d4                TIREMO_ESP32_App_RunAtTestWithRecovery
 .text.SysTick_Handler
                0x00002618       0x28 ./Main/Tiremo/common/tiremo_systick.o
                0x00002618                SysTick_Handler
 .text.TIREMO_SysTick_Init
                0x00002640       0x44 ./Main/Tiremo/common/tiremo_systick.o
                0x00002640                TIREMO_SysTick_Init
 .text.TIREMO_SysTick_DelayMs
                0x00002684       0x14 ./Main/Tiremo/common/tiremo_systick.o
                0x00002684                TIREMO_SysTick_DelayMs
 .text.TIREMO_SysTick_GetMs
                0x00002698        0xc ./Main/Tiremo/common/tiremo_systick.o
                0x00002698                TIREMO_SysTick_GetMs
 .text.TIREMO_BTN_IsValidId
                0x000026a4        0x8 ./Main/Tiremo/button/bsp/tiremo_button_bsp.o
 .text.TIREMO_BTN_Init
                0x000026ac       0x1c ./Main/Tiremo/button/bsp/tiremo_button_bsp.o
                0x000026ac                TIREMO_BTN_Init
 .text.TIREMO_BTN_ReadRaw
                0x000026c8       0x30 ./Main/Tiremo/button/bsp/tiremo_button_bsp.o
                0x000026c8                TIREMO_BTN_ReadRaw
 .text.TIREMO_BTN_IsPressed
                0x000026f8        0xe ./Main/Tiremo/button/bsp/tiremo_button_bsp.o
                0x000026f8                TIREMO_BTN_IsPressed
 .text.TIREMO_BTN_GetState
                0x00002706        0xe ./Main/Tiremo/button/bsp/tiremo_button_bsp.o
                0x00002706                TIREMO_BTN_GetState
 .text.TIREMO_BTN_App_Init
                0x00002714       0x1c ./Main/Tiremo/button/app/tiremo_button_app.o
                0x00002714                TIREMO_BTN_App_Init
 .text.TIREMO_BAT_BSP_Init
                0x00002730       0x28 ./Main/Tiremo/battery/bsp/tiremo_battery_bsp.o
                0x00002730                TIREMO_BAT_BSP_Init
 .text.TIREMO_BAT_BSP_ReadChannel
                0x00002758       0x94 ./Main/Tiremo/battery/bsp/tiremo_battery_bsp.o
                0x00002758                TIREMO_BAT_BSP_ReadChannel
 .text.TIREMO_BAT_BSP_ReadVcore
                0x000027ec        0xc ./Main/Tiremo/battery/bsp/tiremo_battery_bsp.o
                0x000027ec                TIREMO_BAT_BSP_ReadVcore
 .text.TIREMO_BAT_App_CalcAvdd
                0x000027f8       0x1a ./Main/Tiremo/battery/app/tiremo_battery_app.o
 *fill*         0x00002812        0x2 
 .text.TIREMO_BAT_App_Init
                0x00002814       0x24 ./Main/Tiremo/battery/app/tiremo_battery_app.o
                0x00002814                TIREMO_BAT_App_Init
 .text.TIREMO_BAT_App_Read
                0x00002838       0x6c ./Main/Tiremo/battery/app/tiremo_battery_app.o
                0x00002838                TIREMO_BAT_App_Read
 .text.PRV_StartUart
                0x000028a4       0x20 ./Main/Tiremo/DebugLibrary/debug_framework.o
 .text.PRV_TransmitBlocking
                0x000028c4       0x20 ./Main/Tiremo/DebugLibrary/debug_framework.o
 .text.DebugFramework_Init
                0x000028e4       0x14 ./Main/Tiremo/DebugLibrary/debug_framework.o
                0x000028e4                DebugFramework_Init
 .text.DebugFramework_Puts
                0x000028f8       0x24 ./Main/Tiremo/DebugLibrary/debug_framework.o
                0x000028f8                DebugFramework_Puts
 .text.DebugFramework_PutsLine
                0x0000291c       0x14 ./Main/Tiremo/DebugLibrary/debug_framework.o
                0x0000291c                DebugFramework_PutsLine
 .text.DebugFramework_Printf
                0x00002930       0x3c ./Main/Tiremo/DebugLibrary/debug_framework.o
                0x00002930                DebugFramework_Printf
 .text.fleet_uart_drain
                0x0000296c       0x30 ./Main/Mqtt_Library/cert_Lib/mqtt_cert_provision.o
 .text.fleet_at_sync
                0x0000299c       0x34 ./Main/Mqtt_Library/cert_Lib/mqtt_cert_provision.o
 .text.fleet_slurp_uart
                0x000029d0       0xe0 ./Main/Mqtt_Library/cert_Lib/mqtt_cert_provision.o
 .text.fleet_extract_json_string
                0x00002ab0       0xc8 ./Main/Mqtt_Library/cert_Lib/mqtt_cert_provision.o
 .text.fleet_extract_payloads
                0x00002b78      0x16c ./Main/Mqtt_Library/cert_Lib/mqtt_cert_provision.o
 .text.fleet_wait_subrecv
                0x00002ce4       0xe0 ./Main/Mqtt_Library/cert_Lib/mqtt_cert_provision.o
 .text.fleet_pub_and_collect
                0x00002dc4       0x7c ./Main/Mqtt_Library/cert_Lib/mqtt_cert_provision.o
 .text.MqttFleet_IsProvisioned
                0x00002e40       0xb0 ./Main/Mqtt_Library/cert_Lib/mqtt_cert_provision.o
                0x00002e40                MqttFleet_IsProvisioned
 .text.fleet_set_provisioned_marker
                0x00002ef0      0x11c ./Main/Mqtt_Library/cert_Lib/mqtt_cert_provision.o
 .text.MqttFleet_UploadBootstrap
                0x0000300c       0x4c ./Main/Mqtt_Library/cert_Lib/mqtt_cert_provision.o
                0x0000300c                MqttFleet_UploadBootstrap
 .text.MqttFleet_Run
                0x00003058      0x400 ./Main/Mqtt_Library/cert_Lib/mqtt_cert_provision.o
                0x00003058                MqttFleet_Run
 .text.MqttFleet_MarkProvisioned
                0x00003458       0x1a ./Main/Mqtt_Library/cert_Lib/mqtt_cert_provision.o
                0x00003458                MqttFleet_MarkProvisioned
 .text.cert_pem_valid
                0x00003472       0x10 ./Main/Mqtt_Library/cert_Lib/mqtt_certs.o
 .text.cert_strnlen
                0x00003482       0x14 ./Main/Mqtt_Library/cert_Lib/mqtt_certs.o
 *fill*         0x00003496        0x2 
 .text.mqtt_certs_load
                0x00003498       0xc0 ./Main/Mqtt_Library/cert_Lib/mqtt_certs.o
 .text.MqttCerts_GetRootCA
                0x00003558       0x20 ./Main/Mqtt_Library/cert_Lib/mqtt_certs.o
                0x00003558                MqttCerts_GetRootCA
 .text.MqttCerts_GetClientCert
                0x00003578       0x20 ./Main/Mqtt_Library/cert_Lib/mqtt_certs.o
                0x00003578                MqttCerts_GetClientCert
 .text.MqttCerts_GetPrivateKey
                0x00003598       0x20 ./Main/Mqtt_Library/cert_Lib/mqtt_certs.o
                0x00003598                MqttCerts_GetPrivateKey
 .text.MqttCerts_GetRootCALen
                0x000035b8       0x10 ./Main/Mqtt_Library/cert_Lib/mqtt_certs.o
                0x000035b8                MqttCerts_GetRootCALen
 .text.MqttCerts_GetClientCertLen
                0x000035c8       0x10 ./Main/Mqtt_Library/cert_Lib/mqtt_certs.o
                0x000035c8                MqttCerts_GetClientCertLen
 .text.MqttCerts_GetPrivateKeyLen
                0x000035d8       0x10 ./Main/Mqtt_Library/cert_Lib/mqtt_certs.o
                0x000035d8                MqttCerts_GetPrivateKeyLen
 .text.MqttCerts_HasEmbedded
                0x000035e8       0x2c ./Main/Mqtt_Library/cert_Lib/mqtt_certs.o
                0x000035e8                MqttCerts_HasEmbedded
 .text.MqttCerts_SetPermanent
                0x00003614       0x7c ./Main/Mqtt_Library/cert_Lib/mqtt_certs.o
                0x00003614                MqttCerts_SetPermanent
 .text.mqtt_connect_broker_internal
                0x00003690       0x80 ./Main/Mqtt_Library/EMPA_MqttAws.o
 .text.MQTT_ConnectBroker
                0x00003710        0xa ./Main/Mqtt_Library/EMPA_MqttAws.o
                0x00003710                MQTT_ConnectBroker
 .text.MQTT_ConnectBrokerQuiet
                0x0000371a        0xa ./Main/Mqtt_Library/EMPA_MqttAws.o
                0x0000371a                MQTT_ConnectBrokerQuiet
 .text.MQTT_PublishSensorData
                0x00003724       0x54 ./Main/Mqtt_Library/EMPA_MqttAws.o
                0x00003724                MQTT_PublishSensorData
 .text.MQTT_PublishAlarm
                0x00003778       0x44 ./Main/Mqtt_Library/EMPA_MqttAws.o
                0x00003778                MQTT_PublishAlarm
 .text.port_status_to_func
                0x000037bc       0x10 ./Main/Mqtt_Library/mqtt_core.o
 .text.mqtt_scheme_needs_client_cert
                0x000037cc       0x10 ./Main/Mqtt_Library/mqtt_core.o
 .text.mqtt_scheme_needs_sni
                0x000037dc       0x10 ./Main/Mqtt_Library/mqtt_core.o
 .text.wifi_wait_for_prompt
                0x000037ec       0x68 ./Main/Mqtt_Library/mqtt_core.o
 .text.MqttPort_Init
                0x00003854        0xc ./Main/Mqtt_Library/mqtt_core.o
                0x00003854                MqttPort_Init
 .text.MqttPort_Get
                0x00003860        0xc ./Main/Mqtt_Library/mqtt_core.o
                0x00003860                MqttPort_Get
 .text.Wifi_SendCommand
                0x0000386c       0x2c ./Main/Mqtt_Library/mqtt_core.o
                0x0000386c                Wifi_SendCommand
 .text.Wifi_SendCommand2
                0x00003898       0x20 ./Main/Mqtt_Library/mqtt_core.o
                0x00003898                Wifi_SendCommand2
 .text.Wifi_Receive
                0x000038b8       0x40 ./Main/Mqtt_Library/mqtt_core.o
                0x000038b8                Wifi_Receive
 .text.Wifi_CheckResponse
                0x000038f8       0x5c ./Main/Mqtt_Library/mqtt_core.o
                0x000038f8                Wifi_CheckResponse
 .text.wifi_sysmfg_write_binary
                0x00003954       0xa0 ./Main/Mqtt_Library/mqtt_core.o
 .text.Wifi_Reset2
                0x000039f4       0x78 ./Main/Mqtt_Library/mqtt_core.o
                0x000039f4                Wifi_Reset2
 .text.Wifi_SetWifiMode2
                0x00003a6c       0x80 ./Main/Mqtt_Library/mqtt_core.o
                0x00003a6c                Wifi_SetWifiMode2
 .text.Wifi_StartSmartConfig2
                0x00003aec       0x64 ./Main/Mqtt_Library/mqtt_core.o
                0x00003aec                Wifi_StartSmartConfig2
 .text.Wifi_StopSmartConfig2
                0x00003b50       0x64 ./Main/Mqtt_Library/mqtt_core.o
                0x00003b50                Wifi_StopSmartConfig2
 .text.Wifi_QAP2
                0x00003bb4       0x64 ./Main/Mqtt_Library/mqtt_core.o
                0x00003bb4                Wifi_QAP2
 .text.Wifi_SetAP2
                0x00003c18       0x8c ./Main/Mqtt_Library/mqtt_core.o
                0x00003c18                Wifi_SetAP2
 .text.Wifi_SetTime2
                0x00003ca4       0x80 ./Main/Mqtt_Library/mqtt_core.o
                0x00003ca4                Wifi_SetTime2
 .text.Wifi_MqttUserConfig2
                0x00003d24       0x98 ./Main/Mqtt_Library/mqtt_core.o
                0x00003d24                Wifi_MqttUserConfig2
 .text.Wifi_MqttCertsUpload2
                0x00003dbc       0xf4 ./Main/Mqtt_Library/mqtt_core.o
                0x00003dbc                Wifi_MqttCertsUpload2
 .text.Wifi_MqttSni2
                0x00003eb0       0x80 ./Main/Mqtt_Library/mqtt_core.o
                0x00003eb0                Wifi_MqttSni2
 .text.Wifi_MqttConnConfig2
                0x00003f30       0x8c ./Main/Mqtt_Library/mqtt_core.o
                0x00003f30                Wifi_MqttConnConfig2
 .text.Wifi_MqttConn2
                0x00003fbc       0x88 ./Main/Mqtt_Library/mqtt_core.o
                0x00003fbc                Wifi_MqttConn2
 .text.Wifi_GetMqttConn2
                0x00004044       0x7c ./Main/Mqtt_Library/mqtt_core.o
                0x00004044                Wifi_GetMqttConn2
 .text.Wifi_MqttClean2
                0x000040c0       0x64 ./Main/Mqtt_Library/mqtt_core.o
                0x000040c0                Wifi_MqttClean2
 .text.Wifi_MqttSub2
                0x00004124       0xb0 ./Main/Mqtt_Library/mqtt_core.o
                0x00004124                Wifi_MqttSub2
 .text.Wifi_MqttPubRaw2
                0x000041d4      0x1ac ./Main/Mqtt_Library/mqtt_core.o
                0x000041d4                Wifi_MqttPubRaw2
 .text.parse_wifi_info
                0x00004380       0x60 ./Main/Mqtt_Library/mqtt_core.o
                0x00004380                parse_wifi_info
 .text.LED_MqttTXBlink
                0x000043e0       0x28 ./Main/Mqtt_Library/mqtt_core.o
                0x000043e0                LED_MqttTXBlink
 .text.LED_Mqttconnected
                0x00004408       0x18 ./Main/Mqtt_Library/mqtt_core.o
                0x00004408                LED_Mqttconnected
 .text.LED_WifiConnected
                0x00004420       0x18 ./Main/Mqtt_Library/mqtt_core.o
                0x00004420                LED_WifiConnected
 .text.MQTT_Init
                0x00004438      0x9ac ./Main/Mqtt_Library/mqtt_core.o
                0x00004438                MQTT_Init
 .text.abov_get_tick_ms
                0x00004de4        0xc ./Main/Mqtt_Library/mqtt_port_abov.o
 .text.abov_debug_print
                0x00004df0       0x16 ./Main/Mqtt_Library/mqtt_port_abov.o
 .text.abov_uart_transmit
                0x00004e06       0x2c ./Main/Mqtt_Library/mqtt_port_abov.o
 *fill*         0x00004e32        0x2 
 .text.abov_gpio_write
                0x00004e34       0x28 ./Main/Mqtt_Library/mqtt_port_abov.o
 .text.abov_timer_stop
                0x00004e5c       0x10 ./Main/Mqtt_Library/mqtt_port_abov.o
 .text.abov_timer_start
                0x00004e6c       0x10 ./Main/Mqtt_Library/mqtt_port_abov.o
 .text.abov_delay_ms
                0x00004e7c        0x8 ./Main/Mqtt_Library/mqtt_port_abov.o
 .text.abov_uart_is_rx_busy
                0x00004e84       0x22 ./Main/Mqtt_Library/mqtt_port_abov.o
 .text.abov_uart_is_tx_ready
                0x00004ea6       0x22 ./Main/Mqtt_Library/mqtt_port_abov.o
 .text.abov_uart_abort_receive_it
                0x00004ec8       0x10 ./Main/Mqtt_Library/mqtt_port_abov.o
 .text.abov_uart_receive_it
                0x00004ed8       0x1e ./Main/Mqtt_Library/mqtt_port_abov.o
 *fill*         0x00004ef6        0x2 
 .text.abov_uart_receive
                0x00004ef8       0x48 ./Main/Mqtt_Library/mqtt_port_abov.o
 .text.MqttPort_ABOV_TickIncrement
                0x00004f40       0x10 ./Main/Mqtt_Library/mqtt_port_abov.o
                0x00004f40                MqttPort_ABOV_TickIncrement
 .text.MqttPort_ABOV_Init
                0x00004f50       0x10 ./Main/Mqtt_Library/mqtt_port_abov.o
                0x00004f50                MqttPort_ABOV_Init
 .text.shadow_extract_payloads
                0x00004f60      0x174 ./Main/Mqtt_Library/mqtt_shadow.o
 .text.shadow_slurp
                0x000050d4       0xf8 ./Main/Mqtt_Library/mqtt_shadow.o
 .text.MqttShadow_ExtractBool
                0x000051cc       0xb4 ./Main/Mqtt_Library/mqtt_shadow.o
                0x000051cc                MqttShadow_ExtractBool
 .text.MqttShadow_FindObject
                0x00005280       0x94 ./Main/Mqtt_Library/mqtt_shadow.o
                0x00005280                MqttShadow_FindObject
 .text.shadow_dispatch_payload
                0x00005314       0xd0 ./Main/Mqtt_Library/mqtt_shadow.o
 .text.shadow_poll_internal
                0x000053e4       0xc8 ./Main/Mqtt_Library/mqtt_shadow.o
 .text.MqttShadow_Subscribe
                0x000054ac       0xd8 ./Main/Mqtt_Library/mqtt_shadow.o
                0x000054ac                MqttShadow_Subscribe
 .text.MqttShadow_RequestGet
                0x00005584       0x50 ./Main/Mqtt_Library/mqtt_shadow.o
                0x00005584                MqttShadow_RequestGet
 .text.MqttShadow_PublishReported
                0x000055d4       0x94 ./Main/Mqtt_Library/mqtt_shadow.o
                0x000055d4                MqttShadow_PublishReported
 .text.MqttShadow_Poll
                0x00005668       0x10 ./Main/Mqtt_Library/mqtt_shadow.o
                0x00005668                MqttShadow_Poll
 .text.MqttShadow_PollWindow
                0x00005678       0x14 ./Main/Mqtt_Library/mqtt_shadow.o
                0x00005678                MqttShadow_PollWindow
 .text.PRV_PORT_Init
                0x0000568c      0x130 ./Main/main.o
 .text.main     0x000057bc       0x22 ./Main/main.o
                0x000057bc                main
 *fill*         0x000057de        0x2 
 .text.PRV_SCU_CLK_Init
                0x000057e0       0x88 ./Main/prv_scu_clk.o
                0x000057e0                PRV_SCU_CLK_Init
 .text.PRV_USER_Code
                0x00005868        0xc ./Main/prv_user_code.o
                0x00005868                PRV_USER_Code
 .text.Init_ADC_ID_0
                0x00005874       0x5c ./Main/user_adc.o
 .text.Init_ADC_ID_1
                0x000058d0       0x5c ./Main/user_adc.o
 .text.PRV_ADC_Init
                0x0000592c        0xc ./Main/user_adc.o
                0x0000592c                PRV_ADC_Init
 .text.ADC_IRQHandler_ADC_ID_0
                0x00005938        0x2 ./Main/user_adc_isr.o
                0x00005938                ADC_IRQHandler_ADC_ID_0
 .text.ADC_IRQHandler_ADC_ID_1
                0x0000593a        0x2 ./Main/user_adc_isr.o
                0x0000593a                ADC_IRQHandler_ADC_ID_1
 .text.Init_I2C_ID_2
                0x0000593c       0x54 ./Main/user_i2c.o
 .text.PRV_I2C_Init
                0x00005990        0x8 ./Main/user_i2c.o
                0x00005990                PRV_I2C_Init
 .text.I2C_IRQHandler_I2C_ID_2
                0x00005998        0x2 ./Main/user_i2c_isr.o
                0x00005998                I2C_IRQHandler_I2C_ID_2
 *fill*         0x0000599a        0x2 
 .text.Init_TIMER1_ID_0
                0x0000599c       0x88 ./Main/user_timer1.o
 .text.PRV_Timer1_Init
                0x00005a24        0x8 ./Main/user_timer1.o
                0x00005a24                PRV_Timer1_Init
 .text.Timer1_IRQHandler_TIMER1_ID_0
                0x00005a2c        0x2 ./Main/user_timer1_isr.o
                0x00005a2c                Timer1_IRQHandler_TIMER1_ID_0
 *fill*         0x00005a2e        0x2 
 .text.Init_UART_ID_0
                0x00005a30       0x5c ./Main/user_uart.o
 .text.Init_UART_ID_2
                0x00005a8c       0x5c ./Main/user_uart.o
 .text.PRV_UART_Init
                0x00005ae8        0xc ./Main/user_uart.o
                0x00005ae8                PRV_UART_Init
 .text.UART_IRQHandler_UART_ID_0
                0x00005af4        0x2 ./Main/user_uart_isr.o
                0x00005af4                UART_IRQHandler_UART_ID_0
 .text.UART_IRQHandler_UART_ID_2
                0x00005af6        0x2 ./Main/user_uart_isr.o
                0x00005af6                UART_IRQHandler_UART_ID_2
 .text.__NVIC_EnableIRQ
                0x00005af8       0x1c ./HAL/UART/hal_uart.o
 .text.__NVIC_DisableIRQ
                0x00005b14       0x24 ./HAL/UART/hal_uart.o
 .text.__NVIC_SetPriority
                0x00005b38       0x28 ./HAL/UART/hal_uart.o
 .text.UART_SetScuEnable
                0x00005b60       0xb0 ./HAL/UART/hal_uart.o
 .text.UART_GetIRQNum
                0x00005c10       0x50 ./HAL/UART/hal_uart.o
 .text.UART_SetClk
                0x00005c60       0xc0 ./HAL/UART/hal_uart.o
 .text.PRV_UART_GetReg
                0x00005d20        0xa ./HAL/UART/hal_uart.o
 .text.PRV_UART_SetScuEnable
                0x00005d2a        0x8 ./HAL/UART/hal_uart.o
 *fill*         0x00005d32        0x2 
 .text.PRV_UART_IRQHandler
                0x00005d34      0x130 ./HAL/UART/hal_uart.o
 .text.PRV_UART_NMIHandler
                0x00005e64       0x2c ./HAL/UART/hal_uart.o
 .text.HAL_UART_Init
                0x00005e90       0x58 ./HAL/UART/hal_uart.o
                0x00005e90                HAL_UART_Init
 .text.HAL_UART_SetClkConfig
                0x00005ee8       0x16 ./HAL/UART/hal_uart.o
                0x00005ee8                HAL_UART_SetClkConfig
 *fill*         0x00005efe        0x2 
 .text.HAL_UART_SetConfig
                0x00005f00       0xa8 ./HAL/UART/hal_uart.o
                0x00005f00                HAL_UART_SetConfig
 .text.HAL_UART_SetIRQ
                0x00005fa8      0x114 ./HAL/UART/hal_uart.o
                0x00005fa8                HAL_UART_SetIRQ
 .text.HAL_UART_Transmit
                0x000060bc       0xc4 ./HAL/UART/hal_uart.o
                0x000060bc                HAL_UART_Transmit
 .text.HAL_UART_Receive
                0x00006180      0x10c ./HAL/UART/hal_uart.o
                0x00006180                HAL_UART_Receive
 .text.HAL_UART_Abort
                0x0000628c       0x38 ./HAL/UART/hal_uart.o
                0x0000628c                HAL_UART_Abort
 .text.HAL_UART_GetBusyStatus
                0x000062c4       0x28 ./HAL/UART/hal_uart.o
                0x000062c4                HAL_UART_GetBusyStatus
 .text.HAL_UART_GetLineStatus
                0x000062ec       0x1e ./HAL/UART/hal_uart.o
                0x000062ec                HAL_UART_GetLineStatus
 .text.Interrupt63_Handler
                0x0000630a        0xa ./HAL/UART/hal_uart.o
                0x0000630a                Interrupt63_Handler
 .text.Interrupt64_Handler
                0x00006314        0xa ./HAL/UART/hal_uart.o
                0x00006314                Interrupt64_Handler
 .text.Interrupt65_Handler
                0x0000631e        0xa ./HAL/UART/hal_uart.o
                0x0000631e                Interrupt65_Handler
 .text.Interrupt66_Handler
                0x00006328        0xa ./HAL/UART/hal_uart.o
                0x00006328                Interrupt66_Handler
 .text.Interrupt67_Handler
                0x00006332        0xa ./HAL/UART/hal_uart.o
                0x00006332                Interrupt67_Handler
 .text.Interrupt68_Handler
                0x0000633c        0xa ./HAL/UART/hal_uart.o
                0x0000633c                Interrupt68_Handler
 .text.Interrupt108_Handler
                0x00006346        0xa ./HAL/UART/hal_uart.o
                0x00006346                Interrupt108_Handler
 .text.Interrupt109_Handler
                0x00006350        0xa ./HAL/UART/hal_uart.o
                0x00006350                Interrupt109_Handler
 .text.Interrupt110_Handler
                0x0000635a        0xa ./HAL/UART/hal_uart.o
                0x0000635a                Interrupt110_Handler
 .text.Interrupt111_Handler
                0x00006364        0xa ./HAL/UART/hal_uart.o
                0x00006364                Interrupt111_Handler
 .text.Interrupt112_Handler
                0x0000636e        0xa ./HAL/UART/hal_uart.o
                0x0000636e                Interrupt112_Handler
 .text.Interrupt113_Handler
                0x00006378        0xa ./HAL/UART/hal_uart.o
                0x00006378                Interrupt113_Handler
 .text.Interrupt114_Handler
                0x00006382        0xa ./HAL/UART/hal_uart.o
                0x00006382                Interrupt114_Handler
 .text.__NVIC_EnableIRQ
                0x0000638c       0x1c ./HAL/Timer1/hal_timer1.o
 .text.__NVIC_DisableIRQ
                0x000063a8       0x24 ./HAL/Timer1/hal_timer1.o
 .text.__NVIC_SetPriority
                0x000063cc       0x28 ./HAL/Timer1/hal_timer1.o
 .text.TIMER1_SetScuEnable
                0x000063f4       0x32 ./HAL/Timer1/hal_timer1.o
 .text.TIMER1_GetIRQNum
                0x00006426       0x40 ./HAL/Timer1/hal_timer1.o
 .text.TIMER1_ConvMode
                0x00006466       0x20 ./HAL/Timer1/hal_timer1.o
 .text.TIMER1_GetIntFlag
                0x00006486       0x26 ./HAL/Timer1/hal_timer1.o
 .text.TIMER1_SetMccrClk
                0x000064ac       0x8e ./HAL/Timer1/hal_timer1.o
 .text.TIMER1_SetPClk
                0x0000653a       0x24 ./HAL/Timer1/hal_timer1.o
 .text.PRV_TIMER1_GetReg
                0x0000655e        0xa ./HAL/Timer1/hal_timer1.o
 .text.PRV_TIMER1_SetScuEnable
                0x00006568        0x8 ./HAL/Timer1/hal_timer1.o
 .text.PRV_TIMER1_IRQHandler
                0x00006570       0xd4 ./HAL/Timer1/hal_timer1.o
 .text.PRV_TIMER1_NMIHandler
                0x00006644       0x28 ./HAL/Timer1/hal_timer1.o
 .text.HAL_TIMER1_Init
                0x0000666c       0x40 ./HAL/Timer1/hal_timer1.o
                0x0000666c                HAL_TIMER1_Init
 .text.HAL_TIMER1_SetClkConfig
                0x000066ac       0x64 ./HAL/Timer1/hal_timer1.o
                0x000066ac                HAL_TIMER1_SetClkConfig
 .text.HAL_TIMER1_SetConfig
                0x00006710       0xec ./HAL/Timer1/hal_timer1.o
                0x00006710                HAL_TIMER1_SetConfig
 .text.HAL_TIMER1_SetAdcTrgConfig
                0x000067fc       0x4e ./HAL/Timer1/hal_timer1.o
                0x000067fc                HAL_TIMER1_SetAdcTrgConfig
 *fill*         0x0000684a        0x2 
 .text.HAL_TIMER1_SetIRQ
                0x0000684c       0xf0 ./HAL/Timer1/hal_timer1.o
                0x0000684c                HAL_TIMER1_SetIRQ
 .text.HAL_TIMER1_SetData
                0x0000693c       0x2a ./HAL/Timer1/hal_timer1.o
                0x0000693c                HAL_TIMER1_SetData
 .text.HAL_TIMER1_Start
                0x00006966       0x1c ./HAL/Timer1/hal_timer1.o
                0x00006966                HAL_TIMER1_Start
 .text.HAL_TIMER1_Stop
                0x00006982       0x1c ./HAL/Timer1/hal_timer1.o
                0x00006982                HAL_TIMER1_Stop
 .text.HAL_TIMER1_SetInOutPort
                0x0000699e       0x22 ./HAL/Timer1/hal_timer1.o
                0x0000699e                HAL_TIMER1_SetInOutPort
 .text.HAL_TIMER1_SetInversionPort
                0x000069c0       0x22 ./HAL/Timer1/hal_timer1.o
                0x000069c0                HAL_TIMER1_SetInversionPort
 .text.Interrupt15_Handler
                0x000069e2        0xa ./HAL/Timer1/hal_timer1.o
                0x000069e2                Interrupt15_Handler
 .text.Interrupt16_Handler
                0x000069ec        0xa ./HAL/Timer1/hal_timer1.o
                0x000069ec                Interrupt16_Handler
 .text.Interrupt17_Handler
                0x000069f6        0xa ./HAL/Timer1/hal_timer1.o
                0x000069f6                Interrupt17_Handler
 .text.Interrupt18_Handler
                0x00006a00        0xa ./HAL/Timer1/hal_timer1.o
                0x00006a00                Interrupt18_Handler
 .text.Interrupt19_Handler
                0x00006a0a        0xa ./HAL/Timer1/hal_timer1.o
                0x00006a0a                Interrupt19_Handler
 .text.Interrupt20_Handler
                0x00006a14        0xa ./HAL/Timer1/hal_timer1.o
                0x00006a14                Interrupt20_Handler
 .text.Interrupt21_Handler
                0x00006a1e        0xa ./HAL/Timer1/hal_timer1.o
                0x00006a1e                Interrupt21_Handler
 .text.Interrupt22_Handler
                0x00006a28        0xa ./HAL/Timer1/hal_timer1.o
                0x00006a28                Interrupt22_Handler
 .text.Interrupt23_Handler
                0x00006a32        0xa ./HAL/Timer1/hal_timer1.o
                0x00006a32                Interrupt23_Handler
 .text.Interrupt24_Handler
                0x00006a3c        0xa ./HAL/Timer1/hal_timer1.o
                0x00006a3c                Interrupt24_Handler
 *fill*         0x00006a46        0x2 
 .text.SCUCLK_SetFlashLatency
                0x00006a48       0x58 ./HAL/SCU/hal_scu_clk.o
 .text.SCUCLK_SetMClk
                0x00006aa0       0xe4 ./HAL/SCU/hal_scu_clk.o
 .text.SCUCLK_SetClkOut
                0x00006b84       0x68 ./HAL/SCU/hal_scu_clk.o
 .text.SCUCLK_SetPLLSrcDiv
                0x00006bec       0x78 ./HAL/SCU/hal_scu_clk.o
 .text.PRV_SCUCLK_PLLDelay
                0x00006c64       0x40 ./HAL/SCU/hal_scu_clk.o
 .text.PRV_SCUCLK_IRQHandler
                0x00006ca4       0x78 ./HAL/SCU/hal_scu_clk.o
 .text.HAL_SCU_CLK_SetMClk
                0x00006d1c       0xc0 ./HAL/SCU/hal_scu_clk.o
                0x00006d1c                HAL_SCU_CLK_SetMClk
 .text.HAL_SCU_CLK_SetSrcEnable
                0x00006ddc       0x62 ./HAL/SCU/hal_scu_clk.o
                0x00006ddc                HAL_SCU_CLK_SetSrcEnable
 *fill*         0x00006e3e        0x2 
 .text.HAL_SCU_CLK_SetPLLConfig
                0x00006e40       0xe4 ./HAL/SCU/hal_scu_clk.o
                0x00006e40                HAL_SCU_CLK_SetPLLConfig
 .text.HAL_SCU_CLK_SetOutput
                0x00006f24       0x1c ./HAL/SCU/hal_scu_clk.o
                0x00006f24                HAL_SCU_CLK_SetOutput
 .text.HAL_SCU_CLK_SetPClkDiv
                0x00006f40       0x30 ./HAL/SCU/hal_scu_clk.o
                0x00006f40                HAL_SCU_CLK_SetPClkDiv
 .text.Interrupt1_Handler
                0x00006f70        0xa ./HAL/SCU/hal_scu_clk.o
                0x00006f70                Interrupt1_Handler
 .text.Interrupt2_Handler
                0x00006f7a        0xa ./HAL/SCU/hal_scu_clk.o
                0x00006f7a                Interrupt2_Handler
 .text.Interrupt3_Handler
                0x00006f84        0xa ./HAL/SCU/hal_scu_clk.o
                0x00006f84                Interrupt3_Handler
 .text.PRV_PCU_GetVaildPort
                0x00006f8e        0xe ./HAL/PCU/hal_pcu.o
 .text.PRV_PCU_IRQHandler
                0x00006f9c       0x54 ./HAL/PCU/hal_pcu.o
 .text.PCU0_INT_IRQHandler
                0x00006ff0       0x18 ./HAL/PCU/hal_pcu.o
 .text.PCU1_INT_IRQHandler
                0x00007008       0x18 ./HAL/PCU/hal_pcu.o
 .text.PCU2_INT_IRQHandler
                0x00007020       0x18 ./HAL/PCU/hal_pcu.o
 .text.PCU3_INT_IRQHandler
                0x00007038       0x18 ./HAL/PCU/hal_pcu.o
 .text.PCU4_INT_IRQHandler
                0x00007050       0x18 ./HAL/PCU/hal_pcu.o
 .text.PCU5_INT_IRQHandler
                0x00007068       0x18 ./HAL/PCU/hal_pcu.o
 .text.PCU6_INT_IRQHandler
                0x00007080       0x18 ./HAL/PCU/hal_pcu.o
 .text.HAL_PCU_SetAltMode
                0x00007098       0xa0 ./HAL/PCU/hal_pcu.o
                0x00007098                HAL_PCU_SetAltMode
 .text.HAL_PCU_SetInOutMode
                0x00007138       0xa0 ./HAL/PCU/hal_pcu.o
                0x00007138                HAL_PCU_SetInOutMode
 .text.HAL_PCU_GetInputValue
                0x000071d8       0x2e ./HAL/PCU/hal_pcu.o
                0x000071d8                HAL_PCU_GetInputValue
 .text.HAL_PCU_SetOutputBit
                0x00007206       0x40 ./HAL/PCU/hal_pcu.o
                0x00007206                HAL_PCU_SetOutputBit
 .text.Interrupt36_Handler
                0x00007246        0x8 ./HAL/PCU/hal_pcu.o
                0x00007246                Interrupt36_Handler
 .text.Interrupt37_Handler
                0x0000724e        0x8 ./HAL/PCU/hal_pcu.o
                0x0000724e                Interrupt37_Handler
 .text.Interrupt38_Handler
                0x00007256        0x8 ./HAL/PCU/hal_pcu.o
                0x00007256                Interrupt38_Handler
 .text.Interrupt39_Handler
                0x0000725e        0x8 ./HAL/PCU/hal_pcu.o
                0x0000725e                Interrupt39_Handler
 .text.Interrupt40_Handler
                0x00007266        0x8 ./HAL/PCU/hal_pcu.o
                0x00007266                Interrupt40_Handler
 .text.Interrupt41_Handler
                0x0000726e        0x8 ./HAL/PCU/hal_pcu.o
                0x0000726e                Interrupt41_Handler
 .text.Interrupt42_Handler
                0x00007276        0x8 ./HAL/PCU/hal_pcu.o
                0x00007276                Interrupt42_Handler
 *fill*         0x0000727e        0x2 
 .text.__NVIC_EnableIRQ
                0x00007280       0x1c ./HAL/I2C/hal_i2c.o
 .text.__NVIC_DisableIRQ
                0x0000729c       0x24 ./HAL/I2C/hal_i2c.o
 .text.__NVIC_SetPriority
                0x000072c0       0x28 ./HAL/I2C/hal_i2c.o
 .text.I2C_SetScuEnable
                0x000072e8       0x32 ./HAL/I2C/hal_i2c.o
 .text.I2C_GetIRQNum
                0x0000731a       0x22 ./HAL/I2C/hal_i2c.o
 .text.PRV_I2C_GetReg
                0x0000733c        0xa ./HAL/I2C/hal_i2c.o
 .text.PRV_I2C_SetScuEnable
                0x00007346        0x8 ./HAL/I2C/hal_i2c.o
 .text.PRV_I2C_GetOpStatus
                0x0000734e        0xc ./HAL/I2C/hal_i2c.o
 .text.PRV_I2C_SetOpStop
                0x0000735a       0x1a ./HAL/I2C/hal_i2c.o
 .text.PRV_I2C_IRQHandler
                0x00007374      0x34c ./HAL/I2C/hal_i2c.o
 .text.PRV_I2C_NMIHandler
                0x000076c0       0x2c ./HAL/I2C/hal_i2c.o
 .text.HAL_I2C_Init
                0x000076ec       0x30 ./HAL/I2C/hal_i2c.o
                0x000076ec                HAL_I2C_Init
 .text.HAL_I2C_Uninit
                0x0000771c       0x54 ./HAL/I2C/hal_i2c.o
                0x0000771c                HAL_I2C_Uninit
 .text.HAL_I2C_SetConfig
                0x00007770       0x98 ./HAL/I2C/hal_i2c.o
                0x00007770                HAL_I2C_SetConfig
 .text.HAL_I2C_SetIRQ
                0x00007808      0x114 ./HAL/I2C/hal_i2c.o
                0x00007808                HAL_I2C_SetIRQ
 .text.HAL_I2C_Transmit
                0x0000791c      0x198 ./HAL/I2C/hal_i2c.o
                0x0000791c                HAL_I2C_Transmit
 .text.HAL_I2C_Receive
                0x00007ab4      0x234 ./HAL/I2C/hal_i2c.o
                0x00007ab4                HAL_I2C_Receive
 .text.Interrupt60_Handler
                0x00007ce8        0xa ./HAL/I2C/hal_i2c.o
                0x00007ce8                Interrupt60_Handler
 .text.Interrupt61_Handler
                0x00007cf2        0xa ./HAL/I2C/hal_i2c.o
                0x00007cf2                Interrupt61_Handler
 .text.Interrupt62_Handler
                0x00007cfc        0xa ./HAL/I2C/hal_i2c.o
                0x00007cfc                Interrupt62_Handler
 .text.Interrupt100_Handler
                0x00007d06        0xa ./HAL/I2C/hal_i2c.o
                0x00007d06                Interrupt100_Handler
 .text.PRV_NMI_IRQHandler
                0x00007d10       0x70 ./HAL/HPL/NMI/hpl_nmi.o
 .text.HPL_NMI_SetSource
                0x00007d80       0x58 ./HAL/HPL/NMI/hpl_nmi.o
                0x00007d80                HPL_NMI_SetSource
 .text.NMI_Handler
                0x00007dd8        0x8 ./HAL/HPL/NMI/hpl_nmi.o
                0x00007dd8                NMI_Handler
 .text.__NVIC_EnableIRQ
                0x00007de0       0x1c ./HAL/ADC/hal_adc.o
 .text.__NVIC_DisableIRQ
                0x00007dfc       0x24 ./HAL/ADC/hal_adc.o
 .text.__NVIC_SetPriority
                0x00007e20       0x28 ./HAL/ADC/hal_adc.o
 .text.ADC_SetScuEnable
                0x00007e48       0x32 ./HAL/ADC/hal_adc.o
 .text.ADC_SetSeqTrgIndependent
                0x00007e7a       0x9a ./HAL/ADC/hal_adc.o
 .text.PRV_ADC_GetReg
                0x00007f14        0xc ./HAL/ADC/hal_adc.o
 .text.PRV_ADC_SetScuEnable
                0x00007f20        0x8 ./HAL/ADC/hal_adc.o
 .text.PRV_ADC_PreInit
                0x00007f28       0x58 ./HAL/ADC/hal_adc.o
 .text.PRV_ADC_IRQHandler
                0x00007f80       0x54 ./HAL/ADC/hal_adc.o
 .text.PRV_ADC_NMIHandler
                0x00007fd4       0x28 ./HAL/ADC/hal_adc.o
 .text.HAL_ADC_Init
                0x00007ffc       0x38 ./HAL/ADC/hal_adc.o
                0x00007ffc                HAL_ADC_Init
 .text.HAL_ADC_SetClkConfig
                0x00008034       0x30 ./HAL/ADC/hal_adc.o
                0x00008034                HAL_ADC_SetClkConfig
 .text.HAL_ADC_SetConfig
                0x00008064       0x88 ./HAL/ADC/hal_adc.o
                0x00008064                HAL_ADC_SetConfig
 .text.HAL_ADC_SetIRQ
                0x000080ec      0x11c ./HAL/ADC/hal_adc.o
                0x000080ec                HAL_ADC_SetIRQ
 .text.HAL_ADC_Start
                0x00008208       0x68 ./HAL/ADC/hal_adc.o
                0x00008208                HAL_ADC_Start
 .text.HAL_ADC_Stop
                0x00008270       0x60 ./HAL/ADC/hal_adc.o
                0x00008270                HAL_ADC_Stop
 .text.HAL_ADC_GetData
                0x000082d0       0x46 ./HAL/ADC/hal_adc.o
                0x000082d0                HAL_ADC_GetData
 *fill*         0x00008316        0x2 
 .text.HAL_ADC_SetSeqConfig
                0x00008318       0x50 ./HAL/ADC/hal_adc.o
                0x00008318                HAL_ADC_SetSeqConfig
 .text.Interrupt74_Handler
                0x00008368        0xa ./HAL/ADC/hal_adc.o
                0x00008368                Interrupt74_Handler
 .text.Interrupt75_Handler
                0x00008372        0xa ./HAL/ADC/hal_adc.o
                0x00008372                Interrupt75_Handler
 .text.Interrupt76_Handler
                0x0000837c        0xa ./HAL/ADC/hal_adc.o
                0x0000837c                Interrupt76_Handler
 .text.HardFault_Handler
                0x00008386        0x2 ./ABOV/Source/startup_a34xxxx.o
                0x00008386                HardFault_Handler
 .text.Default_Handler
                0x00008388        0x2 ./ABOV/Source/startup_a34xxxx.o
                0x00008388                DebugMon_Handler
                0x00008388                Interrupt31_Handler
                0x00008388                Interrupt71_Handler
                0x00008388                Interrupt93_Handler
                0x00008388                Interrupt107_Handler
                0x00008388                PendSV_Handler
                0x00008388                Interrupt11_Handler
                0x00008388                Interrupt56_Handler
                0x00008388                Interrupt117_Handler
                0x00008388                Interrupt29_Handler
                0x00008388                Interrupt103_Handler
                0x00008388                Interrupt106_Handler
                0x00008388                Interrupt72_Handler
                0x00008388                Interrupt89_Handler
                0x00008388                Interrupt81_Handler
                0x00008388                Interrupt28_Handler
                0x00008388                Interrupt33_Handler
                0x00008388                Interrupt8_Handler
                0x00008388                Interrupt73_Handler
                0x00008388                Interrupt5_Handler
                0x00008388                UsageFault_Handler
                0x00008388                Interrupt35_Handler
                0x00008388                Interrupt27_Handler
                0x00008388                Interrupt26_Handler
                0x00008388                Interrupt87_Handler
                0x00008388                Interrupt123_Handler
                0x00008388                Interrupt124_Handler
                0x00008388                Interrupt90_Handler
                0x00008388                Interrupt83_Handler
                0x00008388                Interrupt122_Handler
                0x00008388                Interrupt44_Handler
                0x00008388                Interrupt34_Handler
                0x00008388                Interrupt121_Handler
                0x00008388                Interrupt7_Handler
                0x00008388                Interrupt0_Handler
                0x00008388                Interrupt54_Handler
                0x00008388                Interrupt120_Handler
                0x00008388                Interrupt52_Handler
                0x00008388                Interrupt105_Handler
                0x00008388                Interrupt69_Handler
                0x00008388                Interrupt4_Handler
                0x00008388                Interrupt115_Handler
                0x00008388                Default_Handler
                0x00008388                Interrupt92_Handler
                0x00008388                Interrupt9_Handler
                0x00008388                Interrupt118_Handler
                0x00008388                Interrupt97_Handler
                0x00008388                Interrupt32_Handler
                0x00008388                Interrupt6_Handler
                0x00008388                Interrupt53_Handler
                0x00008388                Interrupt79_Handler
                0x00008388                Interrupt85_Handler
                0x00008388                Interrupt98_Handler
                0x00008388                Interrupt96_Handler
                0x00008388                Interrupt45_Handler
                0x00008388                MemManage_Handler
                0x00008388                SVC_Handler
                0x00008388                Interrupt10_Handler
                0x00008388                Interrupt25_Handler
                0x00008388                Interrupt88_Handler
                0x00008388                Interrupt101_Handler
                0x00008388                Interrupt43_Handler
                0x00008388                Interrupt116_Handler
                0x00008388                Interrupt91_Handler
                0x00008388                Interrupt99_Handler
                0x00008388                Interrupt102_Handler
                0x00008388                Interrupt14_Handler
                0x00008388                Interrupt82_Handler
                0x00008388                Interrupt13_Handler
                0x00008388                Interrupt58_Handler
                0x00008388                Interrupt59_Handler
                0x00008388                Interrupt46_Handler
                0x00008388                Interrupt51_Handler
                0x00008388                Interrupt119_Handler
                0x00008388                Interrupt70_Handler
                0x00008388                Interrupt86_Handler
                0x00008388                Interrupt48_Handler
                0x00008388                BusFault_Handler
                0x00008388                Interrupt94_Handler
                0x00008388                Interrupt77_Handler
                0x00008388                Interrupt55_Handler
                0x00008388                Interrupt95_Handler
                0x00008388                Interrupt50_Handler
                0x00008388                Interrupt78_Handler
                0x00008388                Interrupt30_Handler
                0x00008388                Interrupt47_Handler
                0x00008388                Interrupt57_Handler
                0x00008388                Interrupt12_Handler
                0x00008388                Interrupt84_Handler
                0x00008388                Interrupt104_Handler
                0x00008388                Interrupt49_Handler
                0x00008388                Interrupt80_Handler
 *fill*         0x0000838a        0x2 
 .text.Reset_Handler
                0x0000838c       0x60 ./ABOV/Source/startup_a34xxxx.o
                0x0000838c                Reset_Handler
 .text.SystemInit
                0x000083ec       0x48 ./ABOV/Source/system_a34xxxx.o
                0x000083ec                SystemInit
 .text.SystemDelayMS
                0x00008434       0x1c ./ABOV/Source/system_a34xxxx.o
                0x00008434                SystemDelayMS
 .text.SystemDelayUS
                0x00008450       0x1c ./ABOV/Source/system_a34xxxx.o
                0x00008450                SystemDelayUS
 .text          0x0000846c       0x30 C:/Program Files (x86)/ABOV/eMStudio32/bin/13.2 Rel1/bin/../lib/gcc/arm-none-eabi/13.2.1/thumb/v7e-m/nofp\libgcc.a(_aeabi_uldivmod.o)
                0x0000846c                __aeabi_uldivmod
 .text.__udivmoddi4
                0x0000849c      0x2bc C:/Program Files (x86)/ABOV/eMStudio32/bin/13.2 Rel1/bin/../lib/gcc/arm-none-eabi/13.2.1/thumb/v7e-m/nofp\libgcc.a(_udivmoddi4.o)
                0x0000849c                __udivmoddi4
 .text          0x00008758        0x4 C:/Program Files (x86)/ABOV/eMStudio32/bin/13.2 Rel1/bin/../lib/gcc/arm-none-eabi/13.2.1/thumb/v7e-m/nofp\libgcc.a(_dvmd_tls.o)
                0x00008758                __aeabi_idiv0
                0x00008758                __aeabi_ldiv0
 .text.exit     0x0000875c       0x24 C:/Program Files (x86)/ABOV/eMStudio32/bin/13.2 Rel1/bin/../lib/gcc/arm-none-eabi/13.2.1/thumb/v7e-m/nofp\libg_nano.a(libc_a-exit.o)
                0x0000875c                exit
 .text.snprintf
                0x00008780       0x68 C:/Program Files (x86)/ABOV/eMStudio32/bin/13.2 Rel1/bin/../lib/gcc/arm-none-eabi/13.2.1/thumb/v7e-m/nofp\libg_nano.a(libc_a-snprintf.o)
                0x00008780                sniprintf
                0x00008780                snprintf
 .text.sprintf  0x000087e8       0x40 C:/Program Files (x86)/ABOV/eMStudio32/bin/13.2 Rel1/bin/../lib/gcc/arm-none-eabi/13.2.1/thumb/v7e-m/nofp\libg_nano.a(libc_a-sprintf.o)
                0x000087e8                siprintf
                0x000087e8                sprintf
 .text._vsnprintf_r
                0x00008828       0x56 C:/Program Files (x86)/ABOV/eMStudio32/bin/13.2 Rel1/bin/../lib/gcc/arm-none-eabi/13.2.1/thumb/v7e-m/nofp\libg_nano.a(libc_a-vsnprintf.o)
                0x00008828                _vsniprintf_r
                0x00008828                _vsnprintf_r
 *fill*         0x0000887e        0x2 
 .text.vsnprintf
                0x00008880       0x1c C:/Program Files (x86)/ABOV/eMStudio32/bin/13.2 Rel1/bin/../lib/gcc/arm-none-eabi/13.2.1/thumb/v7e-m/nofp\libg_nano.a(libc_a-vsnprintf.o)
                0x00008880                vsniprintf
                0x00008880                vsnprintf
 .text.memset   0x0000889c       0x10 C:/Program Files (x86)/ABOV/eMStudio32/bin/13.2 Rel1/bin/../lib/gcc/arm-none-eabi/13.2.1/thumb/v7e-m/nofp\libg_nano.a(libc_a-memset.o)
                0x0000889c                memset
 .text.strchr   0x000088ac       0x1a C:/Program Files (x86)/ABOV/eMStudio32/bin/13.2 Rel1/bin/../lib/gcc/arm-none-eabi/13.2.1/thumb/v7e-m/nofp\libg_nano.a(libc_a-strchr.o)
                0x000088ac                strchr
 .text.strncmp  0x000088c6       0x24 C:/Program Files (x86)/ABOV/eMStudio32/bin/13.2 Rel1/bin/../lib/gcc/arm-none-eabi/13.2.1/thumb/v7e-m/nofp\libg_nano.a(libc_a-strncmp.o)
                0x000088c6                strncmp
 .text.strncpy  0x000088ea       0x26 C:/Program Files (x86)/ABOV/eMStudio32/bin/13.2 Rel1/bin/../lib/gcc/arm-none-eabi/13.2.1/thumb/v7e-m/nofp\libg_nano.a(libc_a-strncpy.o)
                0x000088ea                strncpy
 .text.strstr   0x00008910       0x2c C:/Program Files (x86)/ABOV/eMStudio32/bin/13.2 Rel1/bin/../lib/gcc/arm-none-eabi/13.2.1/thumb/v7e-m/nofp\libg_nano.a(libc_a-strstr.o)
                0x00008910                strstr
 .text.__libc_init_array
                0x0000893c       0x48 C:/Program Files (x86)/ABOV/eMStudio32/bin/13.2 Rel1/bin/../lib/gcc/arm-none-eabi/13.2.1/thumb/v7e-m/nofp\libg_nano.a(libc_a-init.o)
                0x0000893c                __libc_init_array
 .text.__retarget_lock_acquire_recursive
                0x00008984        0x2 C:/Program Files (x86)/ABOV/eMStudio32/bin/13.2 Rel1/bin/../lib/gcc/arm-none-eabi/13.2.1/thumb/v7e-m/nofp\libg_nano.a(libc_a-lock.o)
                0x00008984                __retarget_lock_acquire_recursive
 .text.__retarget_lock_release_recursive
                0x00008986        0x2 C:/Program Files (x86)/ABOV/eMStudio32/bin/13.2 Rel1/bin/../lib/gcc/arm-none-eabi/13.2.1/thumb/v7e-m/nofp\libg_nano.a(libc_a-lock.o)
                0x00008986                __retarget_lock_release_recursive
 .text.memcpy   0x00008988       0x1c C:/Program Files (x86)/ABOV/eMStudio32/bin/13.2 Rel1/bin/../lib/gcc/arm-none-eabi/13.2.1/thumb/v7e-m/nofp\libg_nano.a(libc_a-memcpy-stub.o)
                0x00008988                memcpy
 .text          0x000089a4       0x10 C:/Program Files (x86)/ABOV/eMStudio32/bin/13.2 Rel1/bin/../lib/gcc/arm-none-eabi/13.2.1/thumb/v7e-m/nofp\libg_nano.a(libc_a-strlen.o)
                0x000089a4                strlen
 .text._free_r  0x000089b4       0x94 C:/Program Files (x86)/ABOV/eMStudio32/bin/13.2 Rel1/bin/../lib/gcc/arm-none-eabi/13.2.1/thumb/v7e-m/nofp\libg_nano.a(libc_a-freer.o)
                0x000089b4                _free_r
 .text.sbrk_aligned
                0x00008a48       0x44 C:/Program Files (x86)/ABOV/eMStudio32/bin/13.2 Rel1/bin/../lib/gcc/arm-none-eabi/13.2.1/thumb/v7e-m/nofp\libg_nano.a(libc_a-mallocr.o)
 .text._malloc_r
                0x00008a8c      0x100 C:/Program Files (x86)/ABOV/eMStudio32/bin/13.2 Rel1/bin/../lib/gcc/arm-none-eabi/13.2.1/thumb/v7e-m/nofp\libg_nano.a(libc_a-mallocr.o)
                0x00008a8c                _malloc_r
 .text.__malloc_lock
                0x00008b8c        0xc C:/Program Files (x86)/ABOV/eMStudio32/bin/13.2 Rel1/bin/../lib/gcc/arm-none-eabi/13.2.1/thumb/v7e-m/nofp\libg_nano.a(libc_a-mlock.o)
                0x00008b8c                __malloc_lock
 .text.__malloc_unlock
                0x00008b98        0xc C:/Program Files (x86)/ABOV/eMStudio32/bin/13.2 Rel1/bin/../lib/gcc/arm-none-eabi/13.2.1/thumb/v7e-m/nofp\libg_nano.a(libc_a-mlock.o)
                0x00008b98                __malloc_unlock
 .text.__ssputs_r
                0x00008ba4       0xb6 C:/Program Files (x86)/ABOV/eMStudio32/bin/13.2 Rel1/bin/../lib/gcc/arm-none-eabi/13.2.1/thumb/v7e-m/nofp\libg_nano.a(libc_a-nano-svfprintf.o)
                0x00008ba4                __ssputs_r
 *fill*         0x00008c5a        0x2 
 .text._svfprintf_r
                0x00008c5c      0x1f8 C:/Program Files (x86)/ABOV/eMStudio32/bin/13.2 Rel1/bin/../lib/gcc/arm-none-eabi/13.2.1/thumb/v7e-m/nofp\libg_nano.a(libc_a-nano-svfprintf.o)
                0x00008c5c                _svfiprintf_r
                0x00008c5c                _svfprintf_r
 .text._printf_common
                0x00008e54       0xda C:/Program Files (x86)/ABOV/eMStudio32/bin/13.2 Rel1/bin/../lib/gcc/arm-none-eabi/13.2.1/thumb/v7e-m/nofp\libg_nano.a(libc_a-nano-vfprintf_i.o)
                0x00008e54                _printf_common
 *fill*         0x00008f2e        0x2 
 .text._printf_i
                0x00008f30      0x23c C:/Program Files (x86)/ABOV/eMStudio32/bin/13.2 Rel1/bin/../lib/gcc/arm-none-eabi/13.2.1/thumb/v7e-m/nofp\libg_nano.a(libc_a-nano-vfprintf_i.o)
                0x00008f30                _printf_i
 .text.memmove  0x0000916c       0x34 C:/Program Files (x86)/ABOV/eMStudio32/bin/13.2 Rel1/bin/../lib/gcc/arm-none-eabi/13.2.1/thumb/v7e-m/nofp\libg_nano.a(libc_a-memmove.o)
                0x0000916c                memmove
 .text._sbrk_r  0x000091a0       0x20 C:/Program Files (x86)/ABOV/eMStudio32/bin/13.2 Rel1/bin/../lib/gcc/arm-none-eabi/13.2.1/thumb/v7e-m/nofp\libg_nano.a(libc_a-sbrkr.o)
                0x000091a0                _sbrk_r
 .text          0x000091c0       0xa0 C:/Program Files (x86)/ABOV/eMStudio32/bin/13.2 Rel1/bin/../lib/gcc/arm-none-eabi/13.2.1/thumb/v7e-m/nofp\libg_nano.a(libc_a-memchr.o)
                0x000091c0                memchr
 .text._realloc_r
                0x00009260       0x5c C:/Program Files (x86)/ABOV/eMStudio32/bin/13.2 Rel1/bin/../lib/gcc/arm-none-eabi/13.2.1/thumb/v7e-m/nofp\libg_nano.a(libc_a-reallocr.o)
                0x00009260                _realloc_r
 .text._malloc_usable_size_r
                0x000092bc       0x10 C:/Program Files (x86)/ABOV/eMStudio32/bin/13.2 Rel1/bin/../lib/gcc/arm-none-eabi/13.2.1/thumb/v7e-m/nofp\libg_nano.a(libc_a-msizer.o)
                0x000092bc                _malloc_usable_size_r
 .text._sbrk    0x000092cc       0x1c C:/Program Files (x86)/ABOV/eMStudio32/bin/13.2 Rel1/bin/../lib/gcc/arm-none-eabi/13.2.1/thumb/v7e-m/nofp\libnosys.a(sbrk.o)
                0x000092cc                _sbrk
 .text._exit    0x000092e8        0x4 C:/Program Files (x86)/ABOV/eMStudio32/bin/13.2 Rel1/bin/../lib/gcc/arm-none-eabi/13.2.1/thumb/v7e-m/nofp\libnosys.a(_exit.o)
                0x000092e8                _exit
 *(.init)
 .init          0x000092ec        0x4 C:/Program Files (x86)/ABOV/eMStudio32/bin/13.2 Rel1/bin/../lib/gcc/arm-none-eabi/13.2.1/thumb/v7e-m/nofp/crti.o
                0x000092ec                _init
 .init          0x000092f0        0x8 C:/Program Files (x86)/ABOV/eMStudio32/bin/13.2 Rel1/bin/../lib/gcc/arm-none-eabi/13.2.1/thumb/v7e-m/nofp/crtn.o
 *(.fini)
 .fini          0x000092f8        0x4 C:/Program Files (x86)/ABOV/eMStudio32/bin/13.2 Rel1/bin/../lib/gcc/arm-none-eabi/13.2.1/thumb/v7e-m/nofp/crti.o
                0x000092f8                _fini
 .fini          0x000092fc        0x8 C:/Program Files (x86)/ABOV/eMStudio32/bin/13.2 Rel1/bin/../lib/gcc/arm-none-eabi/13.2.1/thumb/v7e-m/nofp/crtn.o
 *crtbegin.o(.ctors)
 *crtbegin?.o(.ctors)
 *(EXCLUDE_FILE(*crtend.o *crtend?.o) .ctors)
 *(SORT_BY_NAME(.ctors.*))
 *(.ctors)
 *crtbegin.o(.dtors)
 *crtbegin?.o(.dtors)
 *(EXCLUDE_FILE(*crtend.o *crtend?.o) .dtors)
 *(SORT_BY_NAME(.dtors.*))
 *(.dtors)
 *(.rodata*)
 .rodata.Sensor_FillFromDrivers.str1.4
                0x00009304     0x2285 ./Main/Tiremo_Process/sensor.o
                                 0x53 (size before relaxing)
 .rodata.Sensor_LEDTest.str1.4
                0x0000b589       0x8d ./Main/Tiremo_Process/sensor.o
 .rodata.Sensor_TestAll.str1.4
                0x0000b589      0x1fa ./Main/Tiremo_Process/sensor.o
 .rodata.Sensor_FormatJSON.str1.4
                0x0000b589       0x59 ./Main/Tiremo_Process/sensor.o
 .rodata.Sensor_FormatAlarmJSON.str1.4
                0x0000b589      0x248 ./Main/Tiremo_Process/sensor.o
 .rodata.TiremoApp_PrintBanner.str1.4
                0x0000b589       0xbd ./Main/Tiremo_Process/tiremo_app.o
 .rodata.TiremoApp_Init.str1.4
                0x0000b589       0x22 ./Main/Tiremo_Process/tiremo_app.o
 .rodata.TiremoAppNet_InitAndConnect.str1.4
                0x0000b589      0x371 ./Main/Tiremo_Process/tiremo_app_net.o
 .rodata.TiremoAppNet_PublishCycle.str1.4
                0x0000b589       0x56 ./Main/Tiremo_Process/tiremo_app_net.o
 .rodata.shadow_publish_reported.str1.4
                0x0000b589       0x22 ./Main/Tiremo_Process/tiremo_shadow.o
 .rodata.shadow_apply_light.str1.4
                0x0000b589       0x57 ./Main/Tiremo_Process/tiremo_shadow.o
 .rodata.shadow_apply_delta.str1.4
                0x0000b589       0x5e ./Main/Tiremo_Process/tiremo_shadow.o
 .rodata.TiremoShadow_Init.str1.4
                0x0000b589       0x2b ./Main/Tiremo_Process/tiremo_shadow.o
 .rodata.TiremoShadow_OnConnected.str1.4
                0x0000b589       0xa3 ./Main/Tiremo_Process/tiremo_shadow.o
 .rodata.TiremoShadow_GetPubTopic.str1.4
                0x0000b589       0x28 ./Main/Tiremo_Process/tiremo_shadow.o
 .rodata.TiremoShadow_GetAlarmTopic.str1.4
                0x0000b589       0x24 ./Main/Tiremo_Process/tiremo_shadow.o
 *fill*         0x0000b589        0x3 
 .rodata.s_handlers.0
                0x0000b58c        0x8 ./Main/Tiremo/microphone/app/tiremo_mic_app.o
 .rodata.s_ledPinMap
                0x0000b594       0x14 ./Main/Tiremo/led/bsp/tiremo_led_bsp.o
 .rodata.TIREMO_ESP32_BSP_SendAtCommand.str1.4
                0x0000b5a8        0x3 ./Main/Tiremo/esp32/bsp/tiremo_esp32_bsp.o
 .rodata.TIREMO_ESP32_App_TryAtOnce.str1.4
                0x0000b5a8        0x3 ./Main/Tiremo/esp32/app/tiremo_esp32_app.o
 .rodata.TIREMO_ESP32_App_RunAtTest.str1.4
                0x0000b5a8       0x2f ./Main/Tiremo/esp32/app/tiremo_esp32_app.o
 .rodata.TIREMO_ESP32_App_RunAtTestWithRecovery.str1.4
                0x0000b5a8       0x19 ./Main/Tiremo/esp32/app/tiremo_esp32_app.o
 .rodata.s_btnPinMap
                0x0000b5a8        0x2 ./Main/Tiremo/button/bsp/tiremo_button_bsp.o
 .rodata.DebugFramework_PutsLine.str1.4
                0x0000b5aa        0x3 ./Main/Tiremo/DebugLibrary/debug_framework.o
 .rodata.fleet_at_sync.str1.4
                0x0000b5aa        0x5 ./Main/Mqtt_Library/cert_Lib/mqtt_cert_provision.o
 .rodata.fleet_extract_json_string.str1.4
                0x0000b5aa        0x7 ./Main/Mqtt_Library/cert_Lib/mqtt_cert_provision.o
 .rodata.fleet_extract_payloads.str1.4
                0x0000b5aa       0x69 ./Main/Mqtt_Library/cert_Lib/mqtt_cert_provision.o
 .rodata.fleet_wait_subrecv.str1.4
                0x0000b5aa       0xfa ./Main/Mqtt_Library/cert_Lib/mqtt_cert_provision.o
 .rodata.fleet_pub_and_collect.str1.4
                0x0000b5aa       0x3a ./Main/Mqtt_Library/cert_Lib/mqtt_cert_provision.o
 .rodata.MqttFleet_IsProvisioned.str1.4
                0x0000b5aa       0xc1 ./Main/Mqtt_Library/cert_Lib/mqtt_cert_provision.o
 .rodata.fleet_set_provisioned_marker.str1.4
                0x0000b5aa       0x5f ./Main/Mqtt_Library/cert_Lib/mqtt_cert_provision.o
 .rodata.MqttFleet_UploadBootstrap.str1.4
                0x0000b5aa       0x9c ./Main/Mqtt_Library/cert_Lib/mqtt_cert_provision.o
 .rodata.MqttFleet_Run.str1.4
                0x0000b5aa      0x648 ./Main/Mqtt_Library/cert_Lib/mqtt_cert_provision.o
 *fill*         0x0000b5aa        0x2 
 .rodata.s_tag.0
                0x0000b5ac        0xe ./Main/Mqtt_Library/cert_Lib/mqtt_cert_provision.o
 .rodata.MqttCerts_GetRootCA.str1.4
                0x0000b5ba        0x1 ./Main/Mqtt_Library/cert_Lib/mqtt_certs.o
 .rodata.str1.4
                0x0000b5ba       0x31 ./Main/Mqtt_Library/cert_Lib/mqtt_certs.o
 .rodata.mqtt_connect_broker_internal.str1.4
                0x0000b5ba       0x13 ./Main/Mqtt_Library/EMPA_MqttAws.o
 .rodata.str1.4
                0x0000b5ba       0x52 ./Main/Mqtt_Library/EMPA_MqttAws.o
 .rodata.wifi_sysmfg_write_binary.str1.4
                0x0000b5ba       0x1d ./Main/Mqtt_Library/mqtt_core.o
 .rodata.Wifi_Reset2.str1.4
                0x0000b5ba       0x16 ./Main/Mqtt_Library/mqtt_core.o
 .rodata.Wifi_SetWifiMode2.str1.4
                0x0000b5ba        0xf ./Main/Mqtt_Library/mqtt_core.o
 .rodata.Wifi_StartSmartConfig2.str1.4
                0x0000b5ba       0x12 ./Main/Mqtt_Library/mqtt_core.o
 .rodata.Wifi_StopSmartConfig2.str1.4
                0x0000b5ba       0x11 ./Main/Mqtt_Library/mqtt_core.o
 .rodata.Wifi_QAP2.str1.4
                0x0000b5ba        0xb ./Main/Mqtt_Library/mqtt_core.o
 .rodata.Wifi_SetAP2.str1.4
                0x0000b5ba       0x24 ./Main/Mqtt_Library/mqtt_core.o
 .rodata.Wifi_SetTime2.str1.4
                0x0000b5ba       0x24 ./Main/Mqtt_Library/mqtt_core.o
 .rodata.Wifi_MqttUserConfig2.str1.4
                0x0000b5ba       0x2e ./Main/Mqtt_Library/mqtt_core.o
 .rodata.Wifi_MqttCertsUpload2.str1.4
                0x0000b5ba       0xef ./Main/Mqtt_Library/mqtt_core.o
 .rodata.Wifi_MqttSni2.str1.4
                0x0000b5ba       0x14 ./Main/Mqtt_Library/mqtt_core.o
 .rodata.Wifi_MqttConnConfig2.str1.4
                0x0000b5ba       0x2d ./Main/Mqtt_Library/mqtt_core.o
 .rodata.Wifi_MqttConn2.str1.4
                0x0000b5ba       0x1b ./Main/Mqtt_Library/mqtt_core.o
 .rodata.Wifi_GetMqttConn2.str1.4
                0x0000b5ba        0xf ./Main/Mqtt_Library/mqtt_core.o
 .rodata.Wifi_MqttClean2.str1.4
                0x0000b5ba       0x11 ./Main/Mqtt_Library/mqtt_core.o
 .rodata.Wifi_MqttSub2.str1.4
                0x0000b5ba       0x33 ./Main/Mqtt_Library/mqtt_core.o
 .rodata.Wifi_MqttPubRaw2.str1.4
                0x0000b5ba       0x20 ./Main/Mqtt_Library/mqtt_core.o
 .rodata.parse_wifi_info.str1.4
                0x0000b5ba       0x12 ./Main/Mqtt_Library/mqtt_core.o
 .rodata.MQTT_Init.str1.4
                0x0000b5ba      0x3db ./Main/Mqtt_Library/mqtt_core.o
 .rodata.str1.4
                0x0000b5ba      0x134 ./Main/Mqtt_Library/mqtt_core.o
 *fill*         0x0000b5ba        0x2 
 .rodata.abov_port
                0x0000b5bc       0x30 ./Main/Mqtt_Library/mqtt_port_abov.o
 .rodata.gpio_map
                0x0000b5ec        0x8 ./Main/Mqtt_Library/mqtt_port_abov.o
 .rodata.shadow_extract_payloads.str1.4
                0x0000b5f4        0xe ./Main/Mqtt_Library/mqtt_shadow.o
 .rodata.MqttShadow_ExtractInt.str1.4
                0x0000b5f4        0x6 ./Main/Mqtt_Library/mqtt_shadow.o
 .rodata.MqttShadow_ExtractBool.str1.4
                0x0000b5f4        0xe ./Main/Mqtt_Library/mqtt_shadow.o
 .rodata.MqttShadow_FindObject.str1.4
                0x0000b5f4        0xd ./Main/Mqtt_Library/mqtt_shadow.o
 .rodata.shadow_dispatch_payload.str1.4
                0x0000b5f4       0xd5 ./Main/Mqtt_Library/mqtt_shadow.o
 .rodata.shadow_poll_internal.str1.4
                0x0000b5f4       0x50 ./Main/Mqtt_Library/mqtt_shadow.o
 .rodata.MqttShadow_Subscribe.str1.4
                0x0000b5f4      0x276 ./Main/Mqtt_Library/mqtt_shadow.o
 .rodata.MqttShadow_RequestGet.str1.4
                0x0000b5f4       0x6c ./Main/Mqtt_Library/mqtt_shadow.o
 .rodata.MqttShadow_PublishReported.str1.4
                0x0000b5f4       0xb5 ./Main/Mqtt_Library/mqtt_shadow.o
 .rodata.s_tag.0
                0x0000b5f4        0xe ./Main/Mqtt_Library/mqtt_shadow.o
 *fill*         0x0000b602        0x2 
 .rodata        0x0000b604        0x9 ./Main/prv_scu_clk.o
 *fill*         0x0000b60d        0x3 
 .rodata        0x0000b610       0x14 ./Main/user_uart.o
 .rodata._svfprintf_r.str1.1
                0x0000b624       0x33 C:/Program Files (x86)/ABOV/eMStudio32/bin/13.2 Rel1/bin/../lib/gcc/arm-none-eabi/13.2.1/thumb/v7e-m/nofp\libg_nano.a(libc_a-nano-svfprintf.o)
                                 0x11 (size before relaxing)
 .rodata._printf_i.str1.1
                0x0000b657       0x22 C:/Program Files (x86)/ABOV/eMStudio32/bin/13.2 Rel1/bin/../lib/gcc/arm-none-eabi/13.2.1/thumb/v7e-m/nofp\libg_nano.a(libc_a-nano-vfprintf_i.o)
 *(.eh_frame*)
 *fill*         0x0000b657        0x1 
 .eh_frame      0x0000b658        0x0 C:/Program Files (x86)/ABOV/eMStudio32/bin/13.2 Rel1/bin/../lib/gcc/arm-none-eabi/13.2.1/thumb/v7e-m/nofp/crtbegin.o
 .eh_frame      0x0000b658       0x28 C:/Program Files (x86)/ABOV/eMStudio32/bin/13.2 Rel1/bin/../lib/gcc/arm-none-eabi/13.2.1/thumb/v7e-m/nofp\libg_nano.a(libc_a-strlen.o)
 .eh_frame      0x0000b680       0x50 C:/Program Files (x86)/ABOV/eMStudio32/bin/13.2 Rel1/bin/../lib/gcc/arm-none-eabi/13.2.1/thumb/v7e-m/nofp\libg_nano.a(libc_a-memchr.o)
 .eh_frame      0x0000b6d0        0x4 C:/Program Files (x86)/ABOV/eMStudio32/bin/13.2 Rel1/bin/../lib/gcc/arm-none-eabi/13.2.1/thumb/v7e-m/nofp/crtend.o

.glue_7         0x0000b6d4        0x0
 .glue_7        0x0000b6d4        0x0 linker stubs

.glue_7t        0x0000b6d4        0x0
 .glue_7t       0x0000b6d4        0x0 linker stubs

.vfp11_veneer   0x0000b6d4        0x0
 .vfp11_veneer  0x0000b6d4        0x0 linker stubs

.v4_bx          0x0000b6d4        0x0
 .v4_bx         0x0000b6d4        0x0 linker stubs

.iplt           0x0000b6d4        0x0
 .iplt          0x0000b6d4        0x0 C:/Program Files (x86)/ABOV/eMStudio32/bin/13.2 Rel1/bin/../lib/gcc/arm-none-eabi/13.2.1/thumb/v7e-m/nofp/crtbegin.o

.cert_flash     0x0000b800     0x1000
                0x0000b800                        __cert_flash_start__ = .
 *(.cert_flash)
 .cert_flash    0x0000b800      0xffd ./Main/Mqtt_Library/cert_Lib/mqtt_certs.o
                0x0000c800                        . = ALIGN (0x200)
 *fill*         0x0000c7fd        0x3 
                0x0000c800                        __cert_flash_end__ = .

.ARM.extab
 *(.ARM.extab* .gnu.linkonce.armextab.*)
                0x0000c800                        __exidx_start = .

.ARM.exidx      0x0000c800        0x8
 *(.ARM.exidx* .gnu.linkonce.armexidx.*)
 .ARM.exidx     0x0000c800        0x8 C:/Program Files (x86)/ABOV/eMStudio32/bin/13.2 Rel1/bin/../lib/gcc/arm-none-eabi/13.2.1/thumb/v7e-m/nofp/crt0.o
                                 0x10 (size before relaxing)
 .ARM.exidx.text.__udivmoddi4
                0x0000c808        0x0 C:/Program Files (x86)/ABOV/eMStudio32/bin/13.2 Rel1/bin/../lib/gcc/arm-none-eabi/13.2.1/thumb/v7e-m/nofp\libgcc.a(_udivmoddi4.o)
                                  0x8 (size before relaxing)
 .ARM.exidx     0x0000c808        0x0 C:/Program Files (x86)/ABOV/eMStudio32/bin/13.2 Rel1/bin/../lib/gcc/arm-none-eabi/13.2.1/thumb/v7e-m/nofp\libg_nano.a(libc_a-strlen.o)
                                  0x8 (size before relaxing)
 .ARM.exidx     0x0000c808        0x0 C:/Program Files (x86)/ABOV/eMStudio32/bin/13.2 Rel1/bin/../lib/gcc/arm-none-eabi/13.2.1/thumb/v7e-m/nofp\libg_nano.a(libc_a-memchr.o)
                                  0x8 (size before relaxing)
                0x0000c808                        __exidx_end = .
                0x0000c808                        __ram_func = .

.rel.dyn        0x0000c808        0x0
 .rel.iplt      0x0000c808        0x0 C:/Program Files (x86)/ABOV/eMStudio32/bin/13.2 Rel1/bin/../lib/gcc/arm-none-eabi/13.2.1/thumb/v7e-m/nofp/crtbegin.o

.code_section_on_ram
                0x20000000        0x0 load address 0x0000c808
                0x20000000                        __code_section_on_ram_start__ = .
 *(.code_section_on_ram*)
                0x20000000                        __code_section_on_ram_end__ = .
                0x20000000                        . = ALIGN (0x4)

.copy.table     0x0000c808       0x18
                0x0000c808                        . = ALIGN (0x4)
                0x0000c808                        __copy_table_start__ = .
                0x0000c808        0x4 LONG 0xc820 __etext
                0x0000c80c        0x4 LONG 0x20000000 __data_start__
                0x0000c810        0x4 LONG 0x5a ((__data_end__ - __data_start__) / 0x4)
                0x0000c814        0x4 LONG 0xc808 __ram_func
                0x0000c818        0x4 LONG 0x20000000 __code_section_on_ram_start__
                0x0000c81c        0x4 LONG 0x0 ((__code_section_on_ram_end__ - __code_section_on_ram_start__) / 0x4)
                0x0000c820                        __copy_table_end__ = .

.zero.table     0x0000c820        0x0
                0x0000c820                        . = ALIGN (0x4)
                0x0000c820                        __zero_table_start__ = .
                0x0000c820                        __zero_table_end__ = .
                0x0000c820                        __etext = ALIGN (0x4)

.data           0x20000000      0x168 load address 0x0000c820
                0x20000000                        __data_start__ = .
 *(vtable)
 *(.data)
 *(.data.*)
 .data.s_volume
                0x20000000        0x4 ./Main/Tiremo/microphone/app/tiremo_mic_app.o
 .data.s_sampleRateHz
                0x20000004        0x4 ./Main/Tiremo/microphone/app/tiremo_mic_app.o
 .data.s_eLis2de12I2cId
                0x20000008        0x1 ./Main/Tiremo/lis2de12tr/bsp/lib/tiremo_lis2de12tr_driver.o
 *fill*         0x20000009        0x3 
 .data.s_slots  0x2000000c       0x3c ./Main/Mqtt_Library/cert_Lib/mqtt_certs.o
 .data.mqttConfig
                0x20000048       0xa0 ./Main/Mqtt_Library/EMPA_MqttAws.o
                0x20000048                mqttConfig
 .data.RESP_FAIL
                0x200000e8        0x4 ./Main/Mqtt_Library/mqtt_core.o
                0x200000e8                RESP_FAIL
 .data.RESP_PUB_RAW_OK
                0x200000ec        0x4 ./Main/Mqtt_Library/mqtt_core.o
                0x200000ec                RESP_PUB_RAW_OK
 .data.RESP_BUSY
                0x200000f0        0x4 ./Main/Mqtt_Library/mqtt_core.o